<?xml version="1.0" encoding="ISO-8859-1" ?>
<link_info>
   <banner>TMS320C2000 Linker PC v22.6.1.LTS</banner>
   <copyright>Copyright (c) 1996-2018 Texas Instruments Incorporated</copyright>
   <link_time>0x6808c417</link_time>
   <link_errors>0x0</link_errors>
   <output_file>dummy_PWM_H2.out</output_file>
   <entry_point>
      <name>_c_int00</name>
      <address>0xad0f</address>
   </entry_point>
   <input_file_list>
      <input_file id="fl-2">
         <path>.\</path>
         <kind>object</kind>
         <file>f28002x_adc.obj</file>
         <name>f28002x_adc.obj</name>
      </input_file>
      <input_file id="fl-3">
         <path>.\</path>
         <kind>object</kind>
         <file>f28002x_codestartbranch.obj</file>
         <name>f28002x_codestartbranch.obj</name>
      </input_file>
      <input_file id="fl-4">
         <path>.\</path>
         <kind>object</kind>
         <file>f28002x_cputimers.obj</file>
         <name>f28002x_cputimers.obj</name>
      </input_file>
      <input_file id="fl-5">
         <path>.\</path>
         <kind>object</kind>
         <file>f28002x_defaultisr.obj</file>
         <name>f28002x_defaultisr.obj</name>
      </input_file>
      <input_file id="fl-6">
         <path>.\</path>
         <kind>object</kind>
         <file>f28002x_epwm.obj</file>
         <name>f28002x_epwm.obj</name>
      </input_file>
      <input_file id="fl-7">
         <path>.\</path>
         <kind>object</kind>
         <file>f28002x_globalvariabledefs.obj</file>
         <name>f28002x_globalvariabledefs.obj</name>
      </input_file>
      <input_file id="fl-8">
         <path>.\</path>
         <kind>object</kind>
         <file>f28002x_gpio.obj</file>
         <name>f28002x_gpio.obj</name>
      </input_file>
      <input_file id="fl-9">
         <path>.\</path>
         <kind>object</kind>
         <file>f28002x_piectrl.obj</file>
         <name>f28002x_piectrl.obj</name>
      </input_file>
      <input_file id="fl-a">
         <path>.\</path>
         <kind>object</kind>
         <file>f28002x_pievect.obj</file>
         <name>f28002x_pievect.obj</name>
      </input_file>
      <input_file id="fl-b">
         <path>.\</path>
         <kind>object</kind>
         <file>f28002x_spi.obj</file>
         <name>f28002x_spi.obj</name>
      </input_file>
      <input_file id="fl-c">
         <path>.\</path>
         <kind>object</kind>
         <file>f28002x_sysctrl.obj</file>
         <name>f28002x_sysctrl.obj</name>
      </input_file>
      <input_file id="fl-d">
         <path>.\</path>
         <kind>object</kind>
         <file>f28002x_usdelay.obj</file>
         <name>f28002x_usdelay.obj</name>
      </input_file>
      <input_file id="fl-e">
         <path>.\</path>
         <kind>object</kind>
         <file>functions.obj</file>
         <name>functions.obj</name>
      </input_file>
      <input_file id="fl-f">
         <path>.\</path>
         <kind>object</kind>
         <file>main.obj</file>
         <name>main.obj</name>
      </input_file>
      <input_file id="fl-14">
         <kind>object</kind>
         <file>&lt;internal&gt;</file>
         <name>&lt;internal&gt;</name>
      </input_file>
      <input_file id="fl-20">
         <path>E:\ti\ccs1271\ccs\tools\compiler\ti-cgt-c2000_22.6.1.LTS\lib\</path>
         <kind>archive</kind>
         <file>rts2800_fpu32_eabi.lib</file>
         <name>boot28.asm.obj</name>
      </input_file>
      <input_file id="fl-21">
         <path>E:\ti\ccs1271\ccs\tools\compiler\ti-cgt-c2000_22.6.1.LTS\lib\</path>
         <kind>archive</kind>
         <file>rts2800_fpu32_eabi.lib</file>
         <name>ll_cmp28.asm.obj</name>
      </input_file>
      <input_file id="fl-22">
         <path>E:\ti\ccs1271\ccs\tools\compiler\ti-cgt-c2000_22.6.1.LTS\lib\</path>
         <kind>archive</kind>
         <file>rts2800_fpu32_eabi.lib</file>
         <name>fd_tofsfpu32.asm.obj</name>
      </input_file>
      <input_file id="fl-23">
         <path>E:\ti\ccs1271\ccs\tools\compiler\ti-cgt-c2000_22.6.1.LTS\lib\</path>
         <kind>archive</kind>
         <file>rts2800_fpu32_eabi.lib</file>
         <name>pre_init.c.obj</name>
      </input_file>
      <input_file id="fl-24">
         <path>E:\ti\ccs1271\ccs\tools\compiler\ti-cgt-c2000_22.6.1.LTS\lib\</path>
         <kind>archive</kind>
         <file>rts2800_fpu32_eabi.lib</file>
         <name>autoinit.c.obj</name>
      </input_file>
      <input_file id="fl-25">
         <path>E:\ti\ccs1271\ccs\tools\compiler\ti-cgt-c2000_22.6.1.LTS\lib\</path>
         <kind>archive</kind>
         <file>rts2800_fpu32_eabi.lib</file>
         <name>copy_zero_init.c.obj</name>
      </input_file>
      <input_file id="fl-26">
         <path>E:\ti\ccs1271\ccs\tools\compiler\ti-cgt-c2000_22.6.1.LTS\lib\</path>
         <kind>archive</kind>
         <file>rts2800_fpu32_eabi.lib</file>
         <name>copy_decompress_none.c.obj</name>
      </input_file>
      <input_file id="fl-27">
         <path>E:\ti\ccs1271\ccs\tools\compiler\ti-cgt-c2000_22.6.1.LTS\lib\</path>
         <kind>archive</kind>
         <file>rts2800_fpu32_eabi.lib</file>
         <name>copy_decompress_lzss.c.obj</name>
      </input_file>
      <input_file id="fl-28">
         <path>E:\ti\ccs1271\ccs\tools\compiler\ti-cgt-c2000_22.6.1.LTS\lib\</path>
         <kind>archive</kind>
         <file>rts2800_fpu32_eabi.lib</file>
         <name>exit.c.obj</name>
      </input_file>
      <input_file id="fl-29">
         <path>E:\ti\ccs1271\ccs\tools\compiler\ti-cgt-c2000_22.6.1.LTS\lib\</path>
         <kind>archive</kind>
         <file>rts2800_fpu32_eabi.lib</file>
         <name>_lock.c.obj</name>
      </input_file>
      <input_file id="fl-2a">
         <path>E:\ti\ccs1271\ccs\tools\compiler\ti-cgt-c2000_22.6.1.LTS\lib\</path>
         <kind>archive</kind>
         <file>rts2800_fpu32_eabi.lib</file>
         <name>args_main.c.obj</name>
      </input_file>
      <input_file id="fl-2b">
         <path>E:\ti\ccs1271\ccs\tools\compiler\ti-cgt-c2000_22.6.1.LTS\lib\</path>
         <kind>archive</kind>
         <file>rts2800_fpu32_eabi.lib</file>
         <name>memset.c.obj</name>
      </input_file>
      <input_file id="fl-2c">
         <path>E:\ti\ccs1271\ccs\tools\compiler\ti-cgt-c2000_22.6.1.LTS\lib\</path>
         <kind>archive</kind>
         <file>rts2800_fpu32_eabi.lib</file>
         <name>cpy_tbl.c.obj</name>
      </input_file>
      <input_file id="fl-2d">
         <path>E:\ti\ccs1271\ccs\tools\compiler\ti-cgt-c2000_22.6.1.LTS\lib\</path>
         <kind>archive</kind>
         <file>rts2800_fpu32_eabi.lib</file>
         <name>memcpy.c.obj</name>
      </input_file>
      <input_file id="fl-2e">
         <path>E:\ti\ccs1271\ccs\tools\compiler\ti-cgt-c2000_22.6.1.LTS\lib\</path>
         <kind>archive</kind>
         <file>rts2800_fpu32_eabi.lib</file>
         <name>startup.c.obj</name>
      </input_file>
   </input_file_list>
   <object_component_list>
      <object_component id="oc-39e">
         <name>.text:update_ADC</name>
         <load_address>0xa3e2</load_address>
         <run_address>0xa3e2</run_address>
         <size>0x180</size>
         <input_file_ref idref="fl-e"/>
      </object_component>
      <object_component id="oc-398">
         <name>.text:Select_Mode</name>
         <load_address>0xa562</load_address>
         <run_address>0xa562</run_address>
         <size>0x108</size>
         <input_file_ref idref="fl-e"/>
      </object_component>
      <object_component id="oc-476">
         <name>.text:InitSysPll</name>
         <load_address>0xa66a</load_address>
         <run_address>0xa66a</run_address>
         <size>0xe6</size>
         <input_file_ref idref="fl-c"/>
      </object_component>
      <object_component id="oc-51c">
         <name>.text:IsPLLValid</name>
         <load_address>0xa750</load_address>
         <run_address>0xa750</run_address>
         <size>0xa7</size>
         <input_file_ref idref="fl-c"/>
      </object_component>
      <object_component id="oc-565">
         <name>.text:ComputeCntrSeedValue</name>
         <load_address>0xa7f7</load_address>
         <run_address>0xa7f7</run_address>
         <size>0x90</size>
         <input_file_ref idref="fl-c"/>
      </object_component>
      <object_component id="oc-38c">
         <name>.text:pwm_config</name>
         <load_address>0xa887</load_address>
         <run_address>0xa887</run_address>
         <size>0x87</size>
         <input_file_ref idref="fl-e"/>
      </object_component>
      <object_component id="oc-37a">
         <name>.text:adc_config</name>
         <load_address>0xa90e</load_address>
         <run_address>0xa90e</run_address>
         <size>0x81</size>
         <input_file_ref idref="fl-e"/>
      </object_component>
      <object_component id="oc-12c">
         <name>.text:main</name>
         <load_address>0xa98f</load_address>
         <run_address>0xa98f</run_address>
         <size>0x76</size>
         <input_file_ref idref="fl-f"/>
      </object_component>
      <object_component id="oc-3a4">
         <name>.text:Current_Control_H2</name>
         <load_address>0xaa05</load_address>
         <run_address>0xaa05</run_address>
         <size>0x4e</size>
         <input_file_ref idref="fl-e"/>
      </object_component>
      <object_component id="oc-47c">
         <name>.text:InitPeripheralClocks</name>
         <load_address>0xaa53</load_address>
         <run_address>0xaa53</run_address>
         <size>0x4d</size>
         <input_file_ref idref="fl-c"/>
      </object_component>
      <object_component id="oc-392">
         <name>.text:pwm_compare_1_config</name>
         <load_address>0xaaa0</load_address>
         <run_address>0xaaa0</run_address>
         <size>0x4d</size>
         <input_file_ref idref="fl-e"/>
      </object_component>
      <object_component id="oc-35c">
         <name>.text:InitGpio</name>
         <load_address>0xaaed</load_address>
         <run_address>0xaaed</run_address>
         <size>0x4c</size>
         <input_file_ref idref="fl-8"/>
      </object_component>
      <object_component id="oc-36e">
         <name>.text:SCIA_config</name>
         <load_address>0xab39</load_address>
         <run_address>0xab39</run_address>
         <size>0x3a</size>
         <input_file_ref idref="fl-e"/>
      </object_component>
      <object_component id="oc-386">
         <name>.text:H2_config_GPIO</name>
         <load_address>0xab73</load_address>
         <run_address>0xab73</run_address>
         <size>0x33</size>
         <input_file_ref idref="fl-e"/>
      </object_component>
      <object_component id="oc-82">
         <name>.text:decompress:lzss</name>
         <load_address>0xaba6</load_address>
         <run_address>0xaba6</run_address>
         <size>0x30</size>
         <input_file_ref idref="fl-27"/>
      </object_component>
      <object_component id="oc-423">
         <name>.text:__TI_auto_init_nobinit_nopinit</name>
         <load_address>0xabd6</load_address>
         <run_address>0xabd6</run_address>
         <size>0x2b</size>
         <input_file_ref idref="fl-24"/>
      </object_component>
      <object_component id="oc-380">
         <name>.text:lock_pwm_pin</name>
         <load_address>0xac01</load_address>
         <run_address>0xac01</run_address>
         <size>0x29</size>
         <input_file_ref idref="fl-e"/>
      </object_component>
      <object_component id="oc-31e">
         <name>.text</name>
         <load_address>0xac2a</load_address>
         <run_address>0xac2a</run_address>
         <size>0x29</size>
         <input_file_ref idref="fl-28"/>
      </object_component>
      <object_component id="oc-368">
         <name>.text:InitPieVectTable</name>
         <load_address>0xac53</load_address>
         <run_address>0xac53</run_address>
         <size>0x25</size>
         <input_file_ref idref="fl-a"/>
      </object_component>
      <object_component id="oc-510">
         <name>.text:SysXtalOscSel</name>
         <load_address>0xac78</load_address>
         <run_address>0xac78</run_address>
         <size>0x20</size>
         <input_file_ref idref="fl-c"/>
      </object_component>
      <object_component id="oc-126">
         <name>.text:TIMER0_ISR</name>
         <load_address>0xac98</load_address>
         <run_address>0xac98</run_address>
         <size>0x20</size>
         <input_file_ref idref="fl-5"/>
      </object_component>
      <object_component id="oc-362">
         <name>.text:InitPieCtrl</name>
         <load_address>0xacb8</load_address>
         <run_address>0xacb8</run_address>
         <size>0x1f</size>
         <input_file_ref idref="fl-9"/>
      </object_component>
      <object_component id="oc-2fd">
         <name>.text</name>
         <load_address>0xacd7</load_address>
         <run_address>0xacd7</run_address>
         <size>0x1d</size>
         <input_file_ref idref="fl-2d"/>
      </object_component>
      <object_component id="oc-557">
         <name>.text:PollX1Counter</name>
         <load_address>0xacf4</load_address>
         <run_address>0xacf4</run_address>
         <size>0x1b</size>
         <input_file_ref idref="fl-c"/>
      </object_component>
      <object_component id="oc-8f">
         <name>.text</name>
         <load_address>0xad0f</load_address>
         <run_address>0xad0f</run_address>
         <size>0x17</size>
         <input_file_ref idref="fl-20"/>
      </object_component>
      <object_component id="oc-374">
         <name>.text:timer0_config</name>
         <load_address>0xad26</load_address>
         <run_address>0xad26</run_address>
         <size>0x16</size>
         <input_file_ref idref="fl-e"/>
      </object_component>
      <object_component id="oc-516">
         <name>.text:SysXtalOscSESel</name>
         <load_address>0xad3c</load_address>
         <run_address>0xad3c</run_address>
         <size>0x15</size>
         <input_file_ref idref="fl-c"/>
      </object_component>
      <object_component id="oc-356">
         <name>.text:InitSysCtrl</name>
         <load_address>0xad51</load_address>
         <run_address>0xad51</run_address>
         <size>0x14</size>
         <input_file_ref idref="fl-c"/>
      </object_component>
      <object_component id="oc-470">
         <name>.text:DisableDog</name>
         <load_address>0xad65</load_address>
         <run_address>0xad65</run_address>
         <size>0xd</size>
         <input_file_ref idref="fl-c"/>
      </object_component>
      <object_component id="oc-2ee">
         <name>.text:EMPTY_ISR</name>
         <load_address>0xad72</load_address>
         <run_address>0xad72</run_address>
         <size>0xd</size>
         <input_file_ref idref="fl-5"/>
      </object_component>
      <object_component id="oc-305">
         <name>.text:decompress:ZI:__TI_zero_init_nomemset</name>
         <load_address>0xad7f</load_address>
         <run_address>0xad7f</run_address>
         <size>0xd</size>
         <input_file_ref idref="fl-25"/>
      </object_component>
      <object_component id="oc-318">
         <name>.text</name>
         <load_address>0xad8c</load_address>
         <run_address>0xad8c</run_address>
         <size>0xc</size>
         <input_file_ref idref="fl-2a"/>
      </object_component>
      <object_component id="oc-10e">
         <name>.text:ADCA1_ISR</name>
         <load_address>0xad98</load_address>
         <run_address>0xad98</run_address>
         <size>0xa</size>
         <input_file_ref idref="fl-5"/>
      </object_component>
      <object_component id="oc-228">
         <name>.text:ADCA2_ISR</name>
         <load_address>0xada2</load_address>
         <run_address>0xada2</run_address>
         <size>0xa</size>
         <input_file_ref idref="fl-5"/>
      </object_component>
      <object_component id="oc-22e">
         <name>.text:ADCA3_ISR</name>
         <load_address>0xadac</load_address>
         <run_address>0xadac</run_address>
         <size>0xa</size>
         <input_file_ref idref="fl-5"/>
      </object_component>
      <object_component id="oc-234">
         <name>.text:ADCA4_ISR</name>
         <load_address>0xadb6</load_address>
         <run_address>0xadb6</run_address>
         <size>0xa</size>
         <input_file_ref idref="fl-5"/>
      </object_component>
      <object_component id="oc-222">
         <name>.text:ADCA_EVT_ISR</name>
         <load_address>0xadc0</load_address>
         <run_address>0xadc0</run_address>
         <size>0xa</size>
         <input_file_ref idref="fl-5"/>
      </object_component>
      <object_component id="oc-114">
         <name>.text:ADCC1_ISR</name>
         <load_address>0xadca</load_address>
         <run_address>0xadca</run_address>
         <size>0xa</size>
         <input_file_ref idref="fl-5"/>
      </object_component>
      <object_component id="oc-2be">
         <name>.text:ADCC2_ISR</name>
         <load_address>0xadd4</load_address>
         <run_address>0xadd4</run_address>
         <size>0xa</size>
         <input_file_ref idref="fl-5"/>
      </object_component>
      <object_component id="oc-2c4">
         <name>.text:ADCC3_ISR</name>
         <load_address>0xadde</load_address>
         <run_address>0xadde</run_address>
         <size>0xa</size>
         <input_file_ref idref="fl-5"/>
      </object_component>
      <object_component id="oc-2ca">
         <name>.text:ADCC4_ISR</name>
         <load_address>0xade8</load_address>
         <run_address>0xade8</run_address>
         <size>0xa</size>
         <input_file_ref idref="fl-5"/>
      </object_component>
      <object_component id="oc-2b8">
         <name>.text:ADCC_EVT_ISR</name>
         <load_address>0xadf2</load_address>
         <run_address>0xadf2</run_address>
         <size>0xa</size>
         <input_file_ref idref="fl-5"/>
      </object_component>
      <object_component id="oc-2ac">
         <name>.text:BGCRC_ISR</name>
         <load_address>0xadfc</load_address>
         <run_address>0xadfc</run_address>
         <size>0xa</size>
         <input_file_ref idref="fl-5"/>
      </object_component>
      <object_component id="oc-216">
         <name>.text:CANA0_ISR</name>
         <load_address>0xae06</load_address>
         <run_address>0xae06</run_address>
         <size>0xa</size>
         <input_file_ref idref="fl-5"/>
      </object_component>
      <object_component id="oc-21c">
         <name>.text:CANA1_ISR</name>
         <load_address>0xae10</load_address>
         <run_address>0xae10</run_address>
         <size>0xa</size>
         <input_file_ref idref="fl-5"/>
      </object_component>
      <object_component id="oc-1aa">
         <name>.text:CLB1_ISR</name>
         <load_address>0xae1a</load_address>
         <run_address>0xae1a</run_address>
         <size>0xa</size>
         <input_file_ref idref="fl-5"/>
      </object_component>
      <object_component id="oc-1b0">
         <name>.text:CLB2_ISR</name>
         <load_address>0xae24</load_address>
         <run_address>0xae24</run_address>
         <size>0xa</size>
         <input_file_ref idref="fl-5"/>
      </object_component>
      <object_component id="oc-a8">
         <name>.text:DATALOG_ISR</name>
         <load_address>0xae2e</load_address>
         <run_address>0xae2e</run_address>
         <size>0xa</size>
         <input_file_ref idref="fl-5"/>
      </object_component>
      <object_component id="oc-282">
         <name>.text:DCC0_ISR</name>
         <load_address>0xae38</load_address>
         <run_address>0xae38</run_address>
         <size>0xa</size>
         <input_file_ref idref="fl-5"/>
      </object_component>
      <object_component id="oc-2a6">
         <name>.text:DCC1_ISR</name>
         <load_address>0xae42</load_address>
         <run_address>0xae42</run_address>
         <size>0xa</size>
         <input_file_ref idref="fl-5"/>
      </object_component>
      <object_component id="oc-1ce">
         <name>.text:DMA_CH1_ISR</name>
         <load_address>0xae4c</load_address>
         <run_address>0xae4c</run_address>
         <size>0xa</size>
         <input_file_ref idref="fl-5"/>
      </object_component>
      <object_component id="oc-1d4">
         <name>.text:DMA_CH2_ISR</name>
         <load_address>0xae56</load_address>
         <run_address>0xae56</run_address>
         <size>0xa</size>
         <input_file_ref idref="fl-5"/>
      </object_component>
      <object_component id="oc-1da">
         <name>.text:DMA_CH3_ISR</name>
         <load_address>0xae60</load_address>
         <run_address>0xae60</run_address>
         <size>0xa</size>
         <input_file_ref idref="fl-5"/>
      </object_component>
      <object_component id="oc-1e0">
         <name>.text:DMA_CH4_ISR</name>
         <load_address>0xae6a</load_address>
         <run_address>0xae6a</run_address>
         <size>0xa</size>
         <input_file_ref idref="fl-5"/>
      </object_component>
      <object_component id="oc-1e6">
         <name>.text:DMA_CH5_ISR</name>
         <load_address>0xae74</load_address>
         <run_address>0xae74</run_address>
         <size>0xa</size>
         <input_file_ref idref="fl-5"/>
      </object_component>
      <object_component id="oc-1ec">
         <name>.text:DMA_CH6_ISR</name>
         <load_address>0xae7e</load_address>
         <run_address>0xae7e</run_address>
         <size>0xa</size>
         <input_file_ref idref="fl-5"/>
      </object_component>
      <object_component id="oc-18c">
         <name>.text:ECAP1_ISR</name>
         <load_address>0xae88</load_address>
         <run_address>0xae88</run_address>
         <size>0xa</size>
         <input_file_ref idref="fl-5"/>
      </object_component>
      <object_component id="oc-192">
         <name>.text:ECAP2_ISR</name>
         <load_address>0xae92</load_address>
         <run_address>0xae92</run_address>
         <size>0xa</size>
         <input_file_ref idref="fl-5"/>
      </object_component>
      <object_component id="oc-264">
         <name>.text:ECAP3_2_ISR</name>
         <load_address>0xae9c</load_address>
         <run_address>0xae9c</run_address>
         <size>0xa</size>
         <input_file_ref idref="fl-5"/>
      </object_component>
      <object_component id="oc-198">
         <name>.text:ECAP3_ISR</name>
         <load_address>0xaea6</load_address>
         <run_address>0xaea6</run_address>
         <size>0xa</size>
         <input_file_ref idref="fl-5"/>
      </object_component>
      <object_component id="oc-b4">
         <name>.text:EMU_ISR</name>
         <load_address>0xaeb0</load_address>
         <run_address>0xaeb0</run_address>
         <size>0xa</size>
         <input_file_ref idref="fl-5"/>
      </object_component>
      <object_component id="oc-162">
         <name>.text:EPWM1_ISR</name>
         <load_address>0xaeba</load_address>
         <run_address>0xaeba</run_address>
         <size>0xa</size>
         <input_file_ref idref="fl-5"/>
      </object_component>
      <object_component id="oc-138">
         <name>.text:EPWM1_TZ_ISR</name>
         <load_address>0xaec4</load_address>
         <run_address>0xaec4</run_address>
         <size>0xa</size>
         <input_file_ref idref="fl-5"/>
      </object_component>
      <object_component id="oc-168">
         <name>.text:EPWM2_ISR</name>
         <load_address>0xaece</load_address>
         <run_address>0xaece</run_address>
         <size>0xa</size>
         <input_file_ref idref="fl-5"/>
      </object_component>
      <object_component id="oc-13e">
         <name>.text:EPWM2_TZ_ISR</name>
         <load_address>0xaed8</load_address>
         <run_address>0xaed8</run_address>
         <size>0xa</size>
         <input_file_ref idref="fl-5"/>
      </object_component>
      <object_component id="oc-16e">
         <name>.text:EPWM3_ISR</name>
         <load_address>0xaee2</load_address>
         <run_address>0xaee2</run_address>
         <size>0xa</size>
         <input_file_ref idref="fl-5"/>
      </object_component>
      <object_component id="oc-144">
         <name>.text:EPWM3_TZ_ISR</name>
         <load_address>0xaeec</load_address>
         <run_address>0xaeec</run_address>
         <size>0xa</size>
         <input_file_ref idref="fl-5"/>
      </object_component>
      <object_component id="oc-174">
         <name>.text:EPWM4_ISR</name>
         <load_address>0xaef6</load_address>
         <run_address>0xaef6</run_address>
         <size>0xa</size>
         <input_file_ref idref="fl-5"/>
      </object_component>
      <object_component id="oc-14a">
         <name>.text:EPWM4_TZ_ISR</name>
         <load_address>0xaf00</load_address>
         <run_address>0xaf00</run_address>
         <size>0xa</size>
         <input_file_ref idref="fl-5"/>
      </object_component>
      <object_component id="oc-17a">
         <name>.text:EPWM5_ISR</name>
         <load_address>0xaf0a</load_address>
         <run_address>0xaf0a</run_address>
         <size>0xa</size>
         <input_file_ref idref="fl-5"/>
      </object_component>
      <object_component id="oc-150">
         <name>.text:EPWM5_TZ_ISR</name>
         <load_address>0xaf14</load_address>
         <run_address>0xaf14</run_address>
         <size>0xa</size>
         <input_file_ref idref="fl-5"/>
      </object_component>
      <object_component id="oc-180">
         <name>.text:EPWM6_ISR</name>
         <load_address>0xaf1e</load_address>
         <run_address>0xaf1e</run_address>
         <size>0xa</size>
         <input_file_ref idref="fl-5"/>
      </object_component>
      <object_component id="oc-156">
         <name>.text:EPWM6_TZ_ISR</name>
         <load_address>0xaf28</load_address>
         <run_address>0xaf28</run_address>
         <size>0xa</size>
         <input_file_ref idref="fl-5"/>
      </object_component>
      <object_component id="oc-186">
         <name>.text:EPWM7_ISR</name>
         <load_address>0xaf32</load_address>
         <run_address>0xaf32</run_address>
         <size>0xa</size>
         <input_file_ref idref="fl-5"/>
      </object_component>
      <object_component id="oc-15c">
         <name>.text:EPWM7_TZ_ISR</name>
         <load_address>0xaf3c</load_address>
         <run_address>0xaf3c</run_address>
         <size>0xa</size>
         <input_file_ref idref="fl-5"/>
      </object_component>
      <object_component id="oc-19e">
         <name>.text:EQEP1_ISR</name>
         <load_address>0xaf46</load_address>
         <run_address>0xaf46</run_address>
         <size>0xa</size>
         <input_file_ref idref="fl-5"/>
      </object_component>
      <object_component id="oc-1a4">
         <name>.text:EQEP2_ISR</name>
         <load_address>0xaf50</load_address>
         <run_address>0xaf50</run_address>
         <size>0xa</size>
         <input_file_ref idref="fl-5"/>
      </object_component>
      <object_component id="oc-2d6">
         <name>.text:FLASH_CORR_ERR_ISR</name>
         <load_address>0xaf5a</load_address>
         <run_address>0xaf5a</run_address>
         <size>0xa</size>
         <input_file_ref idref="fl-5"/>
      </object_component>
      <object_component id="oc-252">
         <name>.text:FMC_ISR</name>
         <load_address>0xaf64</load_address>
         <run_address>0xaf64</run_address>
         <size>0xa</size>
         <input_file_ref idref="fl-5"/>
      </object_component>
      <object_component id="oc-258">
         <name>.text:FPU_OVERFLOW_ISR</name>
         <load_address>0xaf6e</load_address>
         <run_address>0xaf6e</run_address>
         <size>0xa</size>
         <input_file_ref idref="fl-5"/>
      </object_component>
      <object_component id="oc-25e">
         <name>.text:FPU_UNDERFLOW_ISR</name>
         <load_address>0xaf78</load_address>
         <run_address>0xaf78</run_address>
         <size>0xa</size>
         <input_file_ref idref="fl-5"/>
      </object_component>
      <object_component id="oc-276">
         <name>.text:FSIRXA1_ISR</name>
         <load_address>0xaf82</load_address>
         <run_address>0xaf82</run_address>
         <size>0xa</size>
         <input_file_ref idref="fl-5"/>
      </object_component>
      <object_component id="oc-27c">
         <name>.text:FSIRXA2_ISR</name>
         <load_address>0xaf8c</load_address>
         <run_address>0xaf8c</run_address>
         <size>0xa</size>
         <input_file_ref idref="fl-5"/>
      </object_component>
      <object_component id="oc-26a">
         <name>.text:FSITXA1_ISR</name>
         <load_address>0xaf96</load_address>
         <run_address>0xaf96</run_address>
         <size>0xa</size>
         <input_file_ref idref="fl-5"/>
      </object_component>
      <object_component id="oc-270">
         <name>.text:FSITXA2_ISR</name>
         <load_address>0xafa0</load_address>
         <run_address>0xafa0</run_address>
         <size>0xa</size>
         <input_file_ref idref="fl-5"/>
      </object_component>
      <object_component id="oc-2b2">
         <name>.text:HICA_ISR</name>
         <load_address>0xafaa</load_address>
         <run_address>0xafaa</run_address>
         <size>0xa</size>
         <input_file_ref idref="fl-5"/>
      </object_component>
      <object_component id="oc-1f8">
         <name>.text:I2CA_FIFO_ISR</name>
         <load_address>0xafb4</load_address>
         <run_address>0xafb4</run_address>
         <size>0xa</size>
         <input_file_ref idref="fl-5"/>
      </object_component>
      <object_component id="oc-1f2">
         <name>.text:I2CA_ISR</name>
         <load_address>0xafbe</load_address>
         <run_address>0xafbe</run_address>
         <size>0xa</size>
         <input_file_ref idref="fl-5"/>
      </object_component>
      <object_component id="oc-204">
         <name>.text:I2CB_FIFO_ISR</name>
         <load_address>0xafc8</load_address>
         <run_address>0xafc8</run_address>
         <size>0xa</size>
         <input_file_ref idref="fl-5"/>
      </object_component>
      <object_component id="oc-1fe">
         <name>.text:I2CB_ISR</name>
         <load_address>0xafd2</load_address>
         <run_address>0xafd2</run_address>
         <size>0xa</size>
         <input_file_ref idref="fl-5"/>
      </object_component>
      <object_component id="oc-c0">
         <name>.text:ILLEGAL_ISR</name>
         <load_address>0xafdc</load_address>
         <run_address>0xafdc</run_address>
         <size>0xa</size>
         <input_file_ref idref="fl-5"/>
      </object_component>
      <object_component id="oc-288">
         <name>.text:LINA_0_ISR</name>
         <load_address>0xafe6</load_address>
         <run_address>0xafe6</run_address>
         <size>0xa</size>
         <input_file_ref idref="fl-5"/>
      </object_component>
      <object_component id="oc-28e">
         <name>.text:LINA_1_ISR</name>
         <load_address>0xaff0</load_address>
         <run_address>0xaff0</run_address>
         <size>0xa</size>
         <input_file_ref idref="fl-5"/>
      </object_component>
      <object_component id="oc-294">
         <name>.text:LINB_0_ISR</name>
         <load_address>0xaffa</load_address>
         <run_address>0xaffa</run_address>
         <size>0xa</size>
         <input_file_ref idref="fl-5"/>
      </object_component>
      <object_component id="oc-29a">
         <name>.text:LINB_1_ISR</name>
         <load_address>0xb004</load_address>
         <run_address>0xb004</run_address>
         <size>0xa</size>
         <input_file_ref idref="fl-5"/>
      </object_component>
      <object_component id="oc-24c">
         <name>.text:MPOST_ISR</name>
         <load_address>0xb00e</load_address>
         <run_address>0xb00e</run_address>
         <size>0xa</size>
         <input_file_ref idref="fl-5"/>
      </object_component>
      <object_component id="oc-ba">
         <name>.text:NMI_ISR</name>
         <load_address>0xb018</load_address>
         <run_address>0xb018</run_address>
         <size>0xa</size>
         <input_file_ref idref="fl-5"/>
      </object_component>
      <object_component id="oc-2f4">
         <name>.text:NOTUSED_ISR</name>
         <load_address>0xb022</load_address>
         <run_address>0xb022</run_address>
         <size>0xa</size>
         <input_file_ref idref="fl-5"/>
      </object_component>
      <object_component id="oc-2e8">
         <name>.text:PIE_RESERVED_ISR</name>
         <load_address>0xb02c</load_address>
         <run_address>0xb02c</run_address>
         <size>0xa</size>
         <input_file_ref idref="fl-5"/>
      </object_component>
      <object_component id="oc-2a0">
         <name>.text:PMBUSA_ISR</name>
         <load_address>0xb036</load_address>
         <run_address>0xb036</run_address>
         <size>0xa</size>
         <input_file_ref idref="fl-5"/>
      </object_component>
      <object_component id="oc-2dc">
         <name>.text:RAM_ACC_VIOL_ISR</name>
         <load_address>0xb040</load_address>
         <run_address>0xb040</run_address>
         <size>0xa</size>
         <input_file_ref idref="fl-5"/>
      </object_component>
      <object_component id="oc-2d0">
         <name>.text:RAM_CORR_ERR_ISR</name>
         <load_address>0xb04a</load_address>
         <run_address>0xb04a</run_address>
         <size>0xa</size>
         <input_file_ref idref="fl-5"/>
      </object_component>
      <object_component id="oc-ae">
         <name>.text:RTOS_ISR</name>
         <load_address>0xb054</load_address>
         <run_address>0xb054</run_address>
         <size>0xa</size>
         <input_file_ref idref="fl-5"/>
      </object_component>
      <object_component id="oc-20a">
         <name>.text:SCIA_RX_ISR</name>
         <load_address>0xb05e</load_address>
         <run_address>0xb05e</run_address>
         <size>0xa</size>
         <input_file_ref idref="fl-5"/>
      </object_component>
      <object_component id="oc-210">
         <name>.text:SCIA_TX_ISR</name>
         <load_address>0xb068</load_address>
         <run_address>0xb068</run_address>
         <size>0xa</size>
         <input_file_ref idref="fl-5"/>
      </object_component>
      <object_component id="oc-1b6">
         <name>.text:SPIA_RX_ISR</name>
         <load_address>0xb072</load_address>
         <run_address>0xb072</run_address>
         <size>0xa</size>
         <input_file_ref idref="fl-5"/>
      </object_component>
      <object_component id="oc-1bc">
         <name>.text:SPIA_TX_ISR</name>
         <load_address>0xb07c</load_address>
         <run_address>0xb07c</run_address>
         <size>0xa</size>
         <input_file_ref idref="fl-5"/>
      </object_component>
      <object_component id="oc-1c2">
         <name>.text:SPIB_RX_ISR</name>
         <load_address>0xb086</load_address>
         <run_address>0xb086</run_address>
         <size>0xa</size>
         <input_file_ref idref="fl-5"/>
      </object_component>
      <object_component id="oc-1c8">
         <name>.text:SPIB_TX_ISR</name>
         <load_address>0xb090</load_address>
         <run_address>0xb090</run_address>
         <size>0xa</size>
         <input_file_ref idref="fl-5"/>
      </object_component>
      <object_component id="oc-2e2">
         <name>.text:SYS_PLL_SLIP_ISR</name>
         <load_address>0xb09a</load_address>
         <run_address>0xb09a</run_address>
         <size>0xa</size>
         <input_file_ref idref="fl-5"/>
      </object_component>
      <object_component id="oc-99">
         <name>.text:TIMER1_ISR</name>
         <load_address>0xb0a4</load_address>
         <run_address>0xb0a4</run_address>
         <size>0xa</size>
         <input_file_ref idref="fl-5"/>
      </object_component>
      <object_component id="oc-a2">
         <name>.text:TIMER2_ISR</name>
         <load_address>0xb0ae</load_address>
         <run_address>0xb0ae</run_address>
         <size>0xa</size>
         <input_file_ref idref="fl-5"/>
      </object_component>
      <object_component id="oc-fc">
         <name>.text:USER10_ISR</name>
         <load_address>0xb0b8</load_address>
         <run_address>0xb0b8</run_address>
         <size>0xa</size>
         <input_file_ref idref="fl-5"/>
      </object_component>
      <object_component id="oc-102">
         <name>.text:USER11_ISR</name>
         <load_address>0xb0c2</load_address>
         <run_address>0xb0c2</run_address>
         <size>0xa</size>
         <input_file_ref idref="fl-5"/>
      </object_component>
      <object_component id="oc-108">
         <name>.text:USER12_ISR</name>
         <load_address>0xb0cc</load_address>
         <run_address>0xb0cc</run_address>
         <size>0xa</size>
         <input_file_ref idref="fl-5"/>
      </object_component>
      <object_component id="oc-c6">
         <name>.text:USER1_ISR</name>
         <load_address>0xb0d6</load_address>
         <run_address>0xb0d6</run_address>
         <size>0xa</size>
         <input_file_ref idref="fl-5"/>
      </object_component>
      <object_component id="oc-cc">
         <name>.text:USER2_ISR</name>
         <load_address>0xb0e0</load_address>
         <run_address>0xb0e0</run_address>
         <size>0xa</size>
         <input_file_ref idref="fl-5"/>
      </object_component>
      <object_component id="oc-d2">
         <name>.text:USER3_ISR</name>
         <load_address>0xb0ea</load_address>
         <run_address>0xb0ea</run_address>
         <size>0xa</size>
         <input_file_ref idref="fl-5"/>
      </object_component>
      <object_component id="oc-d8">
         <name>.text:USER4_ISR</name>
         <load_address>0xb0f4</load_address>
         <run_address>0xb0f4</run_address>
         <size>0xa</size>
         <input_file_ref idref="fl-5"/>
      </object_component>
      <object_component id="oc-de">
         <name>.text:USER5_ISR</name>
         <load_address>0xb0fe</load_address>
         <run_address>0xb0fe</run_address>
         <size>0xa</size>
         <input_file_ref idref="fl-5"/>
      </object_component>
      <object_component id="oc-e4">
         <name>.text:USER6_ISR</name>
         <load_address>0xb108</load_address>
         <run_address>0xb108</run_address>
         <size>0xa</size>
         <input_file_ref idref="fl-5"/>
      </object_component>
      <object_component id="oc-ea">
         <name>.text:USER7_ISR</name>
         <load_address>0xb112</load_address>
         <run_address>0xb112</run_address>
         <size>0xa</size>
         <input_file_ref idref="fl-5"/>
      </object_component>
      <object_component id="oc-f0">
         <name>.text:USER8_ISR</name>
         <load_address>0xb11c</load_address>
         <run_address>0xb11c</run_address>
         <size>0xa</size>
         <input_file_ref idref="fl-5"/>
      </object_component>
      <object_component id="oc-f6">
         <name>.text:USER9_ISR</name>
         <load_address>0xb126</load_address>
         <run_address>0xb126</run_address>
         <size>0xa</size>
         <input_file_ref idref="fl-5"/>
      </object_component>
      <object_component id="oc-132">
         <name>.text:WAKE_ISR</name>
         <load_address>0xb130</load_address>
         <run_address>0xb130</run_address>
         <size>0xa</size>
         <input_file_ref idref="fl-5"/>
      </object_component>
      <object_component id="oc-11a">
         <name>.text:XINT1_ISR</name>
         <load_address>0xb13a</load_address>
         <run_address>0xb13a</run_address>
         <size>0xa</size>
         <input_file_ref idref="fl-5"/>
      </object_component>
      <object_component id="oc-120">
         <name>.text:XINT2_ISR</name>
         <load_address>0xb144</load_address>
         <run_address>0xb144</run_address>
         <size>0xa</size>
         <input_file_ref idref="fl-5"/>
      </object_component>
      <object_component id="oc-23a">
         <name>.text:XINT3_ISR</name>
         <load_address>0xb14e</load_address>
         <run_address>0xb14e</run_address>
         <size>0xa</size>
         <input_file_ref idref="fl-5"/>
      </object_component>
      <object_component id="oc-240">
         <name>.text:XINT4_ISR</name>
         <load_address>0xb158</load_address>
         <run_address>0xb158</run_address>
         <size>0xa</size>
         <input_file_ref idref="fl-5"/>
      </object_component>
      <object_component id="oc-246">
         <name>.text:XINT5_ISR</name>
         <load_address>0xb162</load_address>
         <run_address>0xb162</run_address>
         <size>0xa</size>
         <input_file_ref idref="fl-5"/>
      </object_component>
      <object_component id="oc-504">
         <name>.text:SysIntOsc1Sel</name>
         <load_address>0xb16c</load_address>
         <run_address>0xb16c</run_address>
         <size>0x9</size>
         <input_file_ref idref="fl-c"/>
      </object_component>
      <object_component id="oc-4eb">
         <name>.text</name>
         <load_address>0xb175</load_address>
         <run_address>0xb175</run_address>
         <size>0x9</size>
         <input_file_ref idref="fl-29"/>
      </object_component>
      <object_component id="oc-88">
         <name>.text:decompress:none</name>
         <load_address>0xb17e</load_address>
         <run_address>0xb17e</run_address>
         <size>0x8</size>
         <input_file_ref idref="fl-26"/>
      </object_component>
      <object_component id="oc-325">
         <name>.text</name>
         <load_address>0xb186</load_address>
         <run_address>0xb186</run_address>
         <size>0x8</size>
         <input_file_ref idref="fl-3"/>
      </object_component>
      <object_component id="oc-50a">
         <name>.text:SysIntOsc2Sel</name>
         <load_address>0xb18e</load_address>
         <run_address>0xb18e</run_address>
         <size>0x7</size>
         <input_file_ref idref="fl-c"/>
      </object_component>
      <object_component id="oc-311">
         <name>.text</name>
         <load_address>0xb195</load_address>
         <run_address>0xb195</run_address>
         <size>0x2</size>
         <input_file_ref idref="fl-23"/>
      </object_component>
      <object_component id="oc-4d1">
         <name>.text</name>
         <load_address>0xb197</load_address>
         <run_address>0xb197</run_address>
         <size>0x1</size>
         <input_file_ref idref="fl-2e"/>
      </object_component>
      <object_component id="oc-494">
         <name>.TI.ramfunc</name>
         <load_address>0x128</load_address>
         <run_address>0x128</run_address>
         <size>0x4</size>
         <input_file_ref idref="fl-d"/>
      </object_component>
      <object_component id="oc-610">
         <name>.cinit..data.load</name>
         <load_address>0x12c</load_address>
         <run_address>0x12c</run_address>
         <size>0x10</size>
      </object_component>
      <object_component id="oc-60d">
         <name>__TI_handler_table</name>
         <load_address>0x13c</load_address>
         <run_address>0x13c</run_address>
         <size>0x6</size>
      </object_component>
      <object_component id="oc-60f">
         <name>.cinit..bss.load</name>
         <load_address>0x142</load_address>
         <run_address>0x142</run_address>
         <size>0x4</size>
      </object_component>
      <object_component id="oc-611">
         <name>.cinit.PieVectTableFile.load</name>
         <load_address>0x146</load_address>
         <run_address>0x146</run_address>
         <size>0x4</size>
      </object_component>
      <object_component id="oc-60e">
         <name>__TI_cinit_table</name>
         <load_address>0x14a</load_address>
         <run_address>0x14a</run_address>
         <size>0xc</size>
      </object_component>
      <object_component id="oc-94">
         <name>codestart</name>
         <load_address>0x0</load_address>
         <run_address>0x0</run_address>
         <size>0x2</size>
         <input_file_ref idref="fl-3"/>
      </object_component>
      <object_component id="oc-2fa">
         <name>.stack</name>
         <uninitialized>true</uninitialized>
         <run_address>0x400</run_address>
         <size>0x0</size>
         <input_file_ref idref="fl-20"/>
      </object_component>
      <object_component id="oc-612">
         <name>.stack</name>
         <uninitialized>true</uninitialized>
         <run_address>0x400</run_address>
         <size>0x0</size>
      </object_component>
      <object_component id="oc-3bc">
         <name>.bss</name>
         <uninitialized>true</uninitialized>
         <run_address>0xa3c0</run_address>
         <size>0x22</size>
         <input_file_ref idref="fl-e"/>
      </object_component>
      <object_component id="oc-4a5">
         <name>.bss:Vsen1_med</name>
         <uninitialized>true</uninitialized>
         <run_address>0xa224</run_address>
         <size>0x64</size>
         <input_file_ref idref="fl-e"/>
      </object_component>
      <object_component id="oc-4a2">
         <name>.bss:Isen1_med</name>
         <uninitialized>true</uninitialized>
         <run_address>0xa1c0</run_address>
         <size>0x64</size>
         <input_file_ref idref="fl-e"/>
      </object_component>
      <object_component id="oc-4a8">
         <name>.bss:Vsen2_med</name>
         <uninitialized>true</uninitialized>
         <run_address>0xa288</run_address>
         <size>0x64</size>
         <input_file_ref idref="fl-e"/>
      </object_component>
      <object_component id="oc-4ae">
         <name>.bss:Vsen3_med</name>
         <uninitialized>true</uninitialized>
         <run_address>0xa2ec</run_address>
         <size>0x64</size>
         <input_file_ref idref="fl-e"/>
      </object_component>
      <object_component id="oc-4ab">
         <name>.bss:Vsen4_med</name>
         <uninitialized>true</uninitialized>
         <run_address>0xa350</run_address>
         <size>0x64</size>
         <input_file_ref idref="fl-e"/>
      </object_component>
      <object_component id="oc-9f">
         <name>.const</name>
         <load_address>0xa000</load_address>
         <run_address>0xa000</run_address>
         <size>0x1c0</size>
         <input_file_ref idref="fl-a"/>
      </object_component>
      <object_component id="oc-34c">
         <name>.data</name>
         <load_address>0xb1be</load_address>
         <run_address>0xb1be</run_address>
         <size>0x1</size>
         <input_file_ref idref="fl-5"/>
      </object_component>
      <object_component id="oc-349">
         <name>.data</name>
         <load_address>0xb198</load_address>
         <run_address>0xb198</run_address>
         <size>0x10</size>
         <input_file_ref idref="fl-e"/>
      </object_component>
      <object_component id="oc-3bf">
         <name>.data</name>
         <load_address>0xb1a8</load_address>
         <run_address>0xb1a8</run_address>
         <size>0xc</size>
         <input_file_ref idref="fl-f"/>
      </object_component>
      <object_component id="oc-455">
         <name>.data</name>
         <load_address>0xb1b4</load_address>
         <run_address>0xb1b4</run_address>
         <size>0x6</size>
         <input_file_ref idref="fl-28"/>
      </object_component>
      <object_component id="oc-458">
         <name>.data:_lock</name>
         <load_address>0xb1ba</load_address>
         <run_address>0xb1ba</run_address>
         <size>0x2</size>
         <input_file_ref idref="fl-29"/>
      </object_component>
      <object_component id="oc-54a">
         <name>.data:_unlock</name>
         <load_address>0xb1bc</load_address>
         <run_address>0xb1bc</run_address>
         <size>0x2</size>
         <input_file_ref idref="fl-29"/>
      </object_component>
      <object_component id="oc-3aa">
         <name>PieVectTableFile</name>
         <uninitialized>true</uninitialized>
         <run_address>0xd00</run_address>
         <size>0x1c0</size>
         <input_file_ref idref="fl-7"/>
      </object_component>
      <object_component id="oc-346">
         <name>AdccRegsFile</name>
         <uninitialized>true</uninitialized>
         <run_address>0x7500</run_address>
         <size>0x76</size>
         <input_file_ref idref="fl-7"/>
      </object_component>
      <object_component id="oc-34f">
         <name>AdccResultRegsFile</name>
         <uninitialized>true</uninitialized>
         <run_address>0xb40</run_address>
         <size>0x18</size>
         <input_file_ref idref="fl-7"/>
      </object_component>
      <object_component id="oc-501">
         <name>ClkCfgRegsFile</name>
         <uninitialized>true</uninitialized>
         <run_address>0x5d200</run_address>
         <size>0x3e</size>
         <input_file_ref idref="fl-7"/>
      </object_component>
      <object_component id="oc-3ad">
         <name>CpuTimer0RegsFile</name>
         <uninitialized>true</uninitialized>
         <run_address>0xc00</run_address>
         <size>0x8</size>
         <input_file_ref idref="fl-7"/>
      </object_component>
      <object_component id="oc-49c">
         <name>CpuSysRegsFile</name>
         <uninitialized>true</uninitialized>
         <run_address>0x5d300</run_address>
         <size>0x82</size>
         <input_file_ref idref="fl-7"/>
      </object_component>
      <object_component id="oc-55f">
         <name>Dcc0RegsFile</name>
         <uninitialized>true</uninitialized>
         <run_address>0x5e700</run_address>
         <size>0x2c</size>
         <input_file_ref idref="fl-7"/>
      </object_component>
      <object_component id="oc-562">
         <name>Dcc1RegsFile</name>
         <uninitialized>true</uninitialized>
         <run_address>0x5e740</run_address>
         <size>0x2c</size>
         <input_file_ref idref="fl-7"/>
      </object_component>
      <object_component id="oc-3b0">
         <name>EPwm1RegsFile</name>
         <uninitialized>true</uninitialized>
         <run_address>0x4000</run_address>
         <size>0x100</size>
         <input_file_ref idref="fl-7"/>
      </object_component>
      <object_component id="oc-3b3">
         <name>EPwm2RegsFile</name>
         <uninitialized>true</uninitialized>
         <run_address>0x4100</run_address>
         <size>0x100</size>
         <input_file_ref idref="fl-7"/>
      </object_component>
      <object_component id="oc-3b6">
         <name>EPwm4RegsFile</name>
         <uninitialized>true</uninitialized>
         <run_address>0x4300</run_address>
         <size>0x100</size>
         <input_file_ref idref="fl-7"/>
      </object_component>
      <object_component id="oc-3b9">
         <name>EPwm7RegsFile</name>
         <uninitialized>true</uninitialized>
         <run_address>0x4600</run_address>
         <size>0x100</size>
         <input_file_ref idref="fl-7"/>
      </object_component>
      <object_component id="oc-484">
         <name>GpioCtrlRegsFile</name>
         <uninitialized>true</uninitialized>
         <run_address>0x7c00</run_address>
         <size>0x200</size>
         <input_file_ref idref="fl-7"/>
      </object_component>
      <object_component id="oc-487">
         <name>GpioDataRegsFile</name>
         <uninitialized>true</uninitialized>
         <run_address>0x7f00</run_address>
         <size>0x3a</size>
         <input_file_ref idref="fl-7"/>
      </object_component>
      <object_component id="oc-352">
         <name>PieCtrlRegsFile</name>
         <uninitialized>true</uninitialized>
         <run_address>0xce0</run_address>
         <size>0x1a</size>
         <input_file_ref idref="fl-7"/>
      </object_component>
      <object_component id="oc-48f">
         <name>SciaRegsFile</name>
         <uninitialized>true</uninitialized>
         <run_address>0x7200</run_address>
         <size>0x10</size>
         <input_file_ref idref="fl-7"/>
      </object_component>
      <object_component id="oc-4fd">
         <name>WdRegsFile</name>
         <uninitialized>true</uninitialized>
         <run_address>0x7000</run_address>
         <size>0x2b</size>
         <input_file_ref idref="fl-7"/>
      </object_component>
      <object_component id="oc-96">
         <name>.debug_info</name>
         <load_address>0x0</load_address>
         <run_address>0x0</run_address>
         <size>0xf5</size>
         <input_file_ref idref="fl-3"/>
      </object_component>
      <object_component id="oc-327">
         <name>.debug_info</name>
         <load_address>0xf5</load_address>
         <run_address>0xf5</run_address>
         <size>0xf6</size>
         <input_file_ref idref="fl-3"/>
      </object_component>
      <object_component id="oc-34d">
         <name>.debug_info</name>
         <load_address>0x1eb</load_address>
         <run_address>0x1eb</run_address>
         <size>0x105</size>
         <input_file_ref idref="fl-5"/>
      </object_component>
      <object_component id="oc-9a">
         <name>.debug_info</name>
         <load_address>0x2f0</load_address>
         <run_address>0x2f0</run_address>
         <size>0x106</size>
         <input_file_ref idref="fl-5"/>
      </object_component>
      <object_component id="oc-a3">
         <name>.debug_info</name>
         <load_address>0x3f6</load_address>
         <run_address>0x3f6</run_address>
         <size>0x106</size>
         <input_file_ref idref="fl-5"/>
      </object_component>
      <object_component id="oc-a9">
         <name>.debug_info</name>
         <load_address>0x4fc</load_address>
         <run_address>0x4fc</run_address>
         <size>0x108</size>
         <input_file_ref idref="fl-5"/>
      </object_component>
      <object_component id="oc-af">
         <name>.debug_info</name>
         <load_address>0x604</load_address>
         <run_address>0x604</run_address>
         <size>0x102</size>
         <input_file_ref idref="fl-5"/>
      </object_component>
      <object_component id="oc-b5">
         <name>.debug_info</name>
         <load_address>0x706</load_address>
         <run_address>0x706</run_address>
         <size>0x100</size>
         <input_file_ref idref="fl-5"/>
      </object_component>
      <object_component id="oc-bb">
         <name>.debug_info</name>
         <load_address>0x806</load_address>
         <run_address>0x806</run_address>
         <size>0x100</size>
         <input_file_ref idref="fl-5"/>
      </object_component>
      <object_component id="oc-c1">
         <name>.debug_info</name>
         <load_address>0x906</load_address>
         <run_address>0x906</run_address>
         <size>0x108</size>
         <input_file_ref idref="fl-5"/>
      </object_component>
      <object_component id="oc-c7">
         <name>.debug_info</name>
         <load_address>0xa0e</load_address>
         <run_address>0xa0e</run_address>
         <size>0x104</size>
         <input_file_ref idref="fl-5"/>
      </object_component>
      <object_component id="oc-cd">
         <name>.debug_info</name>
         <load_address>0xb12</load_address>
         <run_address>0xb12</run_address>
         <size>0x104</size>
         <input_file_ref idref="fl-5"/>
      </object_component>
      <object_component id="oc-d3">
         <name>.debug_info</name>
         <load_address>0xc16</load_address>
         <run_address>0xc16</run_address>
         <size>0x104</size>
         <input_file_ref idref="fl-5"/>
      </object_component>
      <object_component id="oc-d9">
         <name>.debug_info</name>
         <load_address>0xd1a</load_address>
         <run_address>0xd1a</run_address>
         <size>0x104</size>
         <input_file_ref idref="fl-5"/>
      </object_component>
      <object_component id="oc-df">
         <name>.debug_info</name>
         <load_address>0xe1e</load_address>
         <run_address>0xe1e</run_address>
         <size>0x104</size>
         <input_file_ref idref="fl-5"/>
      </object_component>
      <object_component id="oc-e5">
         <name>.debug_info</name>
         <load_address>0xf22</load_address>
         <run_address>0xf22</run_address>
         <size>0x106</size>
         <input_file_ref idref="fl-5"/>
      </object_component>
      <object_component id="oc-eb">
         <name>.debug_info</name>
         <load_address>0x1028</load_address>
         <run_address>0x1028</run_address>
         <size>0x106</size>
         <input_file_ref idref="fl-5"/>
      </object_component>
      <object_component id="oc-f1">
         <name>.debug_info</name>
         <load_address>0x112e</load_address>
         <run_address>0x112e</run_address>
         <size>0x106</size>
         <input_file_ref idref="fl-5"/>
      </object_component>
      <object_component id="oc-f7">
         <name>.debug_info</name>
         <load_address>0x1234</load_address>
         <run_address>0x1234</run_address>
         <size>0x106</size>
         <input_file_ref idref="fl-5"/>
      </object_component>
      <object_component id="oc-fd">
         <name>.debug_info</name>
         <load_address>0x133a</load_address>
         <run_address>0x133a</run_address>
         <size>0x108</size>
         <input_file_ref idref="fl-5"/>
      </object_component>
      <object_component id="oc-103">
         <name>.debug_info</name>
         <load_address>0x1442</load_address>
         <run_address>0x1442</run_address>
         <size>0x108</size>
         <input_file_ref idref="fl-5"/>
      </object_component>
      <object_component id="oc-109">
         <name>.debug_info</name>
         <load_address>0x154a</load_address>
         <run_address>0x154a</run_address>
         <size>0x108</size>
         <input_file_ref idref="fl-5"/>
      </object_component>
      <object_component id="oc-10f">
         <name>.debug_info</name>
         <load_address>0x1652</load_address>
         <run_address>0x1652</run_address>
         <size>0x106</size>
         <input_file_ref idref="fl-5"/>
      </object_component>
      <object_component id="oc-115">
         <name>.debug_info</name>
         <load_address>0x1758</load_address>
         <run_address>0x1758</run_address>
         <size>0x106</size>
         <input_file_ref idref="fl-5"/>
      </object_component>
      <object_component id="oc-11b">
         <name>.debug_info</name>
         <load_address>0x185e</load_address>
         <run_address>0x185e</run_address>
         <size>0x106</size>
         <input_file_ref idref="fl-5"/>
      </object_component>
      <object_component id="oc-121">
         <name>.debug_info</name>
         <load_address>0x1964</load_address>
         <run_address>0x1964</run_address>
         <size>0x106</size>
         <input_file_ref idref="fl-5"/>
      </object_component>
      <object_component id="oc-127">
         <name>.debug_info</name>
         <load_address>0x1a6a</load_address>
         <run_address>0x1a6a</run_address>
         <size>0x112</size>
         <input_file_ref idref="fl-5"/>
      </object_component>
      <object_component id="oc-133">
         <name>.debug_info</name>
         <load_address>0x1b7c</load_address>
         <run_address>0x1b7c</run_address>
         <size>0x104</size>
         <input_file_ref idref="fl-5"/>
      </object_component>
      <object_component id="oc-139">
         <name>.debug_info</name>
         <load_address>0x1c80</load_address>
         <run_address>0x1c80</run_address>
         <size>0x10c</size>
         <input_file_ref idref="fl-5"/>
      </object_component>
      <object_component id="oc-13f">
         <name>.debug_info</name>
         <load_address>0x1d8c</load_address>
         <run_address>0x1d8c</run_address>
         <size>0x10c</size>
         <input_file_ref idref="fl-5"/>
      </object_component>
      <object_component id="oc-145">
         <name>.debug_info</name>
         <load_address>0x1e98</load_address>
         <run_address>0x1e98</run_address>
         <size>0x10c</size>
         <input_file_ref idref="fl-5"/>
      </object_component>
      <object_component id="oc-14b">
         <name>.debug_info</name>
         <load_address>0x1fa4</load_address>
         <run_address>0x1fa4</run_address>
         <size>0x10c</size>
         <input_file_ref idref="fl-5"/>
      </object_component>
      <object_component id="oc-151">
         <name>.debug_info</name>
         <load_address>0x20b0</load_address>
         <run_address>0x20b0</run_address>
         <size>0x10c</size>
         <input_file_ref idref="fl-5"/>
      </object_component>
      <object_component id="oc-157">
         <name>.debug_info</name>
         <load_address>0x21bc</load_address>
         <run_address>0x21bc</run_address>
         <size>0x10c</size>
         <input_file_ref idref="fl-5"/>
      </object_component>
      <object_component id="oc-15d">
         <name>.debug_info</name>
         <load_address>0x22c8</load_address>
         <run_address>0x22c8</run_address>
         <size>0x10c</size>
         <input_file_ref idref="fl-5"/>
      </object_component>
      <object_component id="oc-163">
         <name>.debug_info</name>
         <load_address>0x23d4</load_address>
         <run_address>0x23d4</run_address>
         <size>0x106</size>
         <input_file_ref idref="fl-5"/>
      </object_component>
      <object_component id="oc-169">
         <name>.debug_info</name>
         <load_address>0x24da</load_address>
         <run_address>0x24da</run_address>
         <size>0x106</size>
         <input_file_ref idref="fl-5"/>
      </object_component>
      <object_component id="oc-16f">
         <name>.debug_info</name>
         <load_address>0x25e0</load_address>
         <run_address>0x25e0</run_address>
         <size>0x106</size>
         <input_file_ref idref="fl-5"/>
      </object_component>
      <object_component id="oc-175">
         <name>.debug_info</name>
         <load_address>0x26e6</load_address>
         <run_address>0x26e6</run_address>
         <size>0x106</size>
         <input_file_ref idref="fl-5"/>
      </object_component>
      <object_component id="oc-17b">
         <name>.debug_info</name>
         <load_address>0x27ec</load_address>
         <run_address>0x27ec</run_address>
         <size>0x106</size>
         <input_file_ref idref="fl-5"/>
      </object_component>
      <object_component id="oc-181">
         <name>.debug_info</name>
         <load_address>0x28f2</load_address>
         <run_address>0x28f2</run_address>
         <size>0x106</size>
         <input_file_ref idref="fl-5"/>
      </object_component>
      <object_component id="oc-187">
         <name>.debug_info</name>
         <load_address>0x29f8</load_address>
         <run_address>0x29f8</run_address>
         <size>0x106</size>
         <input_file_ref idref="fl-5"/>
      </object_component>
      <object_component id="oc-18d">
         <name>.debug_info</name>
         <load_address>0x2afe</load_address>
         <run_address>0x2afe</run_address>
         <size>0x106</size>
         <input_file_ref idref="fl-5"/>
      </object_component>
      <object_component id="oc-193">
         <name>.debug_info</name>
         <load_address>0x2c04</load_address>
         <run_address>0x2c04</run_address>
         <size>0x106</size>
         <input_file_ref idref="fl-5"/>
      </object_component>
      <object_component id="oc-199">
         <name>.debug_info</name>
         <load_address>0x2d0a</load_address>
         <run_address>0x2d0a</run_address>
         <size>0x106</size>
         <input_file_ref idref="fl-5"/>
      </object_component>
      <object_component id="oc-19f">
         <name>.debug_info</name>
         <load_address>0x2e10</load_address>
         <run_address>0x2e10</run_address>
         <size>0x106</size>
         <input_file_ref idref="fl-5"/>
      </object_component>
      <object_component id="oc-1a5">
         <name>.debug_info</name>
         <load_address>0x2f16</load_address>
         <run_address>0x2f16</run_address>
         <size>0x106</size>
         <input_file_ref idref="fl-5"/>
      </object_component>
      <object_component id="oc-1ab">
         <name>.debug_info</name>
         <load_address>0x301c</load_address>
         <run_address>0x301c</run_address>
         <size>0x104</size>
         <input_file_ref idref="fl-5"/>
      </object_component>
      <object_component id="oc-1b1">
         <name>.debug_info</name>
         <load_address>0x3120</load_address>
         <run_address>0x3120</run_address>
         <size>0x104</size>
         <input_file_ref idref="fl-5"/>
      </object_component>
      <object_component id="oc-1b7">
         <name>.debug_info</name>
         <load_address>0x3224</load_address>
         <run_address>0x3224</run_address>
         <size>0x10a</size>
         <input_file_ref idref="fl-5"/>
      </object_component>
      <object_component id="oc-1bd">
         <name>.debug_info</name>
         <load_address>0x332e</load_address>
         <run_address>0x332e</run_address>
         <size>0x10a</size>
         <input_file_ref idref="fl-5"/>
      </object_component>
      <object_component id="oc-1c3">
         <name>.debug_info</name>
         <load_address>0x3438</load_address>
         <run_address>0x3438</run_address>
         <size>0x10a</size>
         <input_file_ref idref="fl-5"/>
      </object_component>
      <object_component id="oc-1c9">
         <name>.debug_info</name>
         <load_address>0x3542</load_address>
         <run_address>0x3542</run_address>
         <size>0x10a</size>
         <input_file_ref idref="fl-5"/>
      </object_component>
      <object_component id="oc-1cf">
         <name>.debug_info</name>
         <load_address>0x364c</load_address>
         <run_address>0x364c</run_address>
         <size>0x10a</size>
         <input_file_ref idref="fl-5"/>
      </object_component>
      <object_component id="oc-1d5">
         <name>.debug_info</name>
         <load_address>0x3756</load_address>
         <run_address>0x3756</run_address>
         <size>0x10a</size>
         <input_file_ref idref="fl-5"/>
      </object_component>
      <object_component id="oc-1db">
         <name>.debug_info</name>
         <load_address>0x3860</load_address>
         <run_address>0x3860</run_address>
         <size>0x10a</size>
         <input_file_ref idref="fl-5"/>
      </object_component>
      <object_component id="oc-1e1">
         <name>.debug_info</name>
         <load_address>0x396a</load_address>
         <run_address>0x396a</run_address>
         <size>0x10a</size>
         <input_file_ref idref="fl-5"/>
      </object_component>
      <object_component id="oc-1e7">
         <name>.debug_info</name>
         <load_address>0x3a74</load_address>
         <run_address>0x3a74</run_address>
         <size>0x10a</size>
         <input_file_ref idref="fl-5"/>
      </object_component>
      <object_component id="oc-1ed">
         <name>.debug_info</name>
         <load_address>0x3b7e</load_address>
         <run_address>0x3b7e</run_address>
         <size>0x10a</size>
         <input_file_ref idref="fl-5"/>
      </object_component>
      <object_component id="oc-1f3">
         <name>.debug_info</name>
         <load_address>0x3c88</load_address>
         <run_address>0x3c88</run_address>
         <size>0x104</size>
         <input_file_ref idref="fl-5"/>
      </object_component>
      <object_component id="oc-1f9">
         <name>.debug_info</name>
         <load_address>0x3d8c</load_address>
         <run_address>0x3d8c</run_address>
         <size>0x10e</size>
         <input_file_ref idref="fl-5"/>
      </object_component>
      <object_component id="oc-1ff">
         <name>.debug_info</name>
         <load_address>0x3e9a</load_address>
         <run_address>0x3e9a</run_address>
         <size>0x104</size>
         <input_file_ref idref="fl-5"/>
      </object_component>
      <object_component id="oc-205">
         <name>.debug_info</name>
         <load_address>0x3f9e</load_address>
         <run_address>0x3f9e</run_address>
         <size>0x10e</size>
         <input_file_ref idref="fl-5"/>
      </object_component>
      <object_component id="oc-20b">
         <name>.debug_info</name>
         <load_address>0x40ac</load_address>
         <run_address>0x40ac</run_address>
         <size>0x10a</size>
         <input_file_ref idref="fl-5"/>
      </object_component>
      <object_component id="oc-211">
         <name>.debug_info</name>
         <load_address>0x41b6</load_address>
         <run_address>0x41b6</run_address>
         <size>0x10a</size>
         <input_file_ref idref="fl-5"/>
      </object_component>
      <object_component id="oc-217">
         <name>.debug_info</name>
         <load_address>0x42c0</load_address>
         <run_address>0x42c0</run_address>
         <size>0x106</size>
         <input_file_ref idref="fl-5"/>
      </object_component>
      <object_component id="oc-21d">
         <name>.debug_info</name>
         <load_address>0x43c6</load_address>
         <run_address>0x43c6</run_address>
         <size>0x106</size>
         <input_file_ref idref="fl-5"/>
      </object_component>
      <object_component id="oc-223">
         <name>.debug_info</name>
         <load_address>0x44cc</load_address>
         <run_address>0x44cc</run_address>
         <size>0x10c</size>
         <input_file_ref idref="fl-5"/>
      </object_component>
      <object_component id="oc-229">
         <name>.debug_info</name>
         <load_address>0x45d8</load_address>
         <run_address>0x45d8</run_address>
         <size>0x106</size>
         <input_file_ref idref="fl-5"/>
      </object_component>
      <object_component id="oc-22f">
         <name>.debug_info</name>
         <load_address>0x46de</load_address>
         <run_address>0x46de</run_address>
         <size>0x106</size>
         <input_file_ref idref="fl-5"/>
      </object_component>
      <object_component id="oc-235">
         <name>.debug_info</name>
         <load_address>0x47e4</load_address>
         <run_address>0x47e4</run_address>
         <size>0x106</size>
         <input_file_ref idref="fl-5"/>
      </object_component>
      <object_component id="oc-23b">
         <name>.debug_info</name>
         <load_address>0x48ea</load_address>
         <run_address>0x48ea</run_address>
         <size>0x106</size>
         <input_file_ref idref="fl-5"/>
      </object_component>
      <object_component id="oc-241">
         <name>.debug_info</name>
         <load_address>0x49f0</load_address>
         <run_address>0x49f0</run_address>
         <size>0x106</size>
         <input_file_ref idref="fl-5"/>
      </object_component>
      <object_component id="oc-247">
         <name>.debug_info</name>
         <load_address>0x4af6</load_address>
         <run_address>0x4af6</run_address>
         <size>0x106</size>
         <input_file_ref idref="fl-5"/>
      </object_component>
      <object_component id="oc-24d">
         <name>.debug_info</name>
         <load_address>0x4bfc</load_address>
         <run_address>0x4bfc</run_address>
         <size>0x106</size>
         <input_file_ref idref="fl-5"/>
      </object_component>
      <object_component id="oc-253">
         <name>.debug_info</name>
         <load_address>0x4d02</load_address>
         <run_address>0x4d02</run_address>
         <size>0x102</size>
         <input_file_ref idref="fl-5"/>
      </object_component>
      <object_component id="oc-259">
         <name>.debug_info</name>
         <load_address>0x4e04</load_address>
         <run_address>0x4e04</run_address>
         <size>0x114</size>
         <input_file_ref idref="fl-5"/>
      </object_component>
      <object_component id="oc-25f">
         <name>.debug_info</name>
         <load_address>0x4f18</load_address>
         <run_address>0x4f18</run_address>
         <size>0x116</size>
         <input_file_ref idref="fl-5"/>
      </object_component>
      <object_component id="oc-265">
         <name>.debug_info</name>
         <load_address>0x502e</load_address>
         <run_address>0x502e</run_address>
         <size>0x10a</size>
         <input_file_ref idref="fl-5"/>
      </object_component>
      <object_component id="oc-26b">
         <name>.debug_info</name>
         <load_address>0x5138</load_address>
         <run_address>0x5138</run_address>
         <size>0x10a</size>
         <input_file_ref idref="fl-5"/>
      </object_component>
      <object_component id="oc-271">
         <name>.debug_info</name>
         <load_address>0x5242</load_address>
         <run_address>0x5242</run_address>
         <size>0x10a</size>
         <input_file_ref idref="fl-5"/>
      </object_component>
      <object_component id="oc-277">
         <name>.debug_info</name>
         <load_address>0x534c</load_address>
         <run_address>0x534c</run_address>
         <size>0x10a</size>
         <input_file_ref idref="fl-5"/>
      </object_component>
      <object_component id="oc-27d">
         <name>.debug_info</name>
         <load_address>0x5456</load_address>
         <run_address>0x5456</run_address>
         <size>0x10a</size>
         <input_file_ref idref="fl-5"/>
      </object_component>
      <object_component id="oc-283">
         <name>.debug_info</name>
         <load_address>0x5560</load_address>
         <run_address>0x5560</run_address>
         <size>0x104</size>
         <input_file_ref idref="fl-5"/>
      </object_component>
      <object_component id="oc-289">
         <name>.debug_info</name>
         <load_address>0x5664</load_address>
         <run_address>0x5664</run_address>
         <size>0x108</size>
         <input_file_ref idref="fl-5"/>
      </object_component>
      <object_component id="oc-28f">
         <name>.debug_info</name>
         <load_address>0x576c</load_address>
         <run_address>0x576c</run_address>
         <size>0x108</size>
         <input_file_ref idref="fl-5"/>
      </object_component>
      <object_component id="oc-295">
         <name>.debug_info</name>
         <load_address>0x5874</load_address>
         <run_address>0x5874</run_address>
         <size>0x108</size>
         <input_file_ref idref="fl-5"/>
      </object_component>
      <object_component id="oc-29b">
         <name>.debug_info</name>
         <load_address>0x597c</load_address>
         <run_address>0x597c</run_address>
         <size>0x108</size>
         <input_file_ref idref="fl-5"/>
      </object_component>
      <object_component id="oc-2a1">
         <name>.debug_info</name>
         <load_address>0x5a84</load_address>
         <run_address>0x5a84</run_address>
         <size>0x108</size>
         <input_file_ref idref="fl-5"/>
      </object_component>
      <object_component id="oc-2a7">
         <name>.debug_info</name>
         <load_address>0x5b8c</load_address>
         <run_address>0x5b8c</run_address>
         <size>0x104</size>
         <input_file_ref idref="fl-5"/>
      </object_component>
      <object_component id="oc-2ad">
         <name>.debug_info</name>
         <load_address>0x5c90</load_address>
         <run_address>0x5c90</run_address>
         <size>0x106</size>
         <input_file_ref idref="fl-5"/>
      </object_component>
      <object_component id="oc-2b3">
         <name>.debug_info</name>
         <load_address>0x5d96</load_address>
         <run_address>0x5d96</run_address>
         <size>0x104</size>
         <input_file_ref idref="fl-5"/>
      </object_component>
      <object_component id="oc-2b9">
         <name>.debug_info</name>
         <load_address>0x5e9a</load_address>
         <run_address>0x5e9a</run_address>
         <size>0x10c</size>
         <input_file_ref idref="fl-5"/>
      </object_component>
      <object_component id="oc-2bf">
         <name>.debug_info</name>
         <load_address>0x5fa6</load_address>
         <run_address>0x5fa6</run_address>
         <size>0x106</size>
         <input_file_ref idref="fl-5"/>
      </object_component>
      <object_component id="oc-2c5">
         <name>.debug_info</name>
         <load_address>0x60ac</load_address>
         <run_address>0x60ac</run_address>
         <size>0x106</size>
         <input_file_ref idref="fl-5"/>
      </object_component>
      <object_component id="oc-2cb">
         <name>.debug_info</name>
         <load_address>0x61b2</load_address>
         <run_address>0x61b2</run_address>
         <size>0x106</size>
         <input_file_ref idref="fl-5"/>
      </object_component>
      <object_component id="oc-2d1">
         <name>.debug_info</name>
         <load_address>0x62b8</load_address>
         <run_address>0x62b8</run_address>
         <size>0x114</size>
         <input_file_ref idref="fl-5"/>
      </object_component>
      <object_component id="oc-2d7">
         <name>.debug_info</name>
         <load_address>0x63cc</load_address>
         <run_address>0x63cc</run_address>
         <size>0x118</size>
         <input_file_ref idref="fl-5"/>
      </object_component>
      <object_component id="oc-2dd">
         <name>.debug_info</name>
         <load_address>0x64e4</load_address>
         <run_address>0x64e4</run_address>
         <size>0x114</size>
         <input_file_ref idref="fl-5"/>
      </object_component>
      <object_component id="oc-2e3">
         <name>.debug_info</name>
         <load_address>0x65f8</load_address>
         <run_address>0x65f8</run_address>
         <size>0x114</size>
         <input_file_ref idref="fl-5"/>
      </object_component>
      <object_component id="oc-2e9">
         <name>.debug_info</name>
         <load_address>0x670c</load_address>
         <run_address>0x670c</run_address>
         <size>0x114</size>
         <input_file_ref idref="fl-5"/>
      </object_component>
      <object_component id="oc-2ef">
         <name>.debug_info</name>
         <load_address>0x6820</load_address>
         <run_address>0x6820</run_address>
         <size>0x110</size>
         <input_file_ref idref="fl-5"/>
      </object_component>
      <object_component id="oc-2f5">
         <name>.debug_info</name>
         <load_address>0x6930</load_address>
         <run_address>0x6930</run_address>
         <size>0x10a</size>
         <input_file_ref idref="fl-5"/>
      </object_component>
      <object_component id="oc-3ae">
         <name>.debug_info</name>
         <load_address>0x6a3a</load_address>
[...]
         <name>HICA_ISR</name>
         <value>0xafaa</value>
         <object_component_ref idref="oc-2b2"/>
      </symbol>
      <symbol id="sm-41a">
         <name>CANA0_ISR</name>
         <value>0xae06</value>
         <object_component_ref idref="oc-216"/>
      </symbol>
      <symbol id="sm-41b">
         <name>LINB_0_ISR</name>
         <value>0xaffa</value>
         <object_component_ref idref="oc-294"/>
      </symbol>
      <symbol id="sm-41c">
         <name>FSIRXA1_ISR</name>
         <value>0xaf82</value>
         <object_component_ref idref="oc-276"/>
      </symbol>
      <symbol id="sm-41d">
         <name>EPWM1_TZ_ISR</name>
         <value>0xaec4</value>
         <object_component_ref idref="oc-138"/>
      </symbol>
      <symbol id="sm-41e">
         <name>I2CA_FIFO_ISR</name>
         <value>0xafb4</value>
         <object_component_ref idref="oc-1f8"/>
      </symbol>
      <symbol id="sm-41f">
         <name>EPWM2_ISR</name>
         <value>0xaece</value>
         <object_component_ref idref="oc-168"/>
      </symbol>
      <symbol id="sm-420">
         <name>DMA_CH3_ISR</name>
         <value>0xae60</value>
         <object_component_ref idref="oc-1da"/>
      </symbol>
      <symbol id="sm-421">
         <name>FMC_ISR</name>
         <value>0xaf64</value>
         <object_component_ref idref="oc-252"/>
      </symbol>
      <symbol id="sm-422">
         <name>ADCC_EVT_ISR</name>
         <value>0xadf2</value>
         <object_component_ref idref="oc-2b8"/>
      </symbol>
      <symbol id="sm-423">
         <name>DATALOG_ISR</name>
         <value>0xae2e</value>
         <object_component_ref idref="oc-a8"/>
      </symbol>
      <symbol id="sm-424">
         <name>XINT2_ISR</name>
         <value>0xb144</value>
         <object_component_ref idref="oc-120"/>
      </symbol>
      <symbol id="sm-425">
         <name>PIE_RESERVED_ISR</name>
         <value>0xb02c</value>
         <object_component_ref idref="oc-2e8"/>
      </symbol>
      <symbol id="sm-426">
         <name>FLASH_CORR_ERR_ISR</name>
         <value>0xaf5a</value>
         <object_component_ref idref="oc-2d6"/>
      </symbol>
      <symbol id="sm-427">
         <name>I2CB_ISR</name>
         <value>0xafd2</value>
         <object_component_ref idref="oc-1fe"/>
      </symbol>
      <symbol id="sm-428">
         <name>CANA1_ISR</name>
         <value>0xae10</value>
         <object_component_ref idref="oc-21c"/>
      </symbol>
      <symbol id="sm-429">
         <name>LINB_1_ISR</name>
         <value>0xb004</value>
         <object_component_ref idref="oc-29a"/>
      </symbol>
      <symbol id="sm-42a">
         <name>FSIRXA2_ISR</name>
         <value>0xaf8c</value>
         <object_component_ref idref="oc-27c"/>
      </symbol>
      <symbol id="sm-42b">
         <name>ILLEGAL_ISR</name>
         <value>0xafdc</value>
         <object_component_ref idref="oc-c0"/>
      </symbol>
      <symbol id="sm-42c">
         <name>EPWM3_ISR</name>
         <value>0xaee2</value>
         <object_component_ref idref="oc-16e"/>
      </symbol>
      <symbol id="sm-42d">
         <name>TIMER0_ISR</name>
         <value>0xac98</value>
         <object_component_ref idref="oc-126"/>
      </symbol>
      <symbol id="sm-42e">
         <name>USER3_ISR</name>
         <value>0xb0ea</value>
         <object_component_ref idref="oc-d2"/>
      </symbol>
      <symbol id="sm-48a">
         <name>EPwm2Regs</name>
         <value>0x4100</value>
         <object_component_ref idref="oc-3b3"/>
      </symbol>
      <symbol id="sm-48b">
         <name>AdccRegs</name>
         <value>0x7500</value>
         <object_component_ref idref="oc-346"/>
      </symbol>
      <symbol id="sm-48c">
         <name>ClkCfgRegs</name>
         <value>0x5d200</value>
         <object_component_ref idref="oc-501"/>
      </symbol>
      <symbol id="sm-48d">
         <name>PieVectTable</name>
         <value>0xd00</value>
         <object_component_ref idref="oc-3aa"/>
      </symbol>
      <symbol id="sm-48e">
         <name>EPwm4Regs</name>
         <value>0x4300</value>
         <object_component_ref idref="oc-3b6"/>
      </symbol>
      <symbol id="sm-48f">
         <name>GpioCtrlRegs</name>
         <value>0x7c00</value>
         <object_component_ref idref="oc-484"/>
      </symbol>
      <symbol id="sm-490">
         <name>Dcc0Regs</name>
         <value>0x5e700</value>
         <object_component_ref idref="oc-55f"/>
      </symbol>
      <symbol id="sm-491">
         <name>CpuSysRegs</name>
         <value>0x5d300</value>
         <object_component_ref idref="oc-49c"/>
      </symbol>
      <symbol id="sm-492">
         <name>CpuTimer0Regs</name>
         <value>0xc00</value>
         <object_component_ref idref="oc-3ad"/>
      </symbol>
      <symbol id="sm-493">
         <name>Dcc1Regs</name>
         <value>0x5e740</value>
         <object_component_ref idref="oc-562"/>
      </symbol>
      <symbol id="sm-494">
         <name>EPwm7Regs</name>
         <value>0x4600</value>
         <object_component_ref idref="oc-3b9"/>
      </symbol>
      <symbol id="sm-495">
         <name>AdccResultRegs</name>
         <value>0xb40</value>
         <object_component_ref idref="oc-34f"/>
      </symbol>
      <symbol id="sm-496">
         <name>PieCtrlRegs</name>
         <value>0xce0</value>
         <object_component_ref idref="oc-352"/>
      </symbol>
      <symbol id="sm-497">
         <name>WdRegs</name>
         <value>0x7000</value>
         <object_component_ref idref="oc-4fd"/>
      </symbol>
      <symbol id="sm-498">
         <name>GpioDataRegs</name>
         <value>0x7f00</value>
         <object_component_ref idref="oc-487"/>
      </symbol>
      <symbol id="sm-499">
         <name>EPwm1Regs</name>
         <value>0x4000</value>
         <object_component_ref idref="oc-3b0"/>
      </symbol>
      <symbol id="sm-49a">
         <name>SciaRegs</name>
         <value>0x7200</value>
         <object_component_ref idref="oc-48f"/>
      </symbol>
      <symbol id="sm-4ac">
         <name>InitGpio</name>
         <value>0xaaed</value>
         <object_component_ref idref="oc-35c"/>
      </symbol>
      <symbol id="sm-4b9">
         <name>InitPieCtrl</name>
         <value>0xacb8</value>
         <object_component_ref idref="oc-362"/>
      </symbol>
      <symbol id="sm-4cd">
         <name>InitPieVectTable</name>
         <value>0xac53</value>
         <object_component_ref idref="oc-368"/>
      </symbol>
      <symbol id="sm-4ce">
         <name>PieVectTableInit</name>
         <value>0xa000</value>
         <object_component_ref idref="oc-9f"/>
      </symbol>
      <symbol id="sm-54c">
         <name>ComputeCntrSeedValue</name>
         <value>0xa7f7</value>
         <object_component_ref idref="oc-565"/>
      </symbol>
      <symbol id="sm-54d">
         <name>IsPLLValid</name>
         <value>0xa750</value>
         <object_component_ref idref="oc-51c"/>
      </symbol>
      <symbol id="sm-54e">
         <name>InitPeripheralClocks</name>
         <value>0xaa53</value>
         <object_component_ref idref="oc-47c"/>
      </symbol>
      <symbol id="sm-54f">
         <name>SysIntOsc1Sel</name>
         <value>0xb16c</value>
         <object_component_ref idref="oc-504"/>
      </symbol>
      <symbol id="sm-550">
         <name>SysXtalOscSel</name>
         <value>0xac78</value>
         <object_component_ref idref="oc-510"/>
      </symbol>
      <symbol id="sm-551">
         <name>SysXtalOscSESel</name>
         <value>0xad3c</value>
         <object_component_ref idref="oc-516"/>
      </symbol>
      <symbol id="sm-552">
         <name>InitSysCtrl</name>
         <value>0xad51</value>
         <object_component_ref idref="oc-356"/>
      </symbol>
      <symbol id="sm-553">
         <name>DisableDog</name>
         <value>0xad65</value>
         <object_component_ref idref="oc-470"/>
      </symbol>
      <symbol id="sm-554">
         <name>InitSysPll</name>
         <value>0xa66a</value>
         <object_component_ref idref="oc-476"/>
      </symbol>
      <symbol id="sm-555">
         <name>SysIntOsc2Sel</name>
         <value>0xb18e</value>
         <object_component_ref idref="oc-50a"/>
      </symbol>
      <symbol id="sm-55d">
         <name>F28x_usDelay</name>
         <value>0x128</value>
         <object_component_ref idref="oc-494"/>
      </symbol>
      <symbol id="sm-5dc">
         <name>temp</name>
         <value>0xb1a4</value>
         <object_component_ref idref="oc-349"/>
      </symbol>
      <symbol id="sm-5dd">
         <name>Vref</name>
         <value>0xb19c</value>
         <object_component_ref idref="oc-349"/>
      </symbol>
      <symbol id="sm-5de">
         <name>Vh2</name>
         <value>0xa3ca</value>
         <object_component_ref idref="oc-3bc"/>
      </symbol>
      <symbol id="sm-5df">
         <name>pwm_compare_1_config</name>
         <value>0xaaa0</value>
         <object_component_ref idref="oc-392"/>
      </symbol>
      <symbol id="sm-5e0">
         <name>Vev</name>
         <value>0xa3cc</value>
         <object_component_ref idref="oc-3bc"/>
      </symbol>
      <symbol id="sm-5e1">
         <name>Isen3</name>
         <value>0xa3c5</value>
         <object_component_ref idref="oc-3bc"/>
      </symbol>
      <symbol id="sm-5e2">
         <name>Isen2</name>
         <value>0xa3c3</value>
         <object_component_ref idref="oc-3bc"/>
      </symbol>
      <symbol id="sm-5e3">
         <name>Isen1</name>
         <value>0xa3c1</value>
         <object_component_ref idref="oc-3bc"/>
      </symbol>
      <symbol id="sm-5e4">
         <name>adc_config</name>
         <value>0xa90e</value>
         <object_component_ref idref="oc-37a"/>
      </symbol>
      <symbol id="sm-5e5">
         <name>Vpv_ant</name>
         <value>0xb1a2</value>
         <object_component_ref idref="oc-349"/>
      </symbol>
      <symbol id="sm-5e6">
         <name>update_ADC</name>
         <value>0xa3e2</value>
         <object_component_ref idref="oc-39e"/>
      </symbol>
      <symbol id="sm-5e7">
         <name>pwm_config</name>
         <value>0xa887</value>
         <object_component_ref idref="oc-38c"/>
      </symbol>
      <symbol id="sm-5e8">
         <name>Current_Control_H2</name>
         <value>0xaa05</value>
         <object_component_ref idref="oc-3a4"/>
      </symbol>
      <symbol id="sm-5e9">
         <name>timer0_config</name>
         <value>0xad26</value>
         <object_component_ref idref="oc-374"/>
      </symbol>
      <symbol id="sm-5ea">
         <name>cont</name>
         <value>0xa3de</value>
         <object_component_ref idref="oc-3bc"/>
      </symbol>
      <symbol id="sm-5eb">
         <name>Vsen4_med</name>
         <value>0xa350</value>
         <object_component_ref idref="oc-4ab"/>
      </symbol>
      <symbol id="sm-5ec">
         <name>lock_pwm_pin</name>
         <value>0xac01</value>
         <object_component_ref idref="oc-380"/>
      </symbol>
      <symbol id="sm-5ed">
         <name>Vdclink</name>
         <value>0xa3c8</value>
         <object_component_ref idref="oc-3bc"/>
      </symbol>
      <symbol id="sm-5ee">
         <name>Ipv</name>
         <value>0xa3d4</value>
         <object_component_ref idref="oc-3bc"/>
      </symbol>
      <symbol id="sm-5ef">
         <name>integral</name>
         <value>0xb1a6</value>
         <object_component_ref idref="oc-349"/>
      </symbol>
      <symbol id="sm-5f0">
         <name>Isen1_med</name>
         <value>0xa1c0</value>
         <object_component_ref idref="oc-4a2"/>
      </symbol>
      <symbol id="sm-5f1">
         <name>Ppv</name>
         <value>0xb19e</value>
         <object_component_ref idref="oc-349"/>
      </symbol>
      <symbol id="sm-5f2">
         <name>Mode</name>
         <value>0xb19b</value>
         <object_component_ref idref="oc-349"/>
      </symbol>
      <symbol id="sm-5f3">
         <name>flag_ADC</name>
         <value>0xb19a</value>
         <object_component_ref idref="oc-349"/>
      </symbol>
      <symbol id="sm-5f4">
         <name>SCIA_config</name>
         <value>0xab39</value>
         <object_component_ref idref="oc-36e"/>
      </symbol>
      <symbol id="sm-5f5">
         <name>IpvMed</name>
         <value>0xa3da</value>
         <object_component_ref idref="oc-3bc"/>
      </symbol>
      <symbol id="sm-5f6">
         <name>VpvMed</name>
         <value>0xa3d6</value>
         <object_component_ref idref="oc-3bc"/>
      </symbol>
      <symbol id="sm-5f7">
         <name>Ih2</name>
         <value>0xa3d0</value>
         <object_component_ref idref="oc-3bc"/>
      </symbol>
      <symbol id="sm-5f8">
         <name>H2_config_GPIO</name>
         <value>0xab73</value>
         <object_component_ref idref="oc-386"/>
      </symbol>
      <symbol id="sm-5f9">
         <name>Vsen1_med</name>
         <value>0xa224</value>
         <object_component_ref idref="oc-4a5"/>
      </symbol>
      <symbol id="sm-5fa">
         <name>Iev</name>
         <value>0xa3d2</value>
         <object_component_ref idref="oc-3bc"/>
      </symbol>
      <symbol id="sm-5fb">
         <name>Ppv_ant</name>
         <value>0xb1a0</value>
         <object_component_ref idref="oc-349"/>
      </symbol>
      <symbol id="sm-5fc">
         <name>Select_Mode</name>
         <value>0xa562</value>
         <object_component_ref idref="oc-398"/>
      </symbol>
      <symbol id="sm-5fd">
         <name>Vsen2</name>
         <value>0xa3c2</value>
         <object_component_ref idref="oc-3bc"/>
      </symbol>
      <symbol id="sm-5fe">
         <name>Vsen3</name>
         <value>0xa3c4</value>
         <object_component_ref idref="oc-3bc"/>
      </symbol>
      <symbol id="sm-5ff">
         <name>Vsen1</name>
         <value>0xa3c0</value>
         <object_component_ref idref="oc-3bc"/>
      </symbol>
      <symbol id="sm-600">
         <name>count</name>
         <value>0xb198</value>
         <object_component_ref idref="oc-349"/>
      </symbol>
      <symbol id="sm-601">
         <name>Vsen4</name>
         <value>0xa3c6</value>
         <object_component_ref idref="oc-3bc"/>
      </symbol>
      <symbol id="sm-602">
         <name>Vpv</name>
         <value>0xa3ce</value>
         <object_component_ref idref="oc-3bc"/>
      </symbol>
      <symbol id="sm-603">
         <name>Vsen3_med</name>
         <value>0xa2ec</value>
         <object_component_ref idref="oc-4ae"/>
      </symbol>
      <symbol id="sm-604">
         <name>flag_timer_0</name>
         <value>0xb199</value>
         <object_component_ref idref="oc-349"/>
      </symbol>
      <symbol id="sm-605">
         <name>Vsen2_med</name>
         <value>0xa288</value>
         <object_component_ref idref="oc-4a8"/>
      </symbol>
      <symbol id="sm-618">
         <name>Ih2_ref</name>
         <value>0xb1b2</value>
         <object_component_ref idref="oc-3bf"/>
      </symbol>
      <symbol id="sm-619">
         <name>main</name>
         <value>0xa98f</value>
         <object_component_ref idref="oc-12c"/>
      </symbol>
      <symbol id="sm-61a">
         <name>Iev_ref_NEGATIVE</name>
         <value>0xb1ac</value>
         <object_component_ref idref="oc-3bf"/>
      </symbol>
      <symbol id="sm-61b">
         <name>Kp_h2</name>
         <value>0xb1ae</value>
         <object_component_ref idref="oc-3bf"/>
      </symbol>
      <symbol id="sm-61c">
         <name>Kp_ev</name>
         <value>0xb1a8</value>
         <object_component_ref idref="oc-3bf"/>
      </symbol>
      <symbol id="sm-61d">
         <name>Ki_h2</name>
         <value>0xb1b0</value>
         <object_component_ref idref="oc-3bf"/>
      </symbol>
      <symbol id="sm-61e">
         <name>Ki_ev</name>
         <value>0xb1aa</value>
         <object_component_ref idref="oc-3bf"/>
      </symbol>
      <symbol id="sm-628">
         <name>_c_int00</name>
         <value>0xad0f</value>
         <object_component_ref idref="oc-8f"/>
      </symbol>
      <symbol id="sm-629">
         <name>__stack</name>
         <value>0x400</value>
         <object_component_ref idref="oc-2fa"/>
      </symbol>
      <symbol id="sm-638">
         <name>_system_pre_init</name>
         <value>0xb195</value>
         <object_component_ref idref="oc-311"/>
      </symbol>
      <symbol id="sm-647">
         <name>__TI_auto_init_nobinit_nopinit</name>
         <value>0xabd6</value>
         <object_component_ref idref="oc-423"/>
      </symbol>
      <symbol id="sm-656">
         <name>__TI_zero_init_nomemset</name>
         <value>0xad7f</value>
         <object_component_ref idref="oc-305"/>
      </symbol>
      <symbol id="sm-663">
         <name>__TI_decompress_none</name>
         <value>0xb17e</value>
         <object_component_ref idref="oc-88"/>
      </symbol>
      <symbol id="sm-677">
         <name>__TI_decompress_lzss</name>
         <value>0xaba6</value>
         <object_component_ref idref="oc-82"/>
      </symbol>
      <symbol id="sm-68d">
         <name>C$$EXIT</name>
         <value>0xac2a</value>
         <object_component_ref idref="oc-31e"/>
      </symbol>
      <symbol id="sm-68e">
         <name>abort</name>
         <value>0xac2a</value>
         <object_component_ref idref="oc-31e"/>
      </symbol>
      <symbol id="sm-68f">
         <name>exit</name>
         <value>0xac2c</value>
         <object_component_ref idref="oc-31e"/>
      </symbol>
      <symbol id="sm-690">
         <name>__TI_dtors_ptr</name>
         <value>0xb1b8</value>
         <object_component_ref idref="oc-455"/>
      </symbol>
      <symbol id="sm-691">
         <name>__TI_cleanup_ptr</name>
         <value>0xb1b6</value>
         <object_component_ref idref="oc-455"/>
      </symbol>
      <symbol id="sm-692">
         <name>__TI_enable_exit_profile_output</name>
         <value>0xb1b4</value>
         <object_component_ref idref="oc-455"/>
      </symbol>
      <symbol id="sm-6a9">
         <name>_nop</name>
         <value>0xb17d</value>
         <object_component_ref idref="oc-4eb"/>
      </symbol>
      <symbol id="sm-6aa">
         <name>_lock</name>
         <value>0xb1ba</value>
         <object_component_ref idref="oc-458"/>
      </symbol>
      <symbol id="sm-6ab">
         <name>_unlock</name>
         <value>0xb1bc</value>
         <object_component_ref idref="oc-54a"/>
      </symbol>
      <symbol id="sm-6ac">
         <name>_register_lock</name>
         <value>0xb179</value>
         <object_component_ref idref="oc-4eb"/>
      </symbol>
      <symbol id="sm-6ad">
         <name>_register_unlock</name>
         <value>0xb175</value>
         <object_component_ref idref="oc-4eb"/>
      </symbol>
      <symbol id="sm-6bc">
         <name>_args_main</name>
         <value>0xad8c</value>
         <object_component_ref idref="oc-318"/>
      </symbol>
      <symbol id="sm-6d0">
         <name>memcpy</name>
         <value>0xacd7</value>
         <object_component_ref idref="oc-2fd"/>
      </symbol>
      <symbol id="sm-6dd">
         <name>_system_post_cinit</name>
         <value>0xb197</value>
         <object_component_ref idref="oc-4d1"/>
      </symbol>
      <symbol id="sm-6df">
         <name>__c_args__</name>
         <value>0x0</value>
      </symbol>
   </symbol_table>
   <title>Link successful</title>
</link_info>
