******************************************************************************
             TMS320C2000 Linker PC v22.6.1                     
******************************************************************************
>> Linked Wed Apr 23 11:42:31 2025

OUTPUT FILE NAME:   <dummy_PWM_H2.out>
ENTRY POINT SYMBOL: "_c_int00"  address: 0000ad0f


MEMORY CONFIGURATION

         name            origin    length      used     unused   attr    fill
----------------------  --------  ---------  --------  --------  ----  --------
PAGE 0:
  BEGIN                 00000000   00000002  00000002  00000000  RWIX
  BOOT_RSVD             00000002   00000126  00000000  00000126  RWIX
  RAMM0                 00000128   000002d8  0000002e  000002aa  RWIX
  RAMM1                 00000400   000003f8  00000200  000001f8  RWIX
  RAMLS4567             0000a000   00002000  000011bf  00000e41  RWIX
  RAMGS0                0000c000   000007f8  00000000  000007f8  RWIX
  FLASH_BANK0_SEC0      00080002   00000ffe  00000000  00000ffe  RWIX
  FLASH_BANK0_SEC1      00081000   00001000  00000000  00001000  RWIX
  FLASH_BANK0_SEC2      00082000   00001000  00000000  00001000  RWIX
  FLASH_BANK0_SEC3      00083000   00001000  00000000  00001000  RWIX
  FLASH_BANK0_SEC4      00084000   00001000  00000000  00001000  RWIX
  FLASH_BANK0_SEC5      00085000   00001000  00000000  00001000  RWIX
  FLASH_BANK0_SEC6      00086000   00001000  00000000  00001000  RWIX
  FLASH_BANK0_SEC7      00087000   00001000  00000000  00001000  RWIX
  FLASH_BANK0_SEC8      00088000   00001000  00000000  00001000  RWIX
  FLASH_BANK0_SEC9      00089000   00001000  00000000  00001000  RWIX
  FLASH_BANK0_SEC10     0008a000   00001000  00000000  00001000  RWIX
  FLASH_BANK0_SEC11     0008b000   00001000  00000000  00001000  RWIX
  FLASH_BANK0_SEC12     0008c000   00001000  00000000  00001000  RWIX
  FLASH_BANK0_SEC13     0008d000   00001000  00000000  00001000  RWIX
  FLASH_BANK0_SEC14     0008e000   00001000  00000000  00001000  RWIX
  FLASH_BANK0_SEC15     0008f000   00000ff8  00000000  00000ff8  RWIX
  BOOTROM               003f0000   00008000  00000000  00008000  RWIX
  BOOTROM_EXT           003f8000   00007fc0  00000000  00007fc0  RWIX
  RESET                 003fffc0   00000002  00000000  00000002  RWIX

PAGE 1:
  ADCARESULT            00000b00   00000018  00000000  00000018  RWIX
  ADCCRESULT            00000b40   00000018  00000018  00000000  RWIX
  CPUTIMER0             00000c00   00000008  00000008  00000000  RWIX
  CPUTIMER1             00000c08   00000008  00000000  00000008  RWIX
  CPUTIMER2             00000c10   00000008  00000000  00000008  RWIX
  PIECTRL               00000ce0   0000001a  0000001a  00000000  RWIX
  PIEVECTTABLE          00000d00   00000200  000001c0  00000040  RWIX
  DMA                   00001000   00000200  00000000  00000200  RWIX
  CLB1LOGICCFG          00003000   00000052  00000000  00000052  RWIX
  CLB1LOGICCTRL         00003100   00000040  00000000  00000040  RWIX
  CLB1DATAEXCH          00003180   00000080  00000000  00000080  RWIX
  CLB2LOGICCFG          00003400   00000052  00000000  00000052  RWIX
  CLB2LOGICCTRL         00003500   00000040  00000000  00000040  RWIX
  CLB2DATAEXCH          00003580   00000080  00000000  00000080  RWIX
  EPWM1                 00004000   00000100  00000100  00000000  RWIX
  EPWM2                 00004100   00000100  00000100  00000000  RWIX
  EPWM3                 00004200   00000100  00000000  00000100  RWIX
  EPWM4                 00004300   00000100  00000100  00000000  RWIX
  EPWM5                 00004400   00000100  00000000  00000100  RWIX
  EPWM6                 00004500   00000100  00000000  00000100  RWIX
  EPWM7                 00004600   00000100  00000100  00000000  RWIX
  EQEP1                 00005100   00000040  00000000  00000040  RWIX
  EQEP2                 00005140   00000040  00000000  00000040  RWIX
  ECAP1                 00005200   00000020  00000000  00000020  RWIX
  ECAP2                 00005240   00000020  00000000  00000020  RWIX
  ECAP3                 00005280   00000020  00000000  00000020  RWIX
  HRCAP3                000052a0   00000020  00000000  00000020  RWIX
  CMPSS1                00005c80   00000020  00000000  00000020  RWIX
  CMPSS2                00005ca0   00000020  00000000  00000020  RWIX
  CMPSS3                00005cc0   00000020  00000000  00000020  RWIX
  CMPSS4                00005ce0   00000020  00000000  00000020  RWIX
  SPIA                  00006100   00000010  00000000  00000010  RWIX
  SPIB                  00006110   00000010  00000000  00000010  RWIX
  BGCRCCPU              00006340   00000040  00000000  00000040  RWIX
  PMBUSA                00006400   00000020  00000000  00000020  RWIX
  HIC                   00006500   00000080  00000000  00000080  RWIX
  FSITXA                00006600   00000050  00000000  00000050  RWIX
  FSIRXA                00006680   00000050  00000000  00000050  RWIX
  LINA                  00006a00   000000ec  00000000  000000ec  RWIX
  LINB                  00006b00   000000ec  00000000  000000ec  RWIX
  WD                    00007000   0000002c  0000002b  00000001  RWIX
  NMIINTRUPT            00007060   00000010  00000000  00000010  RWIX
  XINT                  00007070   0000000c  00000000  0000000c  RWIX
  SCIA                  00007200   00000010  00000010  00000000  RWIX
  I2CA                  00007300   00000022  00000000  00000022  RWIX
  I2CB                  00007340   00000022  00000000  00000022  RWIX
  ADCA                  00007400   00000080  00000000  00000080  RWIX
  ADCC                  00007500   00000080  00000076  0000000a  RWIX
  INPUTXBAR             00007900   00000020  00000000  00000020  RWIX
  XBAR                  00007920   00000020  00000000  00000020  RWIX
  SYNCSOC               00007940   00000006  00000000  00000006  RWIX
  CLBINPUTXBAR          00007960   00000020  00000000  00000020  RWIX
  DMACLASRCSEL          00007980   0000001a  00000000  0000001a  RWIX
  EPWMXBAR              00007a00   00000040  00000000  00000040  RWIX
  CLBXBAR               00007a40   00000040  00000000  00000040  RWIX
  OUTPUTXBAR            00007a80   00000040  00000000  00000040  RWIX
  CLBOUTPUTXBAR         00007bc0   00000040  00000000  00000040  RWIX
  GPIOCTRL              00007c00   00000200  00000200  00000000  RWIX
  GPIODATA              00007f00   00000040  0000003a  00000006  RWIX
  GPIODATAREAD          00007f80   00000010  00000000  00000010  RWIX
  CANA                  00048000   00000200  00000000  00000200  RWIX
  DEVCFG                0005d000   000001ac  00000000  000001ac  RWIX
  CLKCFG                0005d200   00000100  0000003e  000000c2  RWIX
  CPUSYS                0005d300   000000a0  00000082  0000001e  RWIX
  SYSPERIPHAC           0005d500   00000200  00000000  00000200  RWIX
  ANALOGSUBSYS          0005d700   00000100  00000000  00000100  RWIX
  DCC0                  0005e700   00000038  0000002c  0000000c  RWIX
  DCC1                  0005e740   00000038  0000002c  0000000c  RWIX
  ERADGLOBAL            0005e800   00000014  00000000  00000014  RWIX
  ERADHWBP1             0005e900   00000008  00000000  00000008  RWIX
  ERADHWBP2             0005e908   00000008  00000000  00000008  RWIX
  ERADHWBP3             0005e910   00000008  00000000  00000008  RWIX
  ERADHWBP4             0005e918   00000008  00000000  00000008  RWIX
  ERADHWBP5             0005e920   00000008  00000000  00000008  RWIX
  ERADHWBP6             0005e928   00000008  00000000  00000008  RWIX
  ERADHWBP7             0005e930   00000008  00000000  00000008  RWIX
  ERADHWBP8             0005e938   00000008  00000000  00000008  RWIX
  ERADCOUNTER1          0005e980   00000010  00000000  00000010  RWIX
  ERADCOUNTER2          0005e990   00000010  00000000  00000010  RWIX
  ERADCOUNTER3          0005e9a0   00000010  00000000  00000010  RWIX
  ERADCOUNTER4          0005e9b0   00000010  00000000  00000010  RWIX
  ERADCRCGLOBAL         0005ea00   00000010  00000000  00000010  RWIX
  ERADCRC1              0005ea10   00000010  00000000  00000010  RWIX
  ERADCRC2              0005ea20   00000010  00000000  00000010  RWIX
  ERADCRC3              0005ea30   00000010  00000000  00000010  RWIX
  ERADCRC4              0005ea40   00000010  00000000  00000010  RWIX
  ERADCRC5              0005ea50   00000010  00000000  00000010  RWIX
  ERADCRC6              0005ea60   00000010  00000000  00000010  RWIX
  ERADCRC7              0005ea70   00000010  00000000  00000010  RWIX
  ERADCRC8              0005ea80   00000010  00000000  00000010  RWIX
  DCSMBANK0Z1           0005f000   00000024  00000000  00000024  RWIX
  DCSMBANK0Z2           0005f040   00000024  00000000  00000024  RWIX
  DCSMCOMMON            0005f070   00000010  00000000  00000010  RWIX
  MEMCFG                0005f400   000000c0  00000000  000000c0  RWIX
  ACCESSPROTECTION      0005f500   0000003e  00000000  0000003e  RWIX
  MEMORYERROR           0005f540   00000040  00000000  00000040  RWIX
  TESTERROR             0005f590   00000010  00000000  00000010  RWIX
  FLASH0CTRL            0005f800   00000182  00000000  00000182  RWIX
  FLASH0ECC             0005fb00   00000028  00000000  00000028  RWIX
  UID                   000701f4   00000010  00000000  00000010  RWIX
  DCSMBANK0Z1OTP        00078000   00000020  00000000  00000020  RWIX
  DCSMBANK0Z2OTP        00078200   00000020  00000000  00000020  RWIX


SECTION ALLOCATION MAP

 output                                  attributes/
section   page    origin      length       input sections
--------  ----  ----------  ----------   ----------------
.TI.ramfunc 
*          0    00000128    00000004     
                  00000128    00000004     f28002x_usdelay.obj (.TI.ramfunc)

.cinit     0    0000012c    0000002a     
                  0000012c    00000010     (.cinit..data.load) [load image, compression = lzss]
                  0000013c    00000006     (__TI_handler_table)
                  00000142    00000004     (.cinit..bss.load) [load image, compression = zero_init]
                  00000146    00000004     (.cinit.PieVectTableFile.load) [load image, compression = zero_init]
                  0000014a    0000000c     (__TI_cinit_table)

.text      0    0000a3e2    00000db6     
                  0000a3e2    00000180     functions.obj (.text:update_ADC)
                  0000a562    00000108     functions.obj (.text:Select_Mode)
                  0000a66a    000000e6     f28002x_sysctrl.obj (.text:InitSysPll)
                  0000a750    000000a7     f28002x_sysctrl.obj (.text:IsPLLValid)
                  0000a7f7    00000090     f28002x_sysctrl.obj (.text:ComputeCntrSeedValue)
                  0000a887    00000087     functions.obj (.text:pwm_config)
                  0000a90e    00000081     functions.obj (.text:adc_config)
                  0000a98f    00000076     main.obj (.text:main)
                  0000aa05    0000004e     functions.obj (.text:Current_Control_H2)
                  0000aa53    0000004d     f28002x_sysctrl.obj (.text:InitPeripheralClocks)
                  0000aaa0    0000004d     functions.obj (.text:pwm_compare_1_config)
                  0000aaed    0000004c     f28002x_gpio.obj (.text:InitGpio)
                  0000ab39    0000003a     functions.obj (.text:SCIA_config)
                  0000ab73    00000033     functions.obj (.text:H2_config_GPIO)
                  0000aba6    00000030     rts2800_fpu32_eabi.lib : copy_decompress_lzss.c.obj (.text:decompress:lzss)
                  0000abd6    0000002b                            : autoinit.c.obj (.text:__TI_auto_init_nobinit_nopinit)
                  0000ac01    00000029     functions.obj (.text:lock_pwm_pin)
                  0000ac2a    00000029     rts2800_fpu32_eabi.lib : exit.c.obj (.text)
                  0000ac53    00000025     f28002x_pievect.obj (.text:InitPieVectTable)
                  0000ac78    00000020     f28002x_sysctrl.obj (.text:SysXtalOscSel)
                  0000ac98    00000020     f28002x_defaultisr.obj (.text:TIMER0_ISR)
                  0000acb8    0000001f     f28002x_piectrl.obj (.text:InitPieCtrl)
                  0000acd7    0000001d     rts2800_fpu32_eabi.lib : memcpy.c.obj (.text)
                  0000acf4    0000001b     f28002x_sysctrl.obj (.text:PollX1Counter)
                  0000ad0f    00000017     rts2800_fpu32_eabi.lib : boot28.asm.obj (.text)
                  0000ad26    00000016     functions.obj (.text:timer0_config)
                  0000ad3c    00000015     f28002x_sysctrl.obj (.text:SysXtalOscSESel)
                  0000ad51    00000014     f28002x_sysctrl.obj (.text:InitSysCtrl)
                  0000ad65    0000000d     f28002x_sysctrl.obj (.text:DisableDog)
                  0000ad72    0000000d     f28002x_defaultisr.obj (.text:EMPTY_ISR)
                  0000ad7f    0000000d     rts2800_fpu32_eabi.lib : copy_zero_init.c.obj (.text:decompress:ZI:__TI_zero_init_nomemset)
                  0000ad8c    0000000c                            : args_main.c.obj (.text)
                  0000ad98    0000000a     f28002x_defaultisr.obj (.text:ADCA1_ISR)
                  0000ada2    0000000a     f28002x_defaultisr.obj (.text:ADCA2_ISR)
                  0000adac    0000000a     f28002x_defaultisr.obj (.text:ADCA3_ISR)
                  0000adb6    0000000a     f28002x_defaultisr.obj (.text:ADCA4_ISR)
                  0000adc0    0000000a     f28002x_defaultisr.obj (.text:ADCA_EVT_ISR)
                  0000adca    0000000a     f28002x_defaultisr.obj (.text:ADCC1_ISR)
                  0000add4    0000000a     f28002x_defaultisr.obj (.text:ADCC2_ISR)
                  0000adde    0000000a     f28002x_defaultisr.obj (.text:ADCC3_ISR)
                  0000ade8    0000000a     f28002x_defaultisr.obj (.text:ADCC4_ISR)
                  0000adf2    0000000a     f28002x_defaultisr.obj (.text:ADCC_EVT_ISR)
                  0000adfc    0000000a     f28002x_defaultisr.obj (.text:BGCRC_ISR)
                  0000ae06    0000000a     f28002x_defaultisr.obj (.text:CANA0_ISR)
                  0000ae10    0000000a     f28002x_defaultisr.obj (.text:CANA1_ISR)
                  0000ae1a    0000000a     f28002x_defaultisr.obj (.text:CLB1_ISR)
                  0000ae24    0000000a     f28002x_defaultisr.obj (.text:CLB2_ISR)
                  0000ae2e    0000000a     f28002x_defaultisr.obj (.text:DATALOG_ISR)
                  0000ae38    0000000a     f28002x_defaultisr.obj (.text:DCC0_ISR)
                  0000ae42    0000000a     f28002x_defaultisr.obj (.text:DCC1_ISR)
                  0000ae4c    0000000a     f28002x_defaultisr.obj (.text:DMA_CH1_ISR)
                  0000ae56    0000000a     f28002x_defaultisr.obj (.text:DMA_CH2_ISR)
                  0000ae60    0000000a     f28002x_defaultisr.obj (.text:DMA_CH3_ISR)
                  0000ae6a    0000000a     f28002x_defaultisr.obj (.text:DMA_CH4_ISR)
                  0000ae74    0000000a     f28002x_defaultisr.obj (.text:DMA_CH5_ISR)
                  0000ae7e    0000000a     f28002x_defaultisr.obj (.text:DMA_CH6_ISR)
                  0000ae88    0000000a     f28002x_defaultisr.obj (.text:ECAP1_ISR)
                  0000ae92    0000000a     f28002x_defaultisr.obj (.text:ECAP2_ISR)
                  0000ae9c    0000000a     f28002x_defaultisr.obj (.text:ECAP3_2_ISR)
                  0000aea6    0000000a     f28002x_defaultisr.obj (.text:ECAP3_ISR)
                  0000aeb0    0000000a     f28002x_defaultisr.obj (.text:EMU_ISR)
                  0000aeba    0000000a     f28002x_defaultisr.obj (.text:EPWM1_ISR)
                  0000aec4    0000000a     f28002x_defaultisr.obj (.text:EPWM1_TZ_ISR)
                  0000aece    0000000a     f28002x_defaultisr.obj (.text:EPWM2_ISR)
                  0000aed8    0000000a     f28002x_defaultisr.obj (.text:EPWM2_TZ_ISR)
                  0000aee2    0000000a     f28002x_defaultisr.obj (.text:EPWM3_ISR)
                  0000aeec    0000000a     f28002x_defaultisr.obj (.text:EPWM3_TZ_ISR)
                  0000aef6    0000000a     f28002x_defaultisr.obj (.text:EPWM4_ISR)
                  0000af00    0000000a     f28002x_defaultisr.obj (.text:EPWM4_TZ_ISR)
                  0000af0a    0000000a     f28002x_defaultisr.obj (.text:EPWM5_ISR)
                  0000af14    0000000a     f28002x_defaultisr.obj (.text:EPWM5_TZ_ISR)
                  0000af1e    0000000a     f28002x_defaultisr.obj (.text:EPWM6_ISR)
                  0000af28    0000000a     f28002x_defaultisr.obj (.text:EPWM6_TZ_ISR)
                  0000af32    0000000a     f28002x_defaultisr.obj (.text:EPWM7_ISR)
                  0000af3c    0000000a     f28002x_defaultisr.obj (.text:EPWM7_TZ_ISR)
                  0000af46    0000000a     f28002x_defaultisr.obj (.text:EQEP1_ISR)
                  0000af50    0000000a     f28002x_defaultisr.obj (.text:EQEP2_ISR)
                  0000af5a    0000000a     f28002x_defaultisr.obj (.text:FLASH_CORR_ERR_ISR)
                  0000af64    0000000a     f28002x_defaultisr.obj (.text:FMC_ISR)
                  0000af6e    0000000a     f28002x_defaultisr.obj (.text:FPU_OVERFLOW_ISR)
                  0000af78    0000000a     f28002x_defaultisr.obj (.text:FPU_UNDERFLOW_ISR)
                  0000af82    0000000a     f28002x_defaultisr.obj (.text:FSIRXA1_ISR)
                  0000af8c    0000000a     f28002x_defaultisr.obj (.text:FSIRXA2_ISR)
                  0000af96    0000000a     f28002x_defaultisr.obj (.text:FSITXA1_ISR)
                  0000afa0    0000000a     f28002x_defaultisr.obj (.text:FSITXA2_ISR)
                  0000afaa    0000000a     f28002x_defaultisr.obj (.text:HICA_ISR)
                  0000afb4    0000000a     f28002x_defaultisr.obj (.text:I2CA_FIFO_ISR)
                  0000afbe    0000000a     f28002x_defaultisr.obj (.text:I2CA_ISR)
                  0000afc8    0000000a     f28002x_defaultisr.obj (.text:I2CB_FIFO_ISR)
                  0000afd2    0000000a     f28002x_defaultisr.obj (.text:I2CB_ISR)
                  0000afdc    0000000a     f28002x_defaultisr.obj (.text:ILLEGAL_ISR)
                  0000afe6    0000000a     f28002x_defaultisr.obj (.text:LINA_0_ISR)
                  0000aff0    0000000a     f28002x_defaultisr.obj (.text:LINA_1_ISR)
                  0000affa    0000000a     f28002x_defaultisr.obj (.text:LINB_0_ISR)
                  0000b004    0000000a     f28002x_defaultisr.obj (.text:LINB_1_ISR)
                  0000b00e    0000000a     f28002x_defaultisr.obj (.text:MPOST_ISR)
                  0000b018    0000000a     f28002x_defaultisr.obj (.text:NMI_ISR)
                  0000b022    0000000a     f28002x_defaultisr.obj (.text:NOTUSED_ISR)
                  0000b02c    0000000a     f28002x_defaultisr.obj (.text:PIE_RESERVED_ISR)
                  0000b036    0000000a     f28002x_defaultisr.obj (.text:PMBUSA_ISR)
                  0000b040    0000000a     f28002x_defaultisr.obj (.text:RAM_ACC_VIOL_ISR)
                  0000b04a    0000000a     f28002x_defaultisr.obj (.text:RAM_CORR_ERR_ISR)
                  0000b054    0000000a     f28002x_defaultisr.obj (.text:RTOS_ISR)
                  0000b05e    0000000a     f28002x_defaultisr.obj (.text:SCIA_RX_ISR)
                  0000b068    0000000a     f28002x_defaultisr.obj (.text:SCIA_TX_ISR)
                  0000b072    0000000a     f28002x_defaultisr.obj (.text:SPIA_RX_ISR)
                  0000b07c    0000000a     f28002x_defaultisr.obj (.text:SPIA_TX_ISR)
                  0000b086    0000000a     f28002x_defaultisr.obj (.text:SPIB_RX_ISR)
                  0000b090    0000000a     f28002x_defaultisr.obj (.text:SPIB_TX_ISR)
                  0000b09a    0000000a     f28002x_defaultisr.obj (.text:SYS_PLL_SLIP_ISR)
                  0000b0a4    0000000a     f28002x_defaultisr.obj (.text:TIMER1_ISR)
                  0000b0ae    0000000a     f28002x_defaultisr.obj (.text:TIMER2_ISR)
                  0000b0b8    0000000a     f28002x_defaultisr.obj (.text:USER10_ISR)
                  0000b0c2    0000000a     f28002x_defaultisr.obj (.text:USER11_ISR)
                  0000b0cc    0000000a     f28002x_defaultisr.obj (.text:USER12_ISR)
                  0000b0d6    0000000a     f28002x_defaultisr.obj (.text:USER1_ISR)
                  0000b0e0    0000000a     f28002x_defaultisr.obj (.text:USER2_ISR)
                  0000b0ea    0000000a     f28002x_defaultisr.obj (.text:USER3_ISR)
                  0000b0f4    0000000a     f28002x_defaultisr.obj (.text:USER4_ISR)
                  0000b0fe    0000000a     f28002x_defaultisr.obj (.text:USER5_ISR)
                  0000b108    0000000a     f28002x_defaultisr.obj (.text:USER6_ISR)
                  0000b112    0000000a     f28002x_defaultisr.obj (.text:USER7_ISR)
                  0000b11c    0000000a     f28002x_defaultisr.obj (.text:USER8_ISR)
                  0000b126    0000000a     f28002x_defaultisr.obj (.text:USER9_ISR)
                  0000b130    0000000a     f28002x_defaultisr.obj (.text:WAKE_ISR)
                  0000b13a    0000000a     f28002x_defaultisr.obj (.text:XINT1_ISR)
                  0000b144    0000000a     f28002x_defaultisr.obj (.text:XINT2_ISR)
                  0000b14e    0000000a     f28002x_defaultisr.obj (.text:XINT3_ISR)
                  0000b158    0000000a     f28002x_defaultisr.obj (.text:XINT4_ISR)
                  0000b162    0000000a     f28002x_defaultisr.obj (.text:XINT5_ISR)
                  0000b16c    00000009     f28002x_sysctrl.obj (.text:SysIntOsc1Sel)
                  0000b175    00000009     rts2800_fpu32_eabi.lib : _lock.c.obj (.text)
                  0000b17e    00000008                            : copy_decompress_none.c.obj (.text:decompress:none)
                  0000b186    00000008     f28002x_codestartbranch.obj (.text)
                  0000b18e    00000007     f28002x_sysctrl.obj (.text:SysIntOsc2Sel)
                  0000b195    00000002     rts2800_fpu32_eabi.lib : pre_init.c.obj (.text)
                  0000b197    00000001                            : startup.c.obj (.text)

.reset     0    003fffc0    00000000     DSECT

codestart 
*          0    00000000    00000002     
                  00000000    00000002     f28002x_codestartbranch.obj (codestart)

.stack     0    00000400    00000200     UNINITIALIZED
                  00000400    00000200     --HOLE--

.bss       0    0000a1c0    00000222     UNINITIALIZED
                  0000a1c0    00000064     functions.obj (.bss:Isen1_med)
                  0000a224    00000064     functions.obj (.bss:Vsen1_med)
                  0000a288    00000064     functions.obj (.bss:Vsen2_med)
                  0000a2ec    00000064     functions.obj (.bss:Vsen3_med)
                  0000a350    00000064     functions.obj (.bss:Vsen4_med)
                  0000a3b4    0000000c     --HOLE--
                  0000a3c0    00000022     functions.obj (.bss)

.init_array 
*          0    00000128    00000000     UNINITIALIZED

.const     0    0000a000    000001c0     
                  0000a000    000001c0     f28002x_pievect.obj (.const)

.data      0    0000b198    00000027     UNINITIALIZED
                  0000b198    00000010     functions.obj (.data)
                  0000b1a8    0000000c     main.obj (.data)
                  0000b1b4    00000006     rts2800_fpu32_eabi.lib : exit.c.obj (.data)
                  0000b1ba    00000002                            : _lock.c.obj (.data:_lock)
                  0000b1bc    00000002                            : _lock.c.obj (.data:_unlock)
                  0000b1be    00000001     f28002x_defaultisr.obj (.data)

PieVectTableFile 
*          1    00000d00    000001c0     UNINITIALIZED
                  00000d00    000001c0     f28002x_globalvariabledefs.obj (PieVectTableFile)

EmuKeyVar 
*          1    00000d00    00000000     UNINITIALIZED

EmuBModeVar 
*          1    00000d00    00000000     UNINITIALIZED

EmuBootPinsVar 
*          1    00000d00    00000000     UNINITIALIZED

FlashCallbackVar 
*          1    00000d00    00000000     UNINITIALIZED

FlashScalingVar 
*          1    00000d00    00000000     UNINITIALIZED

AdccRegsFile 
*          1    00007500    00000076     UNINITIALIZED
                  00007500    00000076     f28002x_globalvariabledefs.obj (AdccRegsFile)

AdccResultRegsFile 
*          1    00000b40    00000018     UNINITIALIZED
                  00000b40    00000018     f28002x_globalvariabledefs.obj (AdccResultRegsFile)

ClkCfgRegsFile 
*          1    0005d200    0000003e     UNINITIALIZED
                  0005d200    0000003e     f28002x_globalvariabledefs.obj (ClkCfgRegsFile)

CpuTimer0RegsFile 
*          1    00000c00    00000008     UNINITIALIZED
                  00000c00    00000008     f28002x_globalvariabledefs.obj (CpuTimer0RegsFile)

CpuSysRegsFile 
*          1    0005d300    00000082     UNINITIALIZED
                  0005d300    00000082     f28002x_globalvariabledefs.obj (CpuSysRegsFile)

Dcc0RegsFile 
*          1    0005e700    0000002c     UNINITIALIZED
                  0005e700    0000002c     f28002x_globalvariabledefs.obj (Dcc0RegsFile)

Dcc1RegsFile 
*          1    0005e740    0000002c     UNINITIALIZED
                  0005e740    0000002c     f28002x_globalvariabledefs.obj (Dcc1RegsFile)

EPwm1RegsFile 
*          1    00004000    00000100     UNINITIALIZED
                  00004000    00000100     f28002x_globalvariabledefs.obj (EPwm1RegsFile)

EPwm2RegsFile 
*          1    00004100    00000100     UNINITIALIZED
                  00004100    00000100     f28002x_globalvariabledefs.obj (EPwm2RegsFile)

EPwm4RegsFile 
*          1    00004300    00000100     UNINITIALIZED
                  00004300    00000100     f28002x_globalvariabledefs.obj (EPwm4RegsFile)

EPwm7RegsFile 
*          1    00004600    00000100     UNINITIALIZED
                  00004600    00000100     f28002x_globalvariabledefs.obj (EPwm7RegsFile)

GpioCtrlRegsFile 
*          1    00007c00    00000200     UNINITIALIZED
                  00007c00    00000200     f28002x_globalvariabledefs.obj (GpioCtrlRegsFile)

GpioDataRegsFile 
*          1    00007f00    0000003a     UNINITIALIZED
                  00007f00    0000003a     f28002x_globalvariabledefs.obj (GpioDataRegsFile)

PieCtrlRegsFile 
*          1    00000ce0    0000001a     UNINITIALIZED
                  00000ce0    0000001a     f28002x_globalvariabledefs.obj (PieCtrlRegsFile)

SciaRegsFile 
*          1    00007200    00000010     UNINITIALIZED
                  00007200    00000010     f28002x_globalvariabledefs.obj (SciaRegsFile)

WdRegsFile 
*          1    00007000    0000002b     UNINITIALIZED
                  00007000    0000002b     f28002x_globalvariabledefs.obj (WdRegsFile)

MODULE SUMMARY

       Module                           code   ro data   rw data
       ------                           ----   -------   -------
    .\
       f28002x_globalvariabledefs.obj   0      0         2557   
       functions.obj                    1239   0         550    
       f28002x_defaultisr.obj           1025   0         1      
       f28002x_sysctrl.obj              747    0         0      
       f28002x_pievect.obj              37     448       0      
       main.obj                         118    0         12     
       f28002x_gpio.obj                 76     0         0      
       f28002x_piectrl.obj              31     0         0      
       f28002x_codestartbranch.obj      10     0         0      
       f28002x_usdelay.obj              4      0         0      
    +--+--------------------------------+------+---------+---------+
       Total:                           3287   448       3120   
                                                                
    E:\ti\ccs1271\ccs\tools\compiler\ti-cgt-c2000_22.6.1.LTS\lib\rts2800_fpu32_eabi.lib
       copy_decompress_lzss.c.obj       48     0         0      
       exit.c.obj                       41     0         6      
       autoinit.c.obj                   43     0         0      
       memcpy.c.obj                     29     0         0      
       boot28.asm.obj                   23     0         0      
       _lock.c.obj                      9      0         4      
       copy_zero_init.c.obj             13     0         0      
       args_main.c.obj                  12     0         0      
       copy_decompress_none.c.obj       8      0         0      
       pre_init.c.obj                   2      0         0      
       startup.c.obj                    1      0         0      
    +--+--------------------------------+------+---------+---------+
       Total:                           229    0         10     
                                                                
       Stack:                           0      0         512    
       Linker Generated:                0      42        0      
    +--+--------------------------------+------+---------+---------+
       Grand Total:                     3516   490       3642   


LINKER GENERATED COPY TABLES

__TI_cinit_table @ 0000014a records: 3, size/record: 4, table size: 12
	.data: load addr=0000012c, load size=00000010 bytes, run addr=0000b198, run size=00000027 bytes, compression=lzss
	.bss: load addr=00000142, load size=00000004 bytes, run addr=0000a1c0, run size=00000222 bytes, compression=zero_init
	PieVectTableFile: load addr=00000146, load size=00000004 bytes, run addr=00000d00, run size=000001c0 bytes, compression=zero_init


LINKER GENERATED HANDLER TABLE

__TI_handler_table @ 0000013c records: 3, size/record: 2, table size: 6
	index: 0, handler: __TI_zero_init
	index: 1, handler: __TI_decompress_lzss
	index: 2, handler: __TI_decompress_none


GLOBAL DATA SYMBOLS: SORTED BY DATA PAGE

address     data page           name
--------    ----------------    ----
00000400      10 (00000400)     __stack

00000b40      2d (00000b40)     AdccResultRegs

00000c00      30 (00000c00)     CpuTimer0Regs

00000ce0      33 (00000cc0)     PieCtrlRegs

00000d00      34 (00000d00)     PieVectTable

00004000     100 (00004000)     EPwm1Regs

00004100     104 (00004100)     EPwm2Regs

00004300     10c (00004300)     EPwm4Regs

00004600     118 (00004600)     EPwm7Regs

00007000     1c0 (00007000)     WdRegs

00007200     1c8 (00007200)     SciaRegs

00007500     1d4 (00007500)     AdccRegs

00007c00     1f0 (00007c00)     GpioCtrlRegs

00007f00     1fc (00007f00)     GpioDataRegs

0000a000     280 (0000a000)     PieVectTableInit

0000a1c0     287 (0000a1c0)     Isen1_med

0000a224     288 (0000a200)     Vsen1_med

0000a288     28a (0000a280)     Vsen2_med

0000a2ec     28b (0000a2c0)     Vsen3_med

0000a350     28d (0000a340)     Vsen4_med

0000a3c0     28f (0000a3c0)     Vsen1
0000a3c1     28f (0000a3c0)     Isen1
0000a3c2     28f (0000a3c0)     Vsen2
0000a3c3     28f (0000a3c0)     Isen2
0000a3c4     28f (0000a3c0)     Vsen3
0000a3c5     28f (0000a3c0)     Isen3
0000a3c6     28f (0000a3c0)     Vsen4
0000a3c8     28f (0000a3c0)     Vdclink
0000a3ca     28f (0000a3c0)     Vh2
0000a3cc     28f (0000a3c0)     Vev
0000a3ce     28f (0000a3c0)     Vpv
0000a3d0     28f (0000a3c0)     Ih2
0000a3d2     28f (0000a3c0)     Iev
0000a3d4     28f (0000a3c0)     Ipv
0000a3d6     28f (0000a3c0)     VpvMed
0000a3da     28f (0000a3c0)     IpvMed
0000a3de     28f (0000a3c0)     cont

0000b198     2c6 (0000b180)     count
0000b199     2c6 (0000b180)     flag_timer_0
0000b19a     2c6 (0000b180)     flag_ADC
0000b19b     2c6 (0000b180)     Mode
0000b19c     2c6 (0000b180)     Vref
0000b19e     2c6 (0000b180)     Ppv
0000b1a0     2c6 (0000b180)     Ppv_ant
0000b1a2     2c6 (0000b180)     Vpv_ant
0000b1a4     2c6 (0000b180)     temp
0000b1a6     2c6 (0000b180)     integral
0000b1a8     2c6 (0000b180)     Kp_ev
0000b1aa     2c6 (0000b180)     Ki_ev
0000b1ac     2c6 (0000b180)     Iev_ref_NEGATIVE
0000b1ae     2c6 (0000b180)     Kp_h2
0000b1b0     2c6 (0000b180)     Ki_h2
0000b1b2     2c6 (0000b180)     Ih2_ref
0000b1b4     2c6 (0000b180)     __TI_enable_exit_profile_output
0000b1b6     2c6 (0000b180)     __TI_cleanup_ptr
0000b1b8     2c6 (0000b180)     __TI_dtors_ptr
0000b1ba     2c6 (0000b180)     _lock
0000b1bc     2c6 (0000b180)     _unlock
0000b1be     2c6 (0000b180)     adc_completed_conversion

0005d200    1748 (0005d200)     ClkCfgRegs

0005d300    174c (0005d300)     CpuSysRegs

0005e700    179c (0005e700)     Dcc0Regs

0005e740    179d (0005e740)     Dcc1Regs


GLOBAL SYMBOLS: SORTED ALPHABETICALLY BY Name 

page  address   name                           
----  -------   ----                           
0     0000ad98  ADCA1_ISR                      
0     0000ada2  ADCA2_ISR                      
0     0000adac  ADCA3_ISR                      
0     0000adb6  ADCA4_ISR                      
0     0000adc0  ADCA_EVT_ISR                   
0     0000adca  ADCC1_ISR                      
0     0000add4  ADCC2_ISR                      
0     0000adde  ADCC3_ISR                      
0     0000ade8  ADCC4_ISR                      
0     0000adf2  ADCC_EVT_ISR                   
1     00007500  AdccRegs                       
1     00000b40  AdccResultRegs                 
0     0000adfc  BGCRC_ISR                      
0     0000ac2a  C$$EXIT                        
0     0000ae06  CANA0_ISR                      
0     0000ae10  CANA1_ISR                      
0     0000ae1a  CLB1_ISR                       
0     0000ae24  CLB2_ISR                       
1     0005d200  ClkCfgRegs                     
0     0000a7f7  ComputeCntrSeedValue           
1     0005d300  CpuSysRegs                     
1     00000c00  CpuTimer0Regs                  
0     0000aa05  Current_Control_H2             
0     0000ae2e  DATALOG_ISR                    
0     0000ae38  DCC0_ISR                       
0     0000ae42  DCC1_ISR                       
0     0000ae4c  DMA_CH1_ISR                    
0     0000ae56  DMA_CH2_ISR                    
0     0000ae60  DMA_CH3_ISR                    
0     0000ae6a  DMA_CH4_ISR                    
0     0000ae74  DMA_CH5_ISR                    
0     0000ae7e  DMA_CH6_ISR                    
1     0005e700  Dcc0Regs                       
1     0005e740  Dcc1Regs                       
0     0000ad65  DisableDog                     
0     0000ae88  ECAP1_ISR                      
0     0000ae92  ECAP2_ISR                      
0     0000ae9c  ECAP3_2_ISR                    
0     0000aea6  ECAP3_ISR                      
0     0000ad72  EMPTY_ISR                      
0     0000aeb0  EMU_ISR                        
0     0000aeba  EPWM1_ISR                      
0     0000aec4  EPWM1_TZ_ISR                   
0     0000aece  EPWM2_ISR                      
0     0000aed8  EPWM2_TZ_ISR                   
0     0000aee2  EPWM3_ISR                      
0     0000aeec  EPWM3_TZ_ISR                   
0     0000aef6  EPWM4_ISR                      
0     0000af00  EPWM4_TZ_ISR                   
0     0000af0a  EPWM5_ISR                      
0     0000af14  EPWM5_TZ_ISR                   
0     0000af1e  EPWM6_ISR                      
0     0000af28  EPWM6_TZ_ISR                   
0     0000af32  EPWM7_ISR                      
0     0000af3c  EPWM7_TZ_ISR                   
1     00004000  EPwm1Regs                      
1     00004100  EPwm2Regs                      
1     00004300  EPwm4Regs                      
1     00004600  EPwm7Regs                      
0     0000af46  EQEP1_ISR                      
0     0000af50  EQEP2_ISR                      
0     00000128  F28x_usDelay                   
0     0000af5a  FLASH_CORR_ERR_ISR             
0     0000af64  FMC_ISR                        
0     0000af6e  FPU_OVERFLOW_ISR               
0     0000af78  FPU_UNDERFLOW_ISR              
0     0000af82  FSIRXA1_ISR                    
0     0000af8c  FSIRXA2_ISR                    
0     0000af96  FSITXA1_ISR                    
0     0000afa0  FSITXA2_ISR                    
1     00007c00  GpioCtrlRegs                   
1     00007f00  GpioDataRegs                   
0     0000ab73  H2_config_GPIO                 
0     0000afaa  HICA_ISR                       
0     0000afb4  I2CA_FIFO_ISR                  
0     0000afbe  I2CA_ISR                       
0     0000afc8  I2CB_FIFO_ISR                  
0     0000afd2  I2CB_ISR                       
0     0000afdc  ILLEGAL_ISR                    
0     0000a3d2  Iev                            
0     0000b1ac  Iev_ref_NEGATIVE               
0     0000a3d0  Ih2                            
0     0000b1b2  Ih2_ref                        
0     0000aaed  InitGpio                       
0     0000aa53  InitPeripheralClocks           
0     0000acb8  InitPieCtrl                    
0     0000ac53  InitPieVectTable               
0     0000ad51  InitSysCtrl                    
0     0000a66a  InitSysPll                     
0     0000a3d4  Ipv                            
0     0000a3da  IpvMed                         
0     0000a750  IsPLLValid                     
0     0000a3c1  Isen1                          
0     0000a1c0  Isen1_med                      
0     0000a3c3  Isen2                          
0     0000a3c5  Isen3                          
0     0000b1aa  Ki_ev                          
0     0000b1b0  Ki_h2                          
0     0000b1a8  Kp_ev                          
0     0000b1ae  Kp_h2                          
0     0000afe6  LINA_0_ISR                     
0     0000aff0  LINA_1_ISR                     
0     0000affa  LINB_0_ISR                     
0     0000b004  LINB_1_ISR                     
0     0000b00e  MPOST_ISR                      
0     0000b19b  Mode                           
0     0000b018  NMI_ISR                        
0     0000b022  NOTUSED_ISR                    
0     0000b02c  PIE_RESERVED_ISR               
0     0000b036  PMBUSA_ISR                     
1     00000ce0  PieCtrlRegs                    
1     00000d00  PieVectTable                   
0     0000a000  PieVectTableInit               
0     0000b19e  Ppv                            
0     0000b1a0  Ppv_ant                        
0     0000b040  RAM_ACC_VIOL_ISR               
0     0000b04a  RAM_CORR_ERR_ISR               
0     0000b054  RTOS_ISR                       
0     0000b05e  SCIA_RX_ISR                    
0     0000b068  SCIA_TX_ISR                    
0     0000ab39  SCIA_config                    
0     0000b072  SPIA_RX_ISR                    
0     0000b07c  SPIA_TX_ISR                    
0     0000b086  SPIB_RX_ISR                    
0     0000b090  SPIB_TX_ISR                    
0     0000b09a  SYS_PLL_SLIP_ISR               
1     00007200  SciaRegs                       
0     0000a562  Select_Mode                    
0     0000b16c  SysIntOsc1Sel                  
0     0000b18e  SysIntOsc2Sel                  
0     0000ad3c  SysXtalOscSESel                
0     0000ac78  SysXtalOscSel                  
0     0000ac98  TIMER0_ISR                     
0     0000b0a4  TIMER1_ISR                     
0     0000b0ae  TIMER2_ISR                     
0     0000b0b8  USER10_ISR                     
0     0000b0c2  USER11_ISR                     
0     0000b0cc  USER12_ISR                     
0     0000b0d6  USER1_ISR                      
0     0000b0e0  USER2_ISR                      
0     0000b0ea  USER3_ISR                      
0     0000b0f4  USER4_ISR                      
0     0000b0fe  USER5_ISR                      
0     0000b108  USER6_ISR                      
0     0000b112  USER7_ISR                      
0     0000b11c  USER8_ISR                      
0     0000b126  USER9_ISR                      
0     0000a3c8  Vdclink                        
0     0000a3cc  Vev                            
0     0000a3ca  Vh2                            
0     0000a3ce  Vpv                            
0     0000a3d6  VpvMed                         
0     0000b1a2  Vpv_ant                        
0     0000b19c  Vref                           
0     0000a3c0  Vsen1                          
0     0000a224  Vsen1_med                      
0     0000a3c2  Vsen2                          
0     0000a288  Vsen2_med                      
0     0000a3c4  Vsen3                          
0     0000a2ec  Vsen3_med                      
0     0000a3c6  Vsen4                          
0     0000a350  Vsen4_med                      
0     0000b130  WAKE_ISR                       
1     00007000  WdRegs                         
0     0000b13a  XINT1_ISR                      
0     0000b144  XINT2_ISR                      
0     0000b14e  XINT3_ISR                      
0     0000b158  XINT4_ISR                      
0     0000b162  XINT5_ISR                      
0     0000014a  __TI_CINIT_Base                
0     00000156  __TI_CINIT_Limit               
0     00000156  __TI_CINIT_Warm                
0     0000013c  __TI_Handler_Table_Base        
0     00000142  __TI_Handler_Table_Limit       
0     00000600  __TI_STACK_END                 
abs   00000200  __TI_STACK_SIZE                
0     0000abd6  __TI_auto_init_nobinit_nopinit 
0     0000b1b6  __TI_cleanup_ptr               
0     0000aba6  __TI_decompress_lzss           
0     0000b17e  __TI_decompress_none           
0     0000b1b8  __TI_dtors_ptr                 
0     0000b1b4  __TI_enable_exit_profile_output
abs   ffffffff  __TI_pprof_out_hndl            
abs   ffffffff  __TI_prof_data_size            
abs   ffffffff  __TI_prof_data_start           
0     0000ad7f  __TI_zero_init_nomemset        
n/a   UNDEFED   __c_args__                     
0     00000400  __stack                        
0     0000ad8c  _args_main                     
0     0000ad0f  _c_int00                       
0     0000b1ba  _lock                          
0     0000b17d  _nop                           
0     0000b179  _register_lock                 
0     0000b175  _register_unlock               
0     0000b197  _system_post_cinit             
0     0000b195  _system_pre_init               
0     0000b1bc  _unlock                        
0     0000ac2a  abort                          
0     0000b1be  adc_completed_conversion       
0     0000a90e  adc_config                     
0     00000000  code_start                     
0     0000a3de  cont                           
0     0000b198  count                          
0     0000ac2c  exit                           
0     0000b19a  flag_ADC                       
0     0000b199  flag_timer_0                   
0     0000b1a6  integral                       
0     0000ac01  lock_pwm_pin                   
0     0000a98f  main                           
0     0000acd7  memcpy                         
0     0000aaa0  pwm_compare_1_config           
0     0000a887  pwm_config                     
0     0000b1a4  temp                           
0     0000ad26  timer0_config                  
0     0000a3e2  update_ADC                     


GLOBAL SYMBOLS: SORTED BY Symbol Address 

page  address   name                           
----  -------   ----                           
0     00000000  code_start                     
0     00000128  F28x_usDelay                   
0     0000013c  __TI_Handler_Table_Base        
0     00000142  __TI_Handler_Table_Limit       
0     0000014a  __TI_CINIT_Base                
0     00000156  __TI_CINIT_Limit               
0     00000156  __TI_CINIT_Warm                
0     00000400  __stack                        
0     00000600  __TI_STACK_END                 
0     0000a000  PieVectTableInit               
0     0000a1c0  Isen1_med                      
0     0000a224  Vsen1_med                      
0     0000a288  Vsen2_med                      
0     0000a2ec  Vsen3_med                      
0     0000a350  Vsen4_med                      
0     0000a3c0  Vsen1                          
0     0000a3c1  Isen1                          
0     0000a3c2  Vsen2                          
0     0000a3c3  Isen2                          
0     0000a3c4  Vsen3                          
0     0000a3c5  Isen3                          
0     0000a3c6  Vsen4                          
0     0000a3c8  Vdclink                        
0     0000a3ca  Vh2                            
0     0000a3cc  Vev                            
0     0000a3ce  Vpv                            
0     0000a3d0  Ih2                            
0     0000a3d2  Iev                            
0     0000a3d4  Ipv                            
0     0000a3d6  VpvMed                         
0     0000a3da  IpvMed                         
0     0000a3de  cont                           
0     0000a3e2  update_ADC                     
0     0000a562  Select_Mode                    
0     0000a66a  InitSysPll                     
0     0000a750  IsPLLValid                     
0     0000a7f7  ComputeCntrSeedValue           
0     0000a887  pwm_config                     
0     0000a90e  adc_config                     
0     0000a98f  main                           
0     0000aa05  Current_Control_H2             
0     0000aa53  InitPeripheralClocks           
0     0000aaa0  pwm_compare_1_config           
0     0000aaed  InitGpio                       
0     0000ab39  SCIA_config                    
0     0000ab73  H2_config_GPIO                 
0     0000aba6  __TI_decompress_lzss           
0     0000abd6  __TI_auto_init_nobinit_nopinit 
0     0000ac01  lock_pwm_pin                   
0     0000ac2a  C$$EXIT                        
0     0000ac2a  abort                          
0     0000ac2c  exit                           
0     0000ac53  InitPieVectTable               
0     0000ac78  SysXtalOscSel                  
0     0000ac98  TIMER0_ISR                     
0     0000acb8  InitPieCtrl                    
0     0000acd7  memcpy                         
0     0000ad0f  _c_int00                       
0     0000ad26  timer0_config                  
0     0000ad3c  SysXtalOscSESel                
0     0000ad51  InitSysCtrl                    
0     0000ad65  DisableDog                     
0     0000ad72  EMPTY_ISR                      
0     0000ad7f  __TI_zero_init_nomemset        
0     0000ad8c  _args_main                     
0     0000ad98  ADCA1_ISR                      
0     0000ada2  ADCA2_ISR                      
0     0000adac  ADCA3_ISR                      
0     0000adb6  ADCA4_ISR                      
0     0000adc0  ADCA_EVT_ISR                   
0     0000adca  ADCC1_ISR                      
0     0000add4  ADCC2_ISR                      
0     0000adde  ADCC3_ISR                      
0     0000ade8  ADCC4_ISR                      
0     0000adf2  ADCC_EVT_ISR                   
0     0000adfc  BGCRC_ISR                      
0     0000ae06  CANA0_ISR                      
0     0000ae10  CANA1_ISR                      
0     0000ae1a  CLB1_ISR                       
0     0000ae24  CLB2_ISR                       
0     0000ae2e  DATALOG_ISR                    
0     0000ae38  DCC0_ISR                       
0     0000ae42  DCC1_ISR                       
0     0000ae4c  DMA_CH1_ISR                    
0     0000ae56  DMA_CH2_ISR                    
0     0000ae60  DMA_CH3_ISR                    
0     0000ae6a  DMA_CH4_ISR                    
0     0000ae74  DMA_CH5_ISR                    
0     0000ae7e  DMA_CH6_ISR                    
0     0000ae88  ECAP1_ISR                      
0     0000ae92  ECAP2_ISR                      
0     0000ae9c  ECAP3_2_ISR                    
0     0000aea6  ECAP3_ISR                      
0     0000aeb0  EMU_ISR                        
0     0000aeba  EPWM1_ISR                      
0     0000aec4  EPWM1_TZ_ISR                   
0     0000aece  EPWM2_ISR                      
0     0000aed8  EPWM2_TZ_ISR                   
0     0000aee2  EPWM3_ISR                      
0     0000aeec  EPWM3_TZ_ISR                   
0     0000aef6  EPWM4_ISR                      
0     0000af00  EPWM4_TZ_ISR                   
0     0000af0a  EPWM5_ISR                      
0     0000af14  EPWM5_TZ_ISR                   
0     0000af1e  EPWM6_ISR                      
0     0000af28  EPWM6_TZ_ISR                   
0     0000af32  EPWM7_ISR                      
0     0000af3c  EPWM7_TZ_ISR                   
0     0000af46  EQEP1_ISR                      
0     0000af50  EQEP2_ISR                      
0     0000af5a  FLASH_CORR_ERR_ISR             
0     0000af64  FMC_ISR                        
0     0000af6e  FPU_OVERFLOW_ISR               
0     0000af78  FPU_UNDERFLOW_ISR              
0     0000af82  FSIRXA1_ISR                    
0     0000af8c  FSIRXA2_ISR                    
0     0000af96  FSITXA1_ISR                    
0     0000afa0  FSITXA2_ISR                    
0     0000afaa  HICA_ISR                       
0     0000afb4  I2CA_FIFO_ISR                  
0     0000afbe  I2CA_ISR                       
0     0000afc8  I2CB_FIFO_ISR                  
0     0000afd2  I2CB_ISR                       
0     0000afdc  ILLEGAL_ISR                    
0     0000afe6  LINA_0_ISR                     
0     0000aff0  LINA_1_ISR                     
0     0000affa  LINB_0_ISR                     
0     0000b004  LINB_1_ISR                     
0     0000b00e  MPOST_ISR                      
0     0000b018  NMI_ISR                        
0     0000b022  NOTUSED_ISR                    
0     0000b02c  PIE_RESERVED_ISR               
0     0000b036  PMBUSA_ISR                     
0     0000b040  RAM_ACC_VIOL_ISR               
0     0000b04a  RAM_CORR_ERR_ISR               
0     0000b054  RTOS_ISR                       
0     0000b05e  SCIA_RX_ISR                    
0     0000b068  SCIA_TX_ISR                    
0     0000b072  SPIA_RX_ISR                    
0     0000b07c  SPIA_TX_ISR                    
0     0000b086  SPIB_RX_ISR                    
0     0000b090  SPIB_TX_ISR                    
0     0000b09a  SYS_PLL_SLIP_ISR               
0     0000b0a4  TIMER1_ISR                     
0     0000b0ae  TIMER2_ISR                     
0     0000b0b8  USER10_ISR                     
0     0000b0c2  USER11_ISR                     
0     0000b0cc  USER12_ISR                     
0     0000b0d6  USER1_ISR                      
0     0000b0e0  USER2_ISR                      
0     0000b0ea  USER3_ISR                      
0     0000b0f4  USER4_ISR                      
0     0000b0fe  USER5_ISR                      
0     0000b108  USER6_ISR                      
0     0000b112  USER7_ISR                      
0     0000b11c  USER8_ISR                      
0     0000b126  USER9_ISR                      
0     0000b130  WAKE_ISR                       
0     0000b13a  XINT1_ISR                      
0     0000b144  XINT2_ISR                      
0     0000b14e  XINT3_ISR                      
0     0000b158  XINT4_ISR                      
0     0000b162  XINT5_ISR                      
0     0000b16c  SysIntOsc1Sel                  
0     0000b175  _register_unlock               
0     0000b179  _register_lock                 
0     0000b17d  _nop                           
0     0000b17e  __TI_decompress_none           
0     0000b18e  SysIntOsc2Sel                  
0     0000b195  _system_pre_init               
0     0000b197  _system_post_cinit             
0     0000b198  count                          
0     0000b199  flag_timer_0                   
0     0000b19a  flag_ADC                       
0     0000b19b  Mode                           
0     0000b19c  Vref                           
0     0000b19e  Ppv                            
0     0000b1a0  Ppv_ant                        
0     0000b1a2  Vpv_ant                        
0     0000b1a4  temp                           
0     0000b1a6  integral                       
0     0000b1a8  Kp_ev                          
0     0000b1aa  Ki_ev                          
0     0000b1ac  Iev_ref_NEGATIVE               
0     0000b1ae  Kp_h2                          
0     0000b1b0  Ki_h2                          
0     0000b1b2  Ih2_ref                        
0     0000b1b4  __TI_enable_exit_profile_output
0     0000b1b6  __TI_cleanup_ptr               
0     0000b1b8  __TI_dtors_ptr                 
0     0000b1ba  _lock                          
0     0000b1bc  _unlock                        
0     0000b1be  adc_completed_conversion       
1     00000b40  AdccResultRegs                 
1     00000c00  CpuTimer0Regs                  
1     00000ce0  PieCtrlRegs                    
1     00000d00  PieVectTable                   
1     00004000  EPwm1Regs                      
1     00004100  EPwm2Regs                      
1     00004300  EPwm4Regs                      
1     00004600  EPwm7Regs                      
1     00007000  WdRegs                         
1     00007200  SciaRegs                       
1     00007500  AdccRegs                       
1     00007c00  GpioCtrlRegs                   
1     00007f00  GpioDataRegs                   
1     0005d200  ClkCfgRegs                     
1     0005d300  CpuSysRegs                     
1     0005e700  Dcc0Regs                       
1     0005e740  Dcc1Regs                       
abs   00000200  __TI_STACK_SIZE                
abs   ffffffff  __TI_pprof_out_hndl            
abs   ffffffff  __TI_prof_data_size            
abs   ffffffff  __TI_prof_data_start           
n/a   UNDEFED   __c_args__                     

[215 symbols]
