<?xml version="1.0" encoding="ISO-8859-1" ?>
<link_info>
   <banner>TMS320C2000 Linker PC v22.6.1.LTS</banner>
   <copyright>Copyright (c) 1996-2018 Texas Instruments Incorporated</copyright>
   <link_time>0x664b4513</link_time>
   <link_errors>0x0</link_errors>
   <output_file>PWM_H2.out</output_file>
   <entry_point>
      <name>_c_int00</name>
      <address>0xa6a5</address>
   </entry_point>
   <input_file_list>
      <input_file id="fl-2">
         <path>.\</path>
         <kind>object</kind>
         <file>f28002x_adc.obj</file>
         <name>f28002x_adc.obj</name>
      </input_file>
      <input_file id="fl-3">
         <path>.\</path>
         <kind>object</kind>
         <file>f28002x_codestartbranch.obj</file>
         <name>f28002x_codestartbranch.obj</name>
      </input_file>
      <input_file id="fl-4">
         <path>.\</path>
         <kind>object</kind>
         <file>f28002x_cputimers.obj</file>
         <name>f28002x_cputimers.obj</name>
      </input_file>
      <input_file id="fl-5">
         <path>.\</path>
         <kind>object</kind>
         <file>f28002x_defaultisr.obj</file>
         <name>f28002x_defaultisr.obj</name>
      </input_file>
      <input_file id="fl-6">
         <path>.\</path>
         <kind>object</kind>
         <file>f28002x_epwm.obj</file>
         <name>f28002x_epwm.obj</name>
      </input_file>
      <input_file id="fl-7">
         <path>.\</path>
         <kind>object</kind>
         <file>f28002x_globalvariabledefs.obj</file>
         <name>f28002x_globalvariabledefs.obj</name>
      </input_file>
      <input_file id="fl-8">
         <path>.\</path>
         <kind>object</kind>
         <file>f28002x_gpio.obj</file>
         <name>f28002x_gpio.obj</name>
      </input_file>
      <input_file id="fl-9">
         <path>.\</path>
         <kind>object</kind>
         <file>f28002x_piectrl.obj</file>
         <name>f28002x_piectrl.obj</name>
      </input_file>
      <input_file id="fl-a">
         <path>.\</path>
         <kind>object</kind>
         <file>f28002x_pievect.obj</file>
         <name>f28002x_pievect.obj</name>
      </input_file>
      <input_file id="fl-b">
         <path>.\</path>
         <kind>object</kind>
         <file>f28002x_spi.obj</file>
         <name>f28002x_spi.obj</name>
      </input_file>
      <input_file id="fl-c">
         <path>.\</path>
         <kind>object</kind>
         <file>f28002x_sysctrl.obj</file>
         <name>f28002x_sysctrl.obj</name>
      </input_file>
      <input_file id="fl-d">
         <path>.\</path>
         <kind>object</kind>
         <file>f28002x_usdelay.obj</file>
         <name>f28002x_usdelay.obj</name>
      </input_file>
      <input_file id="fl-e">
         <path>.\</path>
         <kind>object</kind>
         <file>main.obj</file>
         <name>main.obj</name>
      </input_file>
      <input_file id="fl-13">
         <kind>object</kind>
         <file>&lt;internal&gt;</file>
         <name>&lt;internal&gt;</name>
      </input_file>
      <input_file id="fl-1f">
         <path>C:\ti\ccs1270\ccs\tools\compiler\ti-cgt-c2000_22.6.1.LTS\lib\</path>
         <kind>archive</kind>
         <file>rts2800_fpu32_eabi.lib</file>
         <name>boot28.asm.obj</name>
      </input_file>
      <input_file id="fl-20">
         <path>C:\ti\ccs1270\ccs\tools\compiler\ti-cgt-c2000_22.6.1.LTS\lib\</path>
         <kind>archive</kind>
         <file>rts2800_fpu32_eabi.lib</file>
         <name>fs_div28.asm.obj</name>
      </input_file>
      <input_file id="fl-21">
         <path>C:\ti\ccs1270\ccs\tools\compiler\ti-cgt-c2000_22.6.1.LTS\lib\</path>
         <kind>archive</kind>
         <file>rts2800_fpu32_eabi.lib</file>
         <name>ll_cmp28.asm.obj</name>
      </input_file>
      <input_file id="fl-22">
         <path>C:\ti\ccs1270\ccs\tools\compiler\ti-cgt-c2000_22.6.1.LTS\lib\</path>
         <kind>archive</kind>
         <file>rts2800_fpu32_eabi.lib</file>
         <name>pre_init.c.obj</name>
      </input_file>
      <input_file id="fl-23">
         <path>C:\ti\ccs1270\ccs\tools\compiler\ti-cgt-c2000_22.6.1.LTS\lib\</path>
         <kind>archive</kind>
         <file>rts2800_fpu32_eabi.lib</file>
         <name>autoinit.c.obj</name>
      </input_file>
      <input_file id="fl-24">
         <path>C:\ti\ccs1270\ccs\tools\compiler\ti-cgt-c2000_22.6.1.LTS\lib\</path>
         <kind>archive</kind>
         <file>rts2800_fpu32_eabi.lib</file>
         <name>copy_zero_init.c.obj</name>
      </input_file>
      <input_file id="fl-25">
         <path>C:\ti\ccs1270\ccs\tools\compiler\ti-cgt-c2000_22.6.1.LTS\lib\</path>
         <kind>archive</kind>
         <file>rts2800_fpu32_eabi.lib</file>
         <name>copy_decompress_none.c.obj</name>
      </input_file>
      <input_file id="fl-26">
         <path>C:\ti\ccs1270\ccs\tools\compiler\ti-cgt-c2000_22.6.1.LTS\lib\</path>
         <kind>archive</kind>
         <file>rts2800_fpu32_eabi.lib</file>
         <name>copy_decompress_lzss.c.obj</name>
      </input_file>
      <input_file id="fl-27">
         <path>C:\ti\ccs1270\ccs\tools\compiler\ti-cgt-c2000_22.6.1.LTS\lib\</path>
         <kind>archive</kind>
         <file>rts2800_fpu32_eabi.lib</file>
         <name>exit.c.obj</name>
      </input_file>
      <input_file id="fl-28">
         <path>C:\ti\ccs1270\ccs\tools\compiler\ti-cgt-c2000_22.6.1.LTS\lib\</path>
         <kind>archive</kind>
         <file>rts2800_fpu32_eabi.lib</file>
         <name>_lock.c.obj</name>
      </input_file>
      <input_file id="fl-29">
         <path>C:\ti\ccs1270\ccs\tools\compiler\ti-cgt-c2000_22.6.1.LTS\lib\</path>
         <kind>archive</kind>
         <file>rts2800_fpu32_eabi.lib</file>
         <name>args_main.c.obj</name>
      </input_file>
      <input_file id="fl-2a">
         <path>C:\ti\ccs1270\ccs\tools\compiler\ti-cgt-c2000_22.6.1.LTS\lib\</path>
         <kind>archive</kind>
         <file>rts2800_fpu32_eabi.lib</file>
         <name>memset.c.obj</name>
      </input_file>
      <input_file id="fl-2b">
         <path>C:\ti\ccs1270\ccs\tools\compiler\ti-cgt-c2000_22.6.1.LTS\lib\</path>
         <kind>archive</kind>
         <file>rts2800_fpu32_eabi.lib</file>
         <name>cpy_tbl.c.obj</name>
      </input_file>
      <input_file id="fl-2c">
         <path>C:\ti\ccs1270\ccs\tools\compiler\ti-cgt-c2000_22.6.1.LTS\lib\</path>
         <kind>archive</kind>
         <file>rts2800_fpu32_eabi.lib</file>
         <name>memcpy.c.obj</name>
      </input_file>
      <input_file id="fl-2d">
         <path>C:\ti\ccs1270\ccs\tools\compiler\ti-cgt-c2000_22.6.1.LTS\lib\</path>
         <kind>archive</kind>
         <file>rts2800_fpu32_eabi.lib</file>
         <name>startup.c.obj</name>
      </input_file>
   </input_file_list>
   <object_component_list>
      <object_component id="oc-431">
         <name>.text:InitSysPll</name>
         <load_address>0xa200</load_address>
         <run_address>0xa200</run_address>
         <size>0xe6</size>
         <input_file_ref idref="fl-c"/>
      </object_component>
      <object_component id="oc-4a7">
         <name>.text:IsPLLValid</name>
         <load_address>0xa2e6</load_address>
         <run_address>0xa2e6</run_address>
         <size>0xa0</size>
         <input_file_ref idref="fl-c"/>
      </object_component>
      <object_component id="oc-4eb">
         <name>.text:ComputeCntrSeedValue</name>
         <load_address>0xa386</load_address>
         <run_address>0xa386</run_address>
         <size>0x8e</size>
         <input_file_ref idref="fl-c"/>
      </object_component>
      <object_component id="oc-4e6">
         <name>.text</name>
         <load_address>0xa414</load_address>
         <run_address>0xa414</run_address>
         <size>0x88</size>
         <input_file_ref idref="fl-20"/>
      </object_component>
      <object_component id="oc-437">
         <name>.text:InitPeripheralClocks</name>
         <load_address>0xa49c</load_address>
         <run_address>0xa49c</run_address>
         <size>0x4d</size>
         <input_file_ref idref="fl-c"/>
      </object_component>
      <object_component id="oc-3bf">
         <name>.text:H2_init_ePWM</name>
         <load_address>0xa4e9</load_address>
         <run_address>0xa4e9</run_address>
         <size>0x36</size>
         <input_file_ref idref="fl-e"/>
      </object_component>
      <object_component id="oc-2f8">
         <name>.text:init_system</name>
         <load_address>0xa51f</load_address>
         <run_address>0xa51f</run_address>
         <size>0x31</size>
         <input_file_ref idref="fl-e"/>
      </object_component>
      <object_component id="oc-82">
         <name>.text:decompress:lzss</name>
         <load_address>0xa550</load_address>
         <run_address>0xa550</run_address>
         <size>0x30</size>
         <input_file_ref idref="fl-26"/>
      </object_component>
      <object_component id="oc-3dc">
         <name>.text:__TI_auto_init_nobinit_nopinit</name>
         <load_address>0xa580</load_address>
         <run_address>0xa580</run_address>
         <size>0x2b</size>
         <input_file_ref idref="fl-23"/>
      </object_component>
      <object_component id="oc-324">
         <name>.text</name>
         <load_address>0xa5ab</load_address>
         <run_address>0xa5ab</run_address>
         <size>0x29</size>
         <input_file_ref idref="fl-27"/>
      </object_component>
      <object_component id="oc-3b3">
         <name>.text:InitPieVectTable</name>
         <load_address>0xa5d4</load_address>
         <run_address>0xa5d4</run_address>
         <size>0x25</size>
         <input_file_ref idref="fl-a"/>
      </object_component>
      <object_component id="oc-49b">
         <name>.text:SysXtalOscSel</name>
         <load_address>0xa5f9</load_address>
         <run_address>0xa5f9</run_address>
         <size>0x20</size>
         <input_file_ref idref="fl-c"/>
      </object_component>
      <object_component id="oc-3ad">
         <name>.text:InitPieCtrl</name>
         <load_address>0xa619</load_address>
         <run_address>0xa619</run_address>
         <size>0x1f</size>
         <input_file_ref idref="fl-9"/>
      </object_component>
      <object_component id="oc-303">
         <name>.text</name>
         <load_address>0xa638</load_address>
         <run_address>0xa638</run_address>
         <size>0x1d</size>
         <input_file_ref idref="fl-2c"/>
      </object_component>
      <object_component id="oc-3b9">
         <name>.text:H2_config_timer1</name>
         <load_address>0xa655</load_address>
         <run_address>0xa655</run_address>
         <size>0x1b</size>
         <input_file_ref idref="fl-e"/>
      </object_component>
      <object_component id="oc-4d8">
         <name>.text:PollX1Counter</name>
         <load_address>0xa670</load_address>
         <run_address>0xa670</run_address>
         <size>0x1b</size>
         <input_file_ref idref="fl-c"/>
      </object_component>
      <object_component id="oc-40c">
         <name>.text:main</name>
         <load_address>0xa68b</load_address>
         <run_address>0xa68b</run_address>
         <size>0x1a</size>
         <input_file_ref idref="fl-e"/>
      </object_component>
      <object_component id="oc-8f">
         <name>.text</name>
         <load_address>0xa6a5</load_address>
         <run_address>0xa6a5</run_address>
         <size>0x17</size>
         <input_file_ref idref="fl-1f"/>
      </object_component>
      <object_component id="oc-3a7">
         <name>.text:H2_config_GPIO</name>
         <load_address>0xa6bc</load_address>
         <run_address>0xa6bc</run_address>
         <size>0x15</size>
         <input_file_ref idref="fl-e"/>
      </object_component>
      <object_component id="oc-4a1">
         <name>.text:SysXtalOscSESel</name>
         <load_address>0xa6d1</load_address>
         <run_address>0xa6d1</run_address>
         <size>0x15</size>
         <input_file_ref idref="fl-c"/>
      </object_component>
      <object_component id="oc-2f4">
         <name>.text:cpu_timer1_isr</name>
         <load_address>0xa6e6</load_address>
         <run_address>0xa6e6</run_address>
         <size>0x15</size>
         <input_file_ref idref="fl-e"/>
      </object_component>
      <object_component id="oc-3a1">
         <name>.text:InitSysCtrl</name>
         <load_address>0xa6fb</load_address>
         <run_address>0xa6fb</run_address>
         <size>0x14</size>
         <input_file_ref idref="fl-c"/>
      </object_component>
      <object_component id="oc-42b">
         <name>.text:DisableDog</name>
         <load_address>0xa70f</load_address>
         <run_address>0xa70f</run_address>
         <size>0xd</size>
         <input_file_ref idref="fl-c"/>
      </object_component>
      <object_component id="oc-2e8">
         <name>.text:EMPTY_ISR</name>
         <load_address>0xa71c</load_address>
         <run_address>0xa71c</run_address>
         <size>0xd</size>
         <input_file_ref idref="fl-5"/>
      </object_component>
      <object_component id="oc-30b">
         <name>.text:decompress:ZI:__TI_zero_init_nomemset</name>
         <load_address>0xa729</load_address>
         <run_address>0xa729</run_address>
         <size>0xd</size>
         <input_file_ref idref="fl-24"/>
      </object_component>
      <object_component id="oc-31e">
         <name>.text</name>
         <load_address>0xa736</load_address>
         <run_address>0xa736</run_address>
         <size>0xc</size>
         <input_file_ref idref="fl-29"/>
      </object_component>
      <object_component id="oc-10e">
         <name>.text:ADCA1_ISR</name>
         <load_address>0xa742</load_address>
         <run_address>0xa742</run_address>
         <size>0xa</size>
         <input_file_ref idref="fl-5"/>
      </object_component>
      <object_component id="oc-222">
         <name>.text:ADCA2_ISR</name>
         <load_address>0xa74c</load_address>
         <run_address>0xa74c</run_address>
         <size>0xa</size>
         <input_file_ref idref="fl-5"/>
      </object_component>
      <object_component id="oc-228">
         <name>.text:ADCA3_ISR</name>
         <load_address>0xa756</load_address>
         <run_address>0xa756</run_address>
         <size>0xa</size>
         <input_file_ref idref="fl-5"/>
      </object_component>
      <object_component id="oc-22e">
         <name>.text:ADCA4_ISR</name>
         <load_address>0xa760</load_address>
         <run_address>0xa760</run_address>
         <size>0xa</size>
         <input_file_ref idref="fl-5"/>
      </object_component>
      <object_component id="oc-21c">
         <name>.text:ADCA_EVT_ISR</name>
         <load_address>0xa76a</load_address>
         <run_address>0xa76a</run_address>
         <size>0xa</size>
         <input_file_ref idref="fl-5"/>
      </object_component>
      <object_component id="oc-114">
         <name>.text:ADCC1_ISR</name>
         <load_address>0xa774</load_address>
         <run_address>0xa774</run_address>
         <size>0xa</size>
         <input_file_ref idref="fl-5"/>
      </object_component>
      <object_component id="oc-2b8">
         <name>.text:ADCC2_ISR</name>
         <load_address>0xa77e</load_address>
         <run_address>0xa77e</run_address>
         <size>0xa</size>
         <input_file_ref idref="fl-5"/>
      </object_component>
      <object_component id="oc-2be">
         <name>.text:ADCC3_ISR</name>
         <load_address>0xa788</load_address>
         <run_address>0xa788</run_address>
         <size>0xa</size>
         <input_file_ref idref="fl-5"/>
      </object_component>
      <object_component id="oc-2c4">
         <name>.text:ADCC4_ISR</name>
         <load_address>0xa792</load_address>
         <run_address>0xa792</run_address>
         <size>0xa</size>
         <input_file_ref idref="fl-5"/>
      </object_component>
      <object_component id="oc-2b2">
         <name>.text:ADCC_EVT_ISR</name>
         <load_address>0xa79c</load_address>
         <run_address>0xa79c</run_address>
         <size>0xa</size>
         <input_file_ref idref="fl-5"/>
      </object_component>
      <object_component id="oc-2a6">
         <name>.text:BGCRC_ISR</name>
         <load_address>0xa7a6</load_address>
         <run_address>0xa7a6</run_address>
         <size>0xa</size>
         <input_file_ref idref="fl-5"/>
      </object_component>
      <object_component id="oc-210">
         <name>.text:CANA0_ISR</name>
         <load_address>0xa7b0</load_address>
         <run_address>0xa7b0</run_address>
         <size>0xa</size>
         <input_file_ref idref="fl-5"/>
      </object_component>
      <object_component id="oc-216">
         <name>.text:CANA1_ISR</name>
         <load_address>0xa7ba</load_address>
         <run_address>0xa7ba</run_address>
         <size>0xa</size>
         <input_file_ref idref="fl-5"/>
      </object_component>
      <object_component id="oc-1a4">
         <name>.text:CLB1_ISR</name>
         <load_address>0xa7c4</load_address>
         <run_address>0xa7c4</run_address>
         <size>0xa</size>
         <input_file_ref idref="fl-5"/>
      </object_component>
      <object_component id="oc-1aa">
         <name>.text:CLB2_ISR</name>
         <load_address>0xa7ce</load_address>
         <run_address>0xa7ce</run_address>
         <size>0xa</size>
         <input_file_ref idref="fl-5"/>
      </object_component>
      <object_component id="oc-a8">
         <name>.text:DATALOG_ISR</name>
         <load_address>0xa7d8</load_address>
         <run_address>0xa7d8</run_address>
         <size>0xa</size>
         <input_file_ref idref="fl-5"/>
      </object_component>
      <object_component id="oc-27c">
         <name>.text:DCC0_ISR</name>
         <load_address>0xa7e2</load_address>
         <run_address>0xa7e2</run_address>
         <size>0xa</size>
         <input_file_ref idref="fl-5"/>
      </object_component>
      <object_component id="oc-2a0">
         <name>.text:DCC1_ISR</name>
         <load_address>0xa7ec</load_address>
         <run_address>0xa7ec</run_address>
         <size>0xa</size>
         <input_file_ref idref="fl-5"/>
      </object_component>
      <object_component id="oc-1c8">
         <name>.text:DMA_CH1_ISR</name>
         <load_address>0xa7f6</load_address>
         <run_address>0xa7f6</run_address>
         <size>0xa</size>
         <input_file_ref idref="fl-5"/>
      </object_component>
      <object_component id="oc-1ce">
         <name>.text:DMA_CH2_ISR</name>
         <load_address>0xa800</load_address>
         <run_address>0xa800</run_address>
         <size>0xa</size>
         <input_file_ref idref="fl-5"/>
      </object_component>
      <object_component id="oc-1d4">
         <name>.text:DMA_CH3_ISR</name>
         <load_address>0xa80a</load_address>
         <run_address>0xa80a</run_address>
         <size>0xa</size>
         <input_file_ref idref="fl-5"/>
      </object_component>
      <object_component id="oc-1da">
         <name>.text:DMA_CH4_ISR</name>
         <load_address>0xa814</load_address>
         <run_address>0xa814</run_address>
         <size>0xa</size>
         <input_file_ref idref="fl-5"/>
      </object_component>
      <object_component id="oc-1e0">
         <name>.text:DMA_CH5_ISR</name>
         <load_address>0xa81e</load_address>
         <run_address>0xa81e</run_address>
         <size>0xa</size>
         <input_file_ref idref="fl-5"/>
      </object_component>
      <object_component id="oc-1e6">
         <name>.text:DMA_CH6_ISR</name>
         <load_address>0xa828</load_address>
         <run_address>0xa828</run_address>
         <size>0xa</size>
         <input_file_ref idref="fl-5"/>
      </object_component>
      <object_component id="oc-186">
         <name>.text:ECAP1_ISR</name>
         <load_address>0xa832</load_address>
         <run_address>0xa832</run_address>
         <size>0xa</size>
         <input_file_ref idref="fl-5"/>
      </object_component>
      <object_component id="oc-18c">
         <name>.text:ECAP2_ISR</name>
         <load_address>0xa83c</load_address>
         <run_address>0xa83c</run_address>
         <size>0xa</size>
         <input_file_ref idref="fl-5"/>
      </object_component>
      <object_component id="oc-25e">
         <name>.text:ECAP3_2_ISR</name>
         <load_address>0xa846</load_address>
         <run_address>0xa846</run_address>
         <size>0xa</size>
         <input_file_ref idref="fl-5"/>
      </object_component>
      <object_component id="oc-192">
         <name>.text:ECAP3_ISR</name>
         <load_address>0xa850</load_address>
         <run_address>0xa850</run_address>
         <size>0xa</size>
         <input_file_ref idref="fl-5"/>
      </object_component>
      <object_component id="oc-b4">
         <name>.text:EMU_ISR</name>
         <load_address>0xa85a</load_address>
         <run_address>0xa85a</run_address>
         <size>0xa</size>
         <input_file_ref idref="fl-5"/>
      </object_component>
      <object_component id="oc-15c">
         <name>.text:EPWM1_ISR</name>
         <load_address>0xa864</load_address>
         <run_address>0xa864</run_address>
         <size>0xa</size>
         <input_file_ref idref="fl-5"/>
      </object_component>
      <object_component id="oc-132">
         <name>.text:EPWM1_TZ_ISR</name>
         <load_address>0xa86e</load_address>
         <run_address>0xa86e</run_address>
         <size>0xa</size>
         <input_file_ref idref="fl-5"/>
      </object_component>
      <object_component id="oc-162">
         <name>.text:EPWM2_ISR</name>
         <load_address>0xa878</load_address>
         <run_address>0xa878</run_address>
         <size>0xa</size>
         <input_file_ref idref="fl-5"/>
      </object_component>
      <object_component id="oc-138">
         <name>.text:EPWM2_TZ_ISR</name>
         <load_address>0xa882</load_address>
         <run_address>0xa882</run_address>
         <size>0xa</size>
         <input_file_ref idref="fl-5"/>
      </object_component>
      <object_component id="oc-168">
         <name>.text:EPWM3_ISR</name>
         <load_address>0xa88c</load_address>
         <run_address>0xa88c</run_address>
         <size>0xa</size>
         <input_file_ref idref="fl-5"/>
      </object_component>
      <object_component id="oc-13e">
         <name>.text:EPWM3_TZ_ISR</name>
         <load_address>0xa896</load_address>
         <run_address>0xa896</run_address>
         <size>0xa</size>
         <input_file_ref idref="fl-5"/>
      </object_component>
      <object_component id="oc-16e">
         <name>.text:EPWM4_ISR</name>
         <load_address>0xa8a0</load_address>
         <run_address>0xa8a0</run_address>
         <size>0xa</size>
         <input_file_ref idref="fl-5"/>
      </object_component>
      <object_component id="oc-144">
         <name>.text:EPWM4_TZ_ISR</name>
         <load_address>0xa8aa</load_address>
         <run_address>0xa8aa</run_address>
         <size>0xa</size>
         <input_file_ref idref="fl-5"/>
      </object_component>
      <object_component id="oc-174">
         <name>.text:EPWM5_ISR</name>
         <load_address>0xa8b4</load_address>
         <run_address>0xa8b4</run_address>
         <size>0xa</size>
         <input_file_ref idref="fl-5"/>
      </object_component>
      <object_component id="oc-14a">
         <name>.text:EPWM5_TZ_ISR</name>
         <load_address>0xa8be</load_address>
         <run_address>0xa8be</run_address>
         <size>0xa</size>
         <input_file_ref idref="fl-5"/>
      </object_component>
      <object_component id="oc-17a">
         <name>.text:EPWM6_ISR</name>
         <load_address>0xa8c8</load_address>
         <run_address>0xa8c8</run_address>
         <size>0xa</size>
         <input_file_ref idref="fl-5"/>
      </object_component>
      <object_component id="oc-150">
         <name>.text:EPWM6_TZ_ISR</name>
         <load_address>0xa8d2</load_address>
         <run_address>0xa8d2</run_address>
         <size>0xa</size>
         <input_file_ref idref="fl-5"/>
      </object_component>
      <object_component id="oc-180">
         <name>.text:EPWM7_ISR</name>
         <load_address>0xa8dc</load_address>
         <run_address>0xa8dc</run_address>
         <size>0xa</size>
         <input_file_ref idref="fl-5"/>
      </object_component>
      <object_component id="oc-156">
         <name>.text:EPWM7_TZ_ISR</name>
         <load_address>0xa8e6</load_address>
         <run_address>0xa8e6</run_address>
         <size>0xa</size>
         <input_file_ref idref="fl-5"/>
      </object_component>
      <object_component id="oc-198">
         <name>.text:EQEP1_ISR</name>
         <load_address>0xa8f0</load_address>
         <run_address>0xa8f0</run_address>
         <size>0xa</size>
         <input_file_ref idref="fl-5"/>
      </object_component>
      <object_component id="oc-19e">
         <name>.text:EQEP2_ISR</name>
         <load_address>0xa8fa</load_address>
         <run_address>0xa8fa</run_address>
         <size>0xa</size>
         <input_file_ref idref="fl-5"/>
      </object_component>
      <object_component id="oc-2d0">
         <name>.text:FLASH_CORR_ERR_ISR</name>
         <load_address>0xa904</load_address>
         <run_address>0xa904</run_address>
         <size>0xa</size>
         <input_file_ref idref="fl-5"/>
      </object_component>
      <object_component id="oc-24c">
         <name>.text:FMC_ISR</name>
         <load_address>0xa90e</load_address>
         <run_address>0xa90e</run_address>
         <size>0xa</size>
         <input_file_ref idref="fl-5"/>
      </object_component>
      <object_component id="oc-252">
         <name>.text:FPU_OVERFLOW_ISR</name>
         <load_address>0xa918</load_address>
         <run_address>0xa918</run_address>
         <size>0xa</size>
         <input_file_ref idref="fl-5"/>
      </object_component>
      <object_component id="oc-258">
         <name>.text:FPU_UNDERFLOW_ISR</name>
         <load_address>0xa922</load_address>
         <run_address>0xa922</run_address>
         <size>0xa</size>
         <input_file_ref idref="fl-5"/>
      </object_component>
      <object_component id="oc-270">
         <name>.text:FSIRXA1_ISR</name>
         <load_address>0xa92c</load_address>
         <run_address>0xa92c</run_address>
         <size>0xa</size>
         <input_file_ref idref="fl-5"/>
      </object_component>
      <object_component id="oc-276">
         <name>.text:FSIRXA2_ISR</name>
         <load_address>0xa936</load_address>
         <run_address>0xa936</run_address>
         <size>0xa</size>
         <input_file_ref idref="fl-5"/>
      </object_component>
      <object_component id="oc-264">
         <name>.text:FSITXA1_ISR</name>
         <load_address>0xa940</load_address>
         <run_address>0xa940</run_address>
         <size>0xa</size>
         <input_file_ref idref="fl-5"/>
      </object_component>
      <object_component id="oc-26a">
         <name>.text:FSITXA2_ISR</name>
         <load_address>0xa94a</load_address>
         <run_address>0xa94a</run_address>
         <size>0xa</size>
         <input_file_ref idref="fl-5"/>
      </object_component>
      <object_component id="oc-2ac">
         <name>.text:HICA_ISR</name>
         <load_address>0xa954</load_address>
         <run_address>0xa954</run_address>
         <size>0xa</size>
         <input_file_ref idref="fl-5"/>
      </object_component>
      <object_component id="oc-1f2">
         <name>.text:I2CA_FIFO_ISR</name>
         <load_address>0xa95e</load_address>
         <run_address>0xa95e</run_address>
         <size>0xa</size>
         <input_file_ref idref="fl-5"/>
      </object_component>
      <object_component id="oc-1ec">
         <name>.text:I2CA_ISR</name>
         <load_address>0xa968</load_address>
         <run_address>0xa968</run_address>
         <size>0xa</size>
         <input_file_ref idref="fl-5"/>
      </object_component>
      <object_component id="oc-1fe">
         <name>.text:I2CB_FIFO_ISR</name>
         <load_address>0xa972</load_address>
         <run_address>0xa972</run_address>
         <size>0xa</size>
         <input_file_ref idref="fl-5"/>
      </object_component>
      <object_component id="oc-1f8">
         <name>.text:I2CB_ISR</name>
         <load_address>0xa97c</load_address>
         <run_address>0xa97c</run_address>
         <size>0xa</size>
         <input_file_ref idref="fl-5"/>
      </object_component>
      <object_component id="oc-c0">
         <name>.text:ILLEGAL_ISR</name>
         <load_address>0xa986</load_address>
         <run_address>0xa986</run_address>
         <size>0xa</size>
         <input_file_ref idref="fl-5"/>
      </object_component>
      <object_component id="oc-282">
         <name>.text:LINA_0_ISR</name>
         <load_address>0xa990</load_address>
         <run_address>0xa990</run_address>
         <size>0xa</size>
         <input_file_ref idref="fl-5"/>
      </object_component>
      <object_component id="oc-288">
         <name>.text:LINA_1_ISR</name>
         <load_address>0xa99a</load_address>
         <run_address>0xa99a</run_address>
         <size>0xa</size>
         <input_file_ref idref="fl-5"/>
      </object_component>
      <object_component id="oc-28e">
         <name>.text:LINB_0_ISR</name>
         <load_address>0xa9a4</load_address>
         <run_address>0xa9a4</run_address>
         <size>0xa</size>
         <input_file_ref idref="fl-5"/>
      </object_component>
      <object_component id="oc-294">
         <name>.text:LINB_1_ISR</name>
         <load_address>0xa9ae</load_address>
         <run_address>0xa9ae</run_address>
         <size>0xa</size>
         <input_file_ref idref="fl-5"/>
      </object_component>
      <object_component id="oc-246">
         <name>.text:MPOST_ISR</name>
         <load_address>0xa9b8</load_address>
         <run_address>0xa9b8</run_address>
         <size>0xa</size>
         <input_file_ref idref="fl-5"/>
      </object_component>
      <object_component id="oc-ba">
         <name>.text:NMI_ISR</name>
         <load_address>0xa9c2</load_address>
         <run_address>0xa9c2</run_address>
         <size>0xa</size>
         <input_file_ref idref="fl-5"/>
      </object_component>
      <object_component id="oc-2ee">
         <name>.text:NOTUSED_ISR</name>
         <load_address>0xa9cc</load_address>
         <run_address>0xa9cc</run_address>
         <size>0xa</size>
         <input_file_ref idref="fl-5"/>
      </object_component>
      <object_component id="oc-2e2">
         <name>.text:PIE_RESERVED_ISR</name>
         <load_address>0xa9d6</load_address>
         <run_address>0xa9d6</run_address>
         <size>0xa</size>
         <input_file_ref idref="fl-5"/>
      </object_component>
      <object_component id="oc-29a">
         <name>.text:PMBUSA_ISR</name>
         <load_address>0xa9e0</load_address>
         <run_address>0xa9e0</run_address>
         <size>0xa</size>
         <input_file_ref idref="fl-5"/>
      </object_component>
      <object_component id="oc-2d6">
         <name>.text:RAM_ACC_VIOL_ISR</name>
         <load_address>0xa9ea</load_address>
         <run_address>0xa9ea</run_address>
         <size>0xa</size>
         <input_file_ref idref="fl-5"/>
      </object_component>
      <object_component id="oc-2ca">
         <name>.text:RAM_CORR_ERR_ISR</name>
         <load_address>0xa9f4</load_address>
         <run_address>0xa9f4</run_address>
         <size>0xa</size>
         <input_file_ref idref="fl-5"/>
      </object_component>
      <object_component id="oc-ae">
         <name>.text:RTOS_ISR</name>
         <load_address>0xa9fe</load_address>
         <run_address>0xa9fe</run_address>
         <size>0xa</size>
         <input_file_ref idref="fl-5"/>
      </object_component>
      <object_component id="oc-204">
         <name>.text:SCIA_RX_ISR</name>
         <load_address>0xaa08</load_address>
         <run_address>0xaa08</run_address>
         <size>0xa</size>
         <input_file_ref idref="fl-5"/>
      </object_component>
      <object_component id="oc-20a">
         <name>.text:SCIA_TX_ISR</name>
         <load_address>0xaa12</load_address>
         <run_address>0xaa12</run_address>
         <size>0xa</size>
         <input_file_ref idref="fl-5"/>
      </object_component>
      <object_component id="oc-1b0">
         <name>.text:SPIA_RX_ISR</name>
         <load_address>0xaa1c</load_address>
         <run_address>0xaa1c</run_address>
         <size>0xa</size>
         <input_file_ref idref="fl-5"/>
      </object_component>
      <object_component id="oc-1b6">
         <name>.text:SPIA_TX_ISR</name>
         <load_address>0xaa26</load_address>
         <run_address>0xaa26</run_address>
         <size>0xa</size>
         <input_file_ref idref="fl-5"/>
      </object_component>
      <object_component id="oc-1bc">
         <name>.text:SPIB_RX_ISR</name>
         <load_address>0xaa30</load_address>
         <run_address>0xaa30</run_address>
         <size>0xa</size>
         <input_file_ref idref="fl-5"/>
      </object_component>
      <object_component id="oc-1c2">
         <name>.text:SPIB_TX_ISR</name>
         <load_address>0xaa3a</load_address>
         <run_address>0xaa3a</run_address>
         <size>0xa</size>
         <input_file_ref idref="fl-5"/>
      </object_component>
      <object_component id="oc-2dc">
         <name>.text:SYS_PLL_SLIP_ISR</name>
         <load_address>0xaa44</load_address>
         <run_address>0xaa44</run_address>
         <size>0xa</size>
         <input_file_ref idref="fl-5"/>
      </object_component>
      <object_component id="oc-126">
         <name>.text:TIMER0_ISR</name>
         <load_address>0xaa4e</load_address>
         <run_address>0xaa4e</run_address>
         <size>0xa</size>
         <input_file_ref idref="fl-5"/>
      </object_component>
      <object_component id="oc-99">
         <name>.text:TIMER1_ISR</name>
         <load_address>0xaa58</load_address>
         <run_address>0xaa58</run_address>
         <size>0xa</size>
         <input_file_ref idref="fl-5"/>
      </object_component>
      <object_component id="oc-a2">
         <name>.text:TIMER2_ISR</name>
         <load_address>0xaa62</load_address>
         <run_address>0xaa62</run_address>
         <size>0xa</size>
         <input_file_ref idref="fl-5"/>
      </object_component>
      <object_component id="oc-fc">
         <name>.text:USER10_ISR</name>
         <load_address>0xaa6c</load_address>
         <run_address>0xaa6c</run_address>
         <size>0xa</size>
         <input_file_ref idref="fl-5"/>
      </object_component>
      <object_component id="oc-102">
         <name>.text:USER11_ISR</name>
         <load_address>0xaa76</load_address>
         <run_address>0xaa76</run_address>
         <size>0xa</size>
         <input_file_ref idref="fl-5"/>
      </object_component>
      <object_component id="oc-108">
         <name>.text:USER12_ISR</name>
         <load_address>0xaa80</load_address>
         <run_address>0xaa80</run_address>
         <size>0xa</size>
         <input_file_ref idref="fl-5"/>
      </object_component>
      <object_component id="oc-c6">
         <name>.text:USER1_ISR</name>
         <load_address>0xaa8a</load_address>
         <run_address>0xaa8a</run_address>
         <size>0xa</size>
         <input_file_ref idref="fl-5"/>
      </object_component>
      <object_component id="oc-cc">
         <name>.text:USER2_ISR</name>
         <load_address>0xaa94</load_address>
         <run_address>0xaa94</run_address>
         <size>0xa</size>
         <input_file_ref idref="fl-5"/>
      </object_component>
      <object_component id="oc-d2">
         <name>.text:USER3_ISR</name>
         <load_address>0xaa9e</load_address>
         <run_address>0xaa9e</run_address>
         <size>0xa</size>
         <input_file_ref idref="fl-5"/>
      </object_component>
      <object_component id="oc-d8">
         <name>.text:USER4_ISR</name>
         <load_address>0xaaa8</load_address>
         <run_address>0xaaa8</run_address>
         <size>0xa</size>
         <input_file_ref idref="fl-5"/>
      </object_component>
      <object_component id="oc-de">
         <name>.text:USER5_ISR</name>
         <load_address>0xaab2</load_address>
         <run_address>0xaab2</run_address>
         <size>0xa</size>
         <input_file_ref idref="fl-5"/>
      </object_component>
      <object_component id="oc-e4">
         <name>.text:USER6_ISR</name>
         <load_address>0xaabc</load_address>
         <run_address>0xaabc</run_address>
         <size>0xa</size>
         <input_file_ref idref="fl-5"/>
      </object_component>
      <object_component id="oc-ea">
         <name>.text:USER7_ISR</name>
         <load_address>0xaac6</load_address>
         <run_address>0xaac6</run_address>
         <size>0xa</size>
         <input_file_ref idref="fl-5"/>
      </object_component>
      <object_component id="oc-f0">
         <name>.text:USER8_ISR</name>
         <load_address>0xaad0</load_address>
         <run_address>0xaad0</run_address>
         <size>0xa</size>
         <input_file_ref idref="fl-5"/>
      </object_component>
      <object_component id="oc-f6">
         <name>.text:USER9_ISR</name>
         <load_address>0xaada</load_address>
         <run_address>0xaada</run_address>
         <size>0xa</size>
         <input_file_ref idref="fl-5"/>
      </object_component>
      <object_component id="oc-12c">
         <name>.text:WAKE_ISR</name>
         <load_address>0xaae4</load_address>
         <run_address>0xaae4</run_address>
         <size>0xa</size>
         <input_file_ref idref="fl-5"/>
      </object_component>
      <object_component id="oc-11a">
         <name>.text:XINT1_ISR</name>
         <load_address>0xaaee</load_address>
         <run_address>0xaaee</run_address>
         <size>0xa</size>
         <input_file_ref idref="fl-5"/>
      </object_component>
      <object_component id="oc-120">
         <name>.text:XINT2_ISR</name>
         <load_address>0xaaf8</load_address>
         <run_address>0xaaf8</run_address>
         <size>0xa</size>
         <input_file_ref idref="fl-5"/>
      </object_component>
      <object_component id="oc-234">
         <name>.text:XINT3_ISR</name>
         <load_address>0xab02</load_address>
         <run_address>0xab02</run_address>
         <size>0xa</size>
         <input_file_ref idref="fl-5"/>
      </object_component>
      <object_component id="oc-23a">
         <name>.text:XINT4_ISR</name>
         <load_address>0xab0c</load_address>
         <run_address>0xab0c</run_address>
         <size>0xa</size>
         <input_file_ref idref="fl-5"/>
      </object_component>
      <object_component id="oc-240">
         <name>.text:XINT5_ISR</name>
         <load_address>0xab16</load_address>
         <run_address>0xab16</run_address>
         <size>0xa</size>
         <input_file_ref idref="fl-5"/>
      </object_component>
      <object_component id="oc-48f">
         <name>.text:SysIntOsc1Sel</name>
         <load_address>0xab20</load_address>
         <run_address>0xab20</run_address>
         <size>0x9</size>
         <input_file_ref idref="fl-c"/>
      </object_component>
      <object_component id="oc-479">
         <name>.text</name>
         <load_address>0xab29</load_address>
         <run_address>0xab29</run_address>
         <size>0x9</size>
         <input_file_ref idref="fl-28"/>
      </object_component>
      <object_component id="oc-88">
         <name>.text:decompress:none</name>
         <load_address>0xab32</load_address>
         <run_address>0xab32</run_address>
         <size>0x8</size>
         <input_file_ref idref="fl-25"/>
      </object_component>
      <object_component id="oc-32b">
         <name>.text</name>
         <load_address>0xab3a</load_address>
         <run_address>0xab3a</run_address>
         <size>0x8</size>
         <input_file_ref idref="fl-3"/>
      </object_component>
      <object_component id="oc-495">
         <name>.text:SysIntOsc2Sel</name>
         <load_address>0xab42</load_address>
         <run_address>0xab42</run_address>
         <size>0x7</size>
         <input_file_ref idref="fl-c"/>
      </object_component>
      <object_component id="oc-317">
         <name>.text</name>
         <load_address>0xab49</load_address>
         <run_address>0xab49</run_address>
         <size>0x2</size>
         <input_file_ref idref="fl-22"/>
      </object_component>
      <object_component id="oc-45e">
         <name>.text</name>
         <load_address>0xab4b</load_address>
         <run_address>0xab4b</run_address>
         <size>0x1</size>
         <input_file_ref idref="fl-2d"/>
      </object_component>
      <object_component id="oc-4ff">
         <name>.TI.ramfunc</name>
         <load_address>0x128</load_address>
         <run_address>0x128</run_address>
         <size>0x4</size>
         <input_file_ref idref="fl-d"/>
      </object_component>
      <object_component id="oc-5a2">
         <name>.cinit..data.load</name>
         <load_address>0x12c</load_address>
         <run_address>0x12c</run_address>
         <size>0x9</size>
      </object_component>
      <object_component id="oc-59f">
         <name>__TI_handler_table</name>
         <load_address>0x136</load_address>
         <run_address>0x136</run_address>
         <size>0x6</size>
      </object_component>
      <object_component id="oc-5a1">
         <name>.cinit..bss.load</name>
         <load_address>0x13c</load_address>
         <run_address>0x13c</run_address>
         <size>0x4</size>
      </object_component>
      <object_component id="oc-5a3">
         <name>.cinit.PieVectTableFile.load</name>
         <load_address>0x140</load_address>
         <run_address>0x140</run_address>
         <size>0x4</size>
      </object_component>
      <object_component id="oc-5a0">
         <name>__TI_cinit_table</name>
         <load_address>0x144</load_address>
         <run_address>0x144</run_address>
         <size>0xc</size>
      </object_component>
      <object_component id="oc-94">
         <name>codestart</name>
         <load_address>0x0</load_address>
         <run_address>0x0</run_address>
         <size>0x2</size>
         <input_file_ref idref="fl-3"/>
      </object_component>
      <object_component id="oc-300">
         <name>.stack</name>
         <uninitialized>true</uninitialized>
         <run_address>0x400</run_address>
         <size>0x0</size>
         <input_file_ref idref="fl-1f"/>
      </object_component>
      <object_component id="oc-5a4">
         <name>.stack</name>
         <uninitialized>true</uninitialized>
         <run_address>0x400</run_address>
         <size>0x0</size>
      </object_component>
      <object_component id="oc-449">
         <name>.bss</name>
         <uninitialized>true</uninitialized>
         <run_address>0xa000</run_address>
         <size>0x18</size>
         <input_file_ref idref="fl-4"/>
      </object_component>
      <object_component id="oc-9f">
         <name>.const</name>
         <load_address>0xa040</load_address>
         <run_address>0xa040</run_address>
         <size>0x1c0</size>
         <input_file_ref idref="fl-a"/>
      </object_component>
      <object_component id="oc-399">
         <name>.data</name>
         <load_address>0xa022</load_address>
         <run_address>0xa022</run_address>
         <size>0x1</size>
         <input_file_ref idref="fl-e"/>
      </object_component>
      <object_component id="oc-414">
         <name>.data</name>
         <load_address>0xa018</load_address>
         <run_address>0xa018</run_address>
         <size>0x6</size>
         <input_file_ref idref="fl-27"/>
      </object_component>
      <object_component id="oc-417">
         <name>.data:_lock</name>
         <load_address>0xa01e</load_address>
         <run_address>0xa01e</run_address>
         <size>0x2</size>
         <input_file_ref idref="fl-28"/>
      </object_component>
      <object_component id="oc-4cb">
         <name>.data:_unlock</name>
         <load_address>0xa020</load_address>
         <run_address>0xa020</run_address>
         <size>0x2</size>
         <input_file_ref idref="fl-28"/>
      </object_component>
      <object_component id="oc-3c5">
         <name>PieVectTableFile</name>
         <uninitialized>true</uninitialized>
         <run_address>0xd00</run_address>
         <size>0x1c0</size>
         <input_file_ref idref="fl-7"/>
      </object_component>
      <object_component id="oc-48c">
         <name>ClkCfgRegsFile</name>
         <uninitialized>true</uninitialized>
         <run_address>0x5d200</run_address>
         <size>0x3e</size>
         <input_file_ref idref="fl-7"/>
      </object_component>
      <object_component id="oc-446">
         <name>CpuTimer1RegsFile</name>
         <uninitialized>true</uninitialized>
         <run_address>0xc08</run_address>
         <size>0x8</size>
         <input_file_ref idref="fl-7"/>
      </object_component>
      <object_component id="oc-4ae">
         <name>CpuSysRegsFile</name>
         <uninitialized>true</uninitialized>
         <run_address>0x5d300</run_address>
         <size>0x82</size>
         <input_file_ref idref="fl-7"/>
      </object_component>
      <object_component id="oc-4e0">
         <name>Dcc0RegsFile</name>
         <uninitialized>true</uninitialized>
         <run_address>0x5e700</run_address>
         <size>0x2c</size>
         <input_file_ref idref="fl-7"/>
      </object_component>
      <object_component id="oc-4e3">
         <name>Dcc1RegsFile</name>
         <uninitialized>true</uninitialized>
         <run_address>0x5e740</run_address>
         <size>0x2c</size>
         <input_file_ref idref="fl-7"/>
      </object_component>
      <object_component id="oc-44d">
         <name>EPwm1RegsFile</name>
         <uninitialized>true</uninitialized>
         <run_address>0x4000</run_address>
         <size>0x100</size>
         <input_file_ref idref="fl-7"/>
      </object_component>
      <object_component id="oc-43f">
         <name>GpioCtrlRegsFile</name>
         <uninitialized>true</uninitialized>
         <run_address>0x7c00</run_address>
         <size>0x200</size>
         <input_file_ref idref="fl-7"/>
      </object_component>
      <object_component id="oc-39c">
         <name>PieCtrlRegsFile</name>
         <uninitialized>true</uninitialized>
         <run_address>0xce0</run_address>
         <size>0x1a</size>
         <input_file_ref idref="fl-7"/>
      </object_component>
      <object_component id="oc-488">
         <name>WdRegsFile</name>
         <uninitialized>true</uninitialized>
         <run_address>0x7000</run_address>
         <size>0x2b</size>
         <input_file_ref idref="fl-7"/>
      </object_component>
      <object_component id="oc-97">
         <name>.debug_info</name>
         <load_address>0x0</load_address>
         <run_address>0x0</run_address>
         <size>0xf4</size>
         <input_file_ref idref="fl-3"/>
      </object_component>
      <object_component id="oc-32c">
         <name>.debug_info</name>
         <load_address>0xf4</load_address>
         <run_address>0xf4</run_address>
         <size>0xf5</size>
         <input_file_ref idref="fl-3"/>
      </object_component>
      <object_component id="oc-44a">
         <name>.debug_info</name>
         <load_address>0x1e9</load_address>
         <run_address>0x1e9</run_address>
         <size>0x131</size>
         <input_file_ref idref="fl-4"/>
      </object_component>
      <object_component id="oc-9a">
         <name>.debug_info</name>
         <load_address>0x31a</load_address>
         <run_address>0x31a</run_address>
         <size>0x105</size>
         <input_file_ref idref="fl-5"/>
      </object_component>
      <object_component id="oc-a3">
         <name>.debug_info</name>
         <load_address>0x41f</load_address>
         <run_address>0x41f</run_address>
         <size>0x105</size>
         <input_file_ref idref="fl-5"/>
      </object_component>
      <object_component id="oc-a9">
         <name>.debug_info</name>
         <load_address>0x524</load_address>
         <run_address>0x524</run_address>
         <size>0x107</size>
         <input_file_ref idref="fl-5"/>
      </object_component>
      <object_component id="oc-af">
         <name>.debug_info</name>
         <load_address>0x62b</load_address>
         <run_address>0x62b</run_address>
         <size>0x101</size>
         <input_file_ref idref="fl-5"/>
      </object_component>
      <object_component id="oc-b5">
         <name>.debug_info</name>
         <load_address>0x72c</load_address>
         <run_address>0x72c</run_address>
         <size>0xff</size>
         <input_file_ref idref="fl-5"/>
      </object_component>
      <object_component id="oc-bb">
         <name>.debug_info</name>
         <load_address>0x82b</load_address>
         <run_address>0x82b</run_address>
         <size>0xff</size>
         <input_file_ref idref="fl-5"/>
      </object_component>
      <object_component id="oc-c1">
         <name>.debug_info</name>
         <load_address>0x92a</load_address>
         <run_address>0x92a</run_address>
         <size>0x107</size>
         <input_file_ref idref="fl-5"/>
      </object_component>
      <object_component id="oc-c7">
         <name>.debug_info</name>
         <load_address>0xa31</load_address>
         <run_address>0xa31</run_address>
         <size>0x103</size>
         <input_file_ref idref="fl-5"/>
      </object_component>
      <object_component id="oc-cd">
         <name>.debug_info</name>
         <load_address>0xb34</load_address>
         <run_address>0xb34</run_address>
         <size>0x103</size>
         <input_file_ref idref="fl-5"/>
      </object_component>
      <object_component id="oc-d3">
         <name>.debug_info</name>
         <load_address>0xc37</load_address>
         <run_address>0xc37</run_address>
         <size>0x103</size>
         <input_file_ref idref="fl-5"/>
      </object_component>
      <object_component id="oc-d9">
         <name>.debug_info</name>
         <load_address>0xd3a</load_address>
         <run_address>0xd3a</run_address>
         <size>0x103</size>
         <input_file_ref idref="fl-5"/>
      </object_component>
      <object_component id="oc-df">
         <name>.debug_info</name>
         <load_address>0xe3d</load_address>
         <run_address>0xe3d</run_address>
         <size>0x103</size>
         <input_file_ref idref="fl-5"/>
      </object_component>
      <object_component id="oc-e5">
         <name>.debug_info</name>
         <load_address>0xf40</load_address>
         <run_address>0xf40</run_address>
         <size>0x104</size>
         <input_file_ref idref="fl-5"/>
      </object_component>
      <object_component id="oc-eb">
         <name>.debug_info</name>
         <load_address>0x1044</load_address>
         <run_address>0x1044</run_address>
         <size>0x105</size>
         <input_file_ref idref="fl-5"/>
      </object_component>
      <object_component id="oc-f1">
         <name>.debug_info</name>
         <load_address>0x1149</load_address>
         <run_address>0x1149</run_address>
         <size>0x105</size>
         <input_file_ref idref="fl-5"/>
      </object_component>
      <object_component id="oc-f7">
         <name>.debug_info</name>
         <load_address>0x124e</load_address>
         <run_address>0x124e</run_address>
         <size>0x105</size>
         <input_file_ref idref="fl-5"/>
      </object_component>
      <object_component id="oc-fd">
         <name>.debug_info</name>
         <load_address>0x1353</load_address>
         <run_address>0x1353</run_address>
         <size>0x107</size>
         <input_file_ref idref="fl-5"/>
      </object_component>
      <object_component id="oc-103">
         <name>.debug_info</name>
         <load_address>0x145a</load_address>
         <run_address>0x145a</run_address>
         <size>0x107</size>
         <input_file_ref idref="fl-5"/>
      </object_component>
      <object_component id="oc-109">
         <name>.debug_info</name>
         <load_address>0x1561</load_address>
         <run_address>0x1561</run_address>
         <size>0x107</size>
         <input_file_ref idref="fl-5"/>
      </object_component>
      <object_component id="oc-10f">
         <name>.debug_info</name>
         <load_address>0x1668</load_address>
         <run_address>0x1668</run_address>
         <size>0x105</size>
         <input_file_ref idref="fl-5"/>
      </object_component>
      <object_component id="oc-115">
         <name>.debug_info</name>
         <load_address>0x176d</load_address>
         <run_address>0x176d</run_address>
         <size>0x105</size>
         <input_file_ref idref="fl-5"/>
      </object_component>
      <object_component id="oc-11b">
         <name>.debug_info</name>
         <load_address>0x1872</load_address>
         <run_address>0x1872</run_address>
         <size>0x105</size>
         <input_file_ref idref="fl-5"/>
      </object_component>
      <object_component id="oc-121">
         <name>.debug_info</name>
         <load_address>0x1977</load_address>
         <run_address>0x1977</run_address>
         <size>0x105</size>
         <input_file_ref idref="fl-5"/>
      </object_component>
      <object_component id="oc-127">
         <name>.debug_info</name>
         <load_address>0x1a7c</load_address>
         <run_address>0x1a7c</run_address>
         <size>0x107</size>
         <input_file_ref idref="fl-5"/>
      </object_component>
      <object_component id="oc-12d">
         <name>.debug_info</name>
         <load_address>0x1b83</load_address>
         <run_address>0x1b83</run_address>
         <size>0x103</size>
         <input_file_ref idref="fl-5"/>
      </object_component>
      <object_component id="oc-133">
         <name>.debug_info</name>
         <load_address>0x1c86</load_address>
         <run_address>0x1c86</run_address>
         <size>0x10b</size>
         <input_file_ref idref="fl-5"/>
      </object_component>
      <object_component id="oc-139">
         <name>.debug_info</name>
         <load_address>0x1d91</load_address>
         <run_address>0x1d91</run_address>
         <size>0x10b</size>
         <input_file_ref idref="fl-5"/>
      </object_component>
      <object_component id="oc-13f">
         <name>.debug_info</name>
         <load_address>0x1e9c</load_address>
         <run_address>0x1e9c</run_address>
         <size>0x10b</size>
         <input_file_ref idref="fl-5"/>
      </object_component>
      <object_component id="oc-145">
         <name>.debug_info</name>
         <load_address>0x1fa7</load_address>
         <run_address>0x1fa7</run_address>
         <size>0x10b</size>
         <input_file_ref idref="fl-5"/>
      </object_component>
      <object_component id="oc-14b">
         <name>.debug_info</name>
         <load_address>0x20b2</load_address>
         <run_address>0x20b2</run_address>
         <size>0x10b</size>
         <input_file_ref idref="fl-5"/>
      </object_component>
      <object_component id="oc-151">
         <name>.debug_info</name>
         <load_address>0x21bd</load_address>
         <run_address>0x21bd</run_address>
         <size>0x10b</size>
         <input_file_ref idref="fl-5"/>
      </object_component>
      <object_component id="oc-157">
         <name>.debug_info</name>
         <load_address>0x22c8</load_address>
         <run_address>0x22c8</run_address>
         <size>0x10b</size>
         <input_file_ref idref="fl-5"/>
      </object_component>
      <object_component id="oc-15d">
         <name>.debug_info</name>
         <load_address>0x23d3</load_address>
         <run_address>0x23d3</run_address>
         <size>0x105</size>
         <input_file_ref idref="fl-5"/>
      </object_component>
      <object_component id="oc-163">
         <name>.debug_info</name>
         <load_address>0x24d8</load_address>
         <run_address>0x24d8</run_address>
         <size>0x105</size>
         <input_file_ref idref="fl-5"/>
      </object_component>
      <object_component id="oc-169">
         <name>.debug_info</name>
         <load_address>0x25dd</load_address>
         <run_address>0x25dd</run_address>
         <size>0x105</size>
         <input_file_ref idref="fl-5"/>
      </object_component>
      <object_component id="oc-16f">
         <name>.debug_info</name>
         <load_address>0x26e2</load_address>
         <run_address>0x26e2</run_address>
         <size>0x105</size>
         <input_file_ref idref="fl-5"/>
      </object_component>
      <object_component id="oc-175">
         <name>.debug_info</name>
         <load_address>0x27e7</load_address>
         <run_address>0x27e7</run_address>
         <size>0x105</size>
         <input_file_ref idref="fl-5"/>
      </object_component>
      <object_component id="oc-17b">
         <name>.debug_info</name>
         <load_address>0x28ec</load_address>
         <run_address>0x28ec</run_address>
         <size>0x105</size>
         <input_file_ref idref="fl-5"/>
      </object_component>
      <object_component id="oc-181">
         <name>.debug_info</name>
         <load_address>0x29f1</load_address>
         <run_address>0x29f1</run_address>
         <size>0x105</size>
         <input_file_ref idref="fl-5"/>
      </object_component>
      <object_component id="oc-187">
         <name>.debug_info</name>
         <load_address>0x2af6</load_address>
         <run_address>0x2af6</run_address>
         <size>0x105</size>
         <input_file_ref idref="fl-5"/>
      </object_component>
      <object_component id="oc-18d">
         <name>.debug_info</name>
         <load_address>0x2bfb</load_address>
         <run_address>0x2bfb</run_address>
         <size>0x105</size>
         <input_file_ref idref="fl-5"/>
      </object_component>
      <object_component id="oc-193">
         <name>.debug_info</name>
         <load_address>0x2d00</load_address>
         <run_address>0x2d00</run_address>
         <size>0x105</size>
         <input_file_ref idref="fl-5"/>
      </object_component>
      <object_component id="oc-199">
         <name>.debug_info</name>
         <load_address>0x2e05</load_address>
         <run_address>0x2e05</run_address>
         <size>0x105</size>
         <input_file_ref idref="fl-5"/>
      </object_component>
      <object_component id="oc-19f">
         <name>.debug_info</name>
         <load_address>0x2f0a</load_address>
         <run_address>0x2f0a</run_address>
         <size>0x105</size>
         <input_file_ref idref="fl-5"/>
      </object_component>
      <object_component id="oc-1a5">
         <name>.debug_info</name>
         <load_address>0x300f</load_address>
         <run_address>0x300f</run_address>
         <size>0x103</size>
         <input_file_ref idref="fl-5"/>
      </object_component>
      <object_component id="oc-1ab">
         <name>.debug_info</name>
         <load_address>0x3112</load_address>
         <run_address>0x3112</run_address>
         <size>0x103</size>
         <input_file_ref idref="fl-5"/>
      </object_component>
      <object_component id="oc-1b1">
         <name>.debug_info</name>
         <load_address>0x3215</load_address>
         <run_address>0x3215</run_address>
         <size>0x109</size>
         <input_file_ref idref="fl-5"/>
      </object_component>
      <object_component id="oc-1b7">
         <name>.debug_info</name>
         <load_address>0x331e</load_address>
         <run_address>0x331e</run_address>
         <size>0x109</size>
         <input_file_ref idref="fl-5"/>
      </object_component>
      <object_component id="oc-1bd">
         <name>.debug_info</name>
         <load_address>0x3427</load_address>
         <run_address>0x3427</run_address>
         <size>0x109</size>
         <input_file_ref idref="fl-5"/>
      </object_component>
      <object_component id="oc-1c3">
         <name>.debug_info</name>
         <load_address>0x3530</load_address>
         <run_address>0x3530</run_address>
         <size>0x109</size>
         <input_file_ref idref="fl-5"/>
      </object_component>
      <object_component id="oc-1c9">
         <name>.debug_info</name>
         <load_address>0x3639</load_address>
         <run_address>0x3639</run_address>
         <size>0x109</size>
         <input_file_ref idref="fl-5"/>
      </object_component>
      <object_component id="oc-1cf">
         <name>.debug_info</name>
         <load_address>0x3742</load_address>
         <run_address>0x3742</run_address>
         <size>0x109</size>
         <input_file_ref idref="fl-5"/>
      </object_component>
      <object_component id="oc-1d5">
         <name>.debug_info</name>
         <load_address>0x384b</load_address>
         <run_address>0x384b</run_address>
         <size>0x109</size>
         <input_file_ref idref="fl-5"/>
      </object_component>
      <object_component id="oc-1db">
         <name>.debug_info</name>
         <load_address>0x3954</load_address>
         <run_address>0x3954</run_address>
         <size>0x109</size>
         <input_file_ref idref="fl-5"/>
      </object_component>
      <object_component id="oc-1e1">
         <name>.debug_info</name>
         <load_address>0x3a5d</load_address>
         <run_address>0x3a5d</run_address>
         <size>0x109</size>
         <input_file_ref idref="fl-5"/>
      </object_component>
      <object_component id="oc-1e7">
         <name>.debug_info</name>
         <load_address>0x3b66</load_address>
         <run_address>0x3b66</run_address>
         <size>0x109</size>
         <input_file_ref idref="fl-5"/>
      </object_component>
      <object_component id="oc-1ed">
         <name>.debug_info</name>
         <load_address>0x3c6f</load_address>
         <run_address>0x3c6f</run_address>
         <size>0x103</size>
         <input_file_ref idref="fl-5"/>
      </object_component>
      <object_component id="oc-1f3">
         <name>.debug_info</name>
         <load_address>0x3d72</load_address>
         <run_address>0x3d72</run_address>
         <size>0x10d</size>
         <input_file_ref idref="fl-5"/>
      </object_component>
      <object_component id="oc-1f9">
         <name>.debug_info</name>
         <load_address>0x3e7f</load_address>
         <run_address>0x3e7f</run_address>
         <size>0x103</size>
         <input_file_ref idref="fl-5"/>
      </object_component>
      <object_component id="oc-1ff">
         <name>.debug_info</name>
         <load_address>0x3f82</load_address>
         <run_address>0x3f82</run_address>
         <size>0x10d</size>
         <input_file_ref idref="fl-5"/>
      </object_component>
      <object_component id="oc-205">
         <name>.debug_info</name>
         <load_address>0x408f</load_address>
         <run_address>0x408f</run_address>
         <size>0x109</size>
         <input_file_ref idref="fl-5"/>
      </object_component>
      <object_component id="oc-20b">
         <name>.debug_info</name>
         <load_address>0x4198</load_address>
         <run_address>0x4198</run_address>
         <size>0x109</size>
         <input_file_ref idref="fl-5"/>
      </object_component>
      <object_component id="oc-211">
         <name>.debug_info</name>
         <load_address>0x42a1</load_address>
         <run_address>0x42a1</run_address>
         <size>0x105</size>
         <input_file_ref idref="fl-5"/>
      </object_component>
      <object_component id="oc-217">
         <name>.debug_info</name>
         <load_address>0x43a6</load_address>
         <run_address>0x43a6</run_address>
         <size>0x105</size>
         <input_file_ref idref="fl-5"/>
      </object_component>
      <object_component id="oc-21d">
         <name>.debug_info</name>
         <load_address>0x44ab</load_address>
         <run_address>0x44ab</run_address>
         <size>0x10b</size>
         <input_file_ref idref="fl-5"/>
      </object_component>
      <object_component id="oc-223">
         <name>.debug_info</name>
         <load_address>0x45b6</load_address>
         <run_address>0x45b6</run_address>
         <size>0x105</size>
         <input_file_ref idref="fl-5"/>
      </object_component>
      <object_component id="oc-229">
         <name>.debug_info</name>
         <load_address>0x46bb</load_address>
         <run_address>0x46bb</run_address>
         <size>0x105</size>
         <input_file_ref idref="fl-5"/>
      </object_component>
      <object_component id="oc-22f">
         <name>.debug_info</name>
         <load_address>0x47c0</load_address>
         <run_address>0x47c0</run_address>
         <size>0x105</size>
         <input_file_ref idref="fl-5"/>
      </object_component>
      <object_component id="oc-235">
         <name>.debug_info</name>
         <load_address>0x48c5</load_address>
         <run_address>0x48c5</run_address>
         <size>0x105</size>
         <input_file_ref idref="fl-5"/>
      </object_component>
      <object_component id="oc-23b">
         <name>.debug_info</name>
         <load_address>0x49ca</load_address>
         <run_address>0x49ca</run_address>
         <size>0x105</size>
         <input_file_ref idref="fl-5"/>
      </object_component>
      <object_component id="oc-241">
         <name>.debug_info</name>
         <load_address>0x4acf</load_address>
         <run_address>0x4acf</run_address>
         <size>0x105</size>
         <input_file_ref idref="fl-5"/>
      </object_component>
      <object_component id="oc-247">
         <name>.debug_info</name>
         <load_address>0x4bd4</load_address>
         <run_address>0x4bd4</run_address>
         <size>0x105</size>
         <input_file_ref idref="fl-5"/>
      </object_component>
      <object_component id="oc-24d">
         <name>.debug_info</name>
         <load_address>0x4cd9</load_address>
         <run_address>0x4cd9</run_address>
         <size>0x101</size>
         <input_file_ref idref="fl-5"/>
      </object_component>
      <object_component id="oc-253">
         <name>.debug_info</name>
         <load_address>0x4dda</load_address>
         <run_address>0x4dda</run_address>
         <size>0x113</size>
         <input_file_ref idref="fl-5"/>
      </object_component>
      <object_component id="oc-259">
         <name>.debug_info</name>
         <load_address>0x4eed</load_address>
         <run_address>0x4eed</run_address>
         <size>0x115</size>
         <input_file_ref idref="fl-5"/>
      </object_component>
      <object_component id="oc-25f">
         <name>.debug_info</name>
         <load_address>0x5002</load_address>
         <run_address>0x5002</run_address>
         <size>0x109</size>
         <input_file_ref idref="fl-5"/>
      </object_component>
      <object_component id="oc-265">
         <name>.debug_info</name>
         <load_address>0x510b</load_address>
         <run_address>0x510b</run_address>
         <size>0x109</size>
         <input_file_ref idref="fl-5"/>
      </object_component>
      <object_component id="oc-26b">
         <name>.debug_info</name>
         <load_address>0x5214</load_address>
         <run_address>0x5214</run_address>
         <size>0x109</size>
         <input_file_ref idref="fl-5"/>
      </object_component>
      <object_component id="oc-271">
         <name>.debug_info</name>
         <load_address>0x531d</load_address>
         <run_address>0x531d</run_address>
         <size>0x109</size>
         <input_file_ref idref="fl-5"/>
      </object_component>
      <object_component id="oc-277">
         <name>.debug_info</name>
         <load_address>0x5426</load_address>
         <run_address>0x5426</run_address>
         <size>0x109</size>
         <input_file_ref idref="fl-5"/>
      </object_component>
      <object_component id="oc-27d">
         <name>.debug_info</name>
         <load_address>0x552f</load_address>
         <run_address>0x552f</run_address>
         <size>0x103</size>
         <input_file_ref idref="fl-5"/>
      </object_component>
      <object_component id="oc-283">
         <name>.debug_info</name>
         <load_address>0x5632</load_address>
         <run_address>0x5632</run_address>
         <size>0x107</size>
         <input_file_ref idref="fl-5"/>
      </object_component>
      <object_component id="oc-289">
         <name>.debug_info</name>
         <load_address>0x5739</load_address>
         <run_address>0x5739</run_address>
         <size>0x107</size>
         <input_file_ref idref="fl-5"/>
      </object_component>
      <object_component id="oc-28f">
         <name>.debug_info</name>
         <load_address>0x5840</load_address>
         <run_address>0x5840</run_address>
         <size>0x107</size>
         <input_file_ref idref="fl-5"/>
      </object_component>
      <object_component id="oc-295">
         <name>.debug_info</name>
         <load_address>0x5947</load_address>
         <run_address>0x5947</run_address>
         <size>0x107</size>
         <input_file_ref idref="fl-5"/>
      </object_component>
      <object_component id="oc-29b">
         <name>.debug_info</name>
         <load_address>0x5a4e</load_address>
         <run_address>0x5a4e</run_address>
         <size>0x107</size>
         <input_file_ref idref="fl-5"/>
      </object_component>
      <object_component id="oc-2a1">
         <name>.debug_info</name>
         <load_address>0x5b55</load_address>
         <run_address>0x5b55</run_address>
         <size>0x103</size>
         <input_file_ref idref="fl-5"/>
      </object_component>
      <object_component id="oc-2a7">
         <name>.debug_info</name>
         <load_address>0x5c58</load_address>
         <run_address>0x5c58</run_address>
         <size>0x105</size>
         <input_file_ref idref="fl-5"/>
      </object_component>
      <object_component id="oc-2ad">
         <name>.debug_info</name>
         <load_address>0x5d5d</load_address>
         <run_address>0x5d5d</run_address>
         <size>0x103</size>
         <input_file_ref idref="fl-5"/>
      </object_component>
      <object_component id="oc-2b3">
         <name>.debug_info</name>
         <load_address>0x5e60</load_address>
         <run_address>0x5e60</run_address>
         <size>0x10b</size>
         <input_file_ref idref="fl-5"/>
      </object_component>
      <object_component id="oc-2b9">
         <name>.debug_info</name>
         <load_address>0x5f6b</load_address>
         <run_address>0x5f6b</run_address>
         <size>0x105</size>
         <input_file_ref idref="fl-5"/>
      </object_component>
      <object_component id="oc-2bf">
         <name>.debug_info</name>
         <load_address>0x6070</load_address>
         <run_address>0x6070</run_address>
         <size>0x105</size>
         <input_file_ref idref="fl-5"/>
      </object_component>
      <object_component id="oc-2c5">
         <name>.debug_info</name>
         <load_address>0x6175</load_address>
         <run_address>0x6175</run_address>
         <size>0x105</size>
         <input_file_ref idref="fl-5"/>
      </object_component>
      <object_component id="oc-2cb">
         <name>.debug_info</name>
         <load_address>0x627a</load_address>
         <run_address>0x627a</run_address>
         <size>0x113</size>
         <input_file_ref idref="fl-5"/>
      </object_component>
      <object_component id="oc-2d1">
         <name>.debug_info</name>
         <load_address>0x638d</load_address>
         <run_address>0x638d</run_address>
         <size>0x117</size>
         <input_file_ref idref="fl-5"/>
      </object_component>
      <object_component id="oc-2d7">
         <name>.debug_info</name>
         <load_address>0x64a4</load_address>
         <run_address>0x64a4</run_address>
         <size>0x113</size>
         <input_file_ref idref="fl-5"/>
      </object_component>
      <object_component id="oc-2dd">
         <name>.debug_info</name>
         <load_address>0x65b7</load_address>
         <run_address>0x65b7</run_address>
         <size>0x113</size>
         <input_file_ref idref="fl-5"/>
      </object_component>
      <object_component id="oc-2e3">
         <name>.debug_info</name>
         <load_address>0x66ca</load_address>
         <run_address>0x66ca</run_address>
         <size>0x113</size>
         <input_file_ref idref="fl-5"/>
      </object_component>
      <object_component id="oc-2e9">
         <name>.debug_info</name>
         <load_address>0x67dd</load_address>
         <run_address>0x67dd</run_address>
         <size>0x10f</size>
         <input_file_ref idref="fl-5"/>
      </object_component>
      <object_component id="oc-2ef">
         <name>.debug_info</name>
         <load_address>0x68ec</load_address>
         <run_address>0x68ec</run_address>
         <size>0x109</size>
         <input_file_ref idref="fl-5"/>
      </object_component>
      <object_component id="oc-447">
         <name>.debug_info</name>
         <load_address>0x69f5</load_address>
         <run_address>0x69f5</run_address>
         <size>0xf5</size>
         <input_file_ref idref="fl-7"/>
      </object_component>
      <object_component id="oc-39d">
         <name>.debug_info</name>
         <load_address>0x6aea</load_address>
         <run_address>0x6aea</run_address>
         <size>0xf2</size>
         <input_file_ref idref="fl-7"/>
      </object_component>
      <object_component id="oc-489">
         <name>.debug_info</name>
         <load_address>0x6bdc</load_address>
         <run_address>0x6bdc</run_address>
         <size>0xe8</size>
         <input_file_ref idref="fl-7"/>
      </object_component>
      <object_component id="oc-4e1">
         <name>.debug_info</name>
         <load_address>0x6cc4</load_address>
         <run_address>0x6cc4</run_address>
         <size>0xeb</size>
         <input_file_ref idref="fl-7"/>
      </object_component>
      <object_component id="oc-4e4">
         <name>.debug_info</name>
         <load_address>0x6daf</load_address>
         <run_address>0x6daf</run_address>
         <size>0xeb</size>
         <input_file_ref idref="fl-7"/>
      </object_component>
      <object_component id="oc-48d">
         <name>.debug_info</name>
         <load_address>0x6e9a</load_address>
         <run_address>0x6e9a</run_address>
         <size>0xef</size>
         <input_file_ref idref="fl-7"/>
      </object_component>
      <object_component id="oc-4af">
         <name>.debug_info</name>
         <load_address>0x6f89</load_address>
         <run_address>0x6f89</run_address>
         <size>0xef</size>
         <input_file_ref idref="fl-7"/>
      </object_component>
      <object_component id="oc-44e">
         <name>.debug_info</name>
         <load_address>0x7078</load_address>
         <run_address>0x7078</run_address>
         <size>0xee</size>
         <input_file_ref idref="fl-7"/>
      </object_component>
      <object_component id="oc-3c6">
         <name>.debug_info</name>
         <load_address>0x7166</load_address>
         <run_address>0x7166</run_address>
         <size>0xf4</size>
         <input_file_ref idref="fl-7"/>
      </object_component>
      <object_component id="oc-440">
         <name>.debug_info</name>
         <load_address>0x725a</load_address>
         <run_address>0x725a</run_address>
         <size>0xf4</size>
         <input_file_ref idref="fl-7"/>
      </object_component>
      <object_component id="oc-3af">
         <name>.debug_info</name>
         <load_address>0x734e</load_address>
         <run_address>0x734e</run_address>
         <size>0x10b</size>
         <input_file_ref idref="fl-9"/>
      </object_component>
      <object_component id="oc-a0">
         <name>.debug_info</name>
         <load_address>0x7459</load_address>
         <run_address>0x7459</run_address>
         <size>0xf1</size>
         <input_file_ref idref="fl-a"/>
      </object_component>
      <object_component id="oc-3b6">
         <name>.debug_info</name>
         <load_address>0x754a</load_address>
         <run_address>0x754a</run_address>
         <size>0x149</size>
         <input_file_ref idref="fl-a"/>
      </object_component>
      <object_component id="oc-3a2">
         <name>.debug_info</name>
         <load_address>0x7693</load_address>
         <run_address>0x7693</run_address>
         <size>0x14a</size>
         <input_file_ref idref="fl-c"/>
      </object_component>
      <object_component id="oc-439">
         <name>.debug_info</name>
         <load_address>0x77dd</load_address>
         <run_address>0x77dd</run_address>
         <size>0x11d</size>
         <input_file_ref idref="fl-c"/>
      </object_component>
      <object_component id="oc-42c">
         <name>.debug_info</name>
         <load_address>0x78fa</load_address>
         <run_address>0x78fa</run_address>
         <size>0x11c</size>
         <input_file_ref idref="fl-c"/>
      </object_component>
      <object_component id="oc-432">
         <name>.debug_info</name>
         <load_address>0x7a16</load_address>
         <run_address>0x7a16</run_address>
         <size>0x277</size>
         <input_file_ref idref="fl-c"/>
      </object_component>
      <object_component id="oc-490">
         <name>.debug_info</name>
         <load_address>0x7c8d</load_address>
         <run_address>0x7c8d</run_address>
         <size>0x111</size>
         <input_file_ref idref="fl-c"/>
      </object_component>
      <object_component id="oc-497">
         <name>.debug_info</name>
         <load_address>0x7d9e</load_address>
         <run_address>0x7d9e</run_address>
         <size>0x111</size>
         <input_file_ref idref="fl-c"/>
      </object_component>
      <object_component id="oc-4d9">
         <name>.debug_info</name>
         <load_address>0x7eaf</load_address>
         <run_address>0x7eaf</run_address>
         <size>0x139</size>
         <input_file_ref idref="fl-c"/>
      </object_component>
      <object_component id="oc-49c">
         <name>.debug_info</name>
         <load_address>0x7fe8</load_address>
[...]
      <symbol id="sm-3f0">
         <name>EQEP1_ISR</name>
         <value>0xa8f0</value>
         <object_component_ref idref="oc-198"/>
      </symbol>
      <symbol id="sm-3f1">
         <name>NOTUSED_ISR</name>
         <value>0xa9cc</value>
         <object_component_ref idref="oc-2ee"/>
      </symbol>
      <symbol id="sm-3f2">
         <name>LINA_1_ISR</name>
         <value>0xa99a</value>
         <object_component_ref idref="oc-288"/>
      </symbol>
      <symbol id="sm-3f3">
         <name>SPIA_RX_ISR</name>
         <value>0xaa1c</value>
         <object_component_ref idref="oc-1b0"/>
      </symbol>
      <symbol id="sm-3f4">
         <name>SPIA_TX_ISR</name>
         <value>0xaa26</value>
         <object_component_ref idref="oc-1b6"/>
      </symbol>
      <symbol id="sm-3f5">
         <name>EPWM5_ISR</name>
         <value>0xa8b4</value>
         <object_component_ref idref="oc-174"/>
      </symbol>
      <symbol id="sm-3f6">
         <name>DMA_CH6_ISR</name>
         <value>0xa828</value>
         <object_component_ref idref="oc-1e6"/>
      </symbol>
      <symbol id="sm-3f7">
         <name>FPU_UNDERFLOW_ISR</name>
         <value>0xa922</value>
         <object_component_ref idref="oc-258"/>
      </symbol>
      <symbol id="sm-3f8">
         <name>USER5_ISR</name>
         <value>0xaab2</value>
         <object_component_ref idref="oc-de"/>
      </symbol>
      <symbol id="sm-3f9">
         <name>EQEP2_ISR</name>
         <value>0xa8fa</value>
         <object_component_ref idref="oc-19e"/>
      </symbol>
      <symbol id="sm-3fa">
         <name>CLB1_ISR</name>
         <value>0xa7c4</value>
         <object_component_ref idref="oc-1a4"/>
      </symbol>
      <symbol id="sm-3fb">
         <name>EPWM4_TZ_ISR</name>
         <value>0xa8aa</value>
         <object_component_ref idref="oc-144"/>
      </symbol>
      <symbol id="sm-3fc">
         <name>FSITXA1_ISR</name>
         <value>0xa940</value>
         <object_component_ref idref="oc-264"/>
      </symbol>
      <symbol id="sm-3fd">
         <name>EPWM3_TZ_ISR</name>
         <value>0xa896</value>
         <object_component_ref idref="oc-13e"/>
      </symbol>
      <symbol id="sm-3fe">
         <name>EPWM6_ISR</name>
         <value>0xa8c8</value>
         <object_component_ref idref="oc-17a"/>
      </symbol>
      <symbol id="sm-3ff">
         <name>RAM_ACC_VIOL_ISR</name>
         <value>0xa9ea</value>
         <object_component_ref idref="oc-2d6"/>
      </symbol>
      <symbol id="sm-400">
         <name>EMU_ISR</name>
         <value>0xa85a</value>
         <object_component_ref idref="oc-b4"/>
      </symbol>
      <symbol id="sm-401">
         <name>USER11_ISR</name>
         <value>0xaa76</value>
         <object_component_ref idref="oc-102"/>
      </symbol>
      <symbol id="sm-402">
         <name>USER4_ISR</name>
         <value>0xaaa8</value>
         <object_component_ref idref="oc-d8"/>
      </symbol>
      <symbol id="sm-403">
         <name>BGCRC_ISR</name>
         <value>0xa7a6</value>
         <object_component_ref idref="oc-2a6"/>
      </symbol>
      <symbol id="sm-404">
         <name>SCIA_RX_ISR</name>
         <value>0xaa08</value>
         <object_component_ref idref="oc-204"/>
      </symbol>
      <symbol id="sm-405">
         <name>SCIA_TX_ISR</name>
         <value>0xaa12</value>
         <object_component_ref idref="oc-20a"/>
      </symbol>
      <symbol id="sm-406">
         <name>CLB2_ISR</name>
         <value>0xa7ce</value>
         <object_component_ref idref="oc-1aa"/>
      </symbol>
      <symbol id="sm-407">
         <name>ECAP1_ISR</name>
         <value>0xa832</value>
         <object_component_ref idref="oc-186"/>
      </symbol>
      <symbol id="sm-408">
         <name>ADCA4_ISR</name>
         <value>0xa760</value>
         <object_component_ref idref="oc-22e"/>
      </symbol>
      <symbol id="sm-409">
         <name>FPU_OVERFLOW_ISR</name>
         <value>0xa918</value>
         <object_component_ref idref="oc-252"/>
      </symbol>
      <symbol id="sm-40a">
         <name>ADCC4_ISR</name>
         <value>0xa792</value>
         <object_component_ref idref="oc-2c4"/>
      </symbol>
      <symbol id="sm-40b">
         <name>FSITXA2_ISR</name>
         <value>0xa94a</value>
         <object_component_ref idref="oc-26a"/>
      </symbol>
      <symbol id="sm-40c">
         <name>EPWM7_ISR</name>
         <value>0xa8dc</value>
         <object_component_ref idref="oc-180"/>
      </symbol>
      <symbol id="sm-40d">
         <name>USER10_ISR</name>
         <value>0xaa6c</value>
         <object_component_ref idref="oc-fc"/>
      </symbol>
      <symbol id="sm-40e">
         <name>XINT1_ISR</name>
         <value>0xaaee</value>
         <object_component_ref idref="oc-11a"/>
      </symbol>
      <symbol id="sm-40f">
         <name>USER7_ISR</name>
         <value>0xaac6</value>
         <object_component_ref idref="oc-ea"/>
      </symbol>
      <symbol id="sm-410">
         <name>USER9_ISR</name>
         <value>0xaada</value>
         <object_component_ref idref="oc-f6"/>
      </symbol>
      <symbol id="sm-411">
         <name>ECAP2_ISR</name>
         <value>0xa83c</value>
         <object_component_ref idref="oc-18c"/>
      </symbol>
      <symbol id="sm-412">
         <name>EPWM5_TZ_ISR</name>
         <value>0xa8be</value>
         <object_component_ref idref="oc-14a"/>
      </symbol>
      <symbol id="sm-413">
         <name>I2CB_FIFO_ISR</name>
         <value>0xa972</value>
         <object_component_ref idref="oc-1fe"/>
      </symbol>
      <symbol id="sm-414">
         <name>DMA_CH1_ISR</name>
         <value>0xa7f6</value>
         <object_component_ref idref="oc-1c8"/>
      </symbol>
      <symbol id="sm-415">
         <name>USER6_ISR</name>
         <value>0xaabc</value>
         <object_component_ref idref="oc-e4"/>
      </symbol>
      <symbol id="sm-416">
         <name>USER8_ISR</name>
         <value>0xaad0</value>
         <object_component_ref idref="oc-f0"/>
      </symbol>
      <symbol id="sm-417">
         <name>SPIB_RX_ISR</name>
         <value>0xaa30</value>
         <object_component_ref idref="oc-1bc"/>
      </symbol>
      <symbol id="sm-418">
         <name>SPIB_TX_ISR</name>
         <value>0xaa3a</value>
         <object_component_ref idref="oc-1c2"/>
      </symbol>
      <symbol id="sm-419">
         <name>ECAP3_ISR</name>
         <value>0xa850</value>
         <object_component_ref idref="oc-192"/>
      </symbol>
      <symbol id="sm-41a">
         <name>EPWM1_ISR</name>
         <value>0xa864</value>
         <object_component_ref idref="oc-15c"/>
      </symbol>
      <symbol id="sm-41b">
         <name>DMA_CH2_ISR</name>
         <value>0xa800</value>
         <object_component_ref idref="oc-1ce"/>
      </symbol>
      <symbol id="sm-41c">
         <name>USER12_ISR</name>
         <value>0xaa80</value>
         <object_component_ref idref="oc-108"/>
      </symbol>
      <symbol id="sm-41d">
         <name>XINT3_ISR</name>
         <value>0xab02</value>
         <object_component_ref idref="oc-234"/>
      </symbol>
      <symbol id="sm-41e">
         <name>USER1_ISR</name>
         <value>0xaa8a</value>
         <object_component_ref idref="oc-c6"/>
      </symbol>
      <symbol id="sm-41f">
         <name>I2CA_ISR</name>
         <value>0xa968</value>
         <object_component_ref idref="oc-1ec"/>
      </symbol>
      <symbol id="sm-420">
         <name>HICA_ISR</name>
         <value>0xa954</value>
         <object_component_ref idref="oc-2ac"/>
      </symbol>
      <symbol id="sm-421">
         <name>CANA0_ISR</name>
         <value>0xa7b0</value>
         <object_component_ref idref="oc-210"/>
      </symbol>
      <symbol id="sm-422">
         <name>LINB_0_ISR</name>
         <value>0xa9a4</value>
         <object_component_ref idref="oc-28e"/>
      </symbol>
      <symbol id="sm-423">
         <name>FSIRXA1_ISR</name>
         <value>0xa92c</value>
         <object_component_ref idref="oc-270"/>
      </symbol>
      <symbol id="sm-424">
         <name>EPWM1_TZ_ISR</name>
         <value>0xa86e</value>
         <object_component_ref idref="oc-132"/>
      </symbol>
      <symbol id="sm-425">
         <name>I2CA_FIFO_ISR</name>
         <value>0xa95e</value>
         <object_component_ref idref="oc-1f2"/>
      </symbol>
      <symbol id="sm-426">
         <name>EPWM2_ISR</name>
         <value>0xa878</value>
         <object_component_ref idref="oc-162"/>
      </symbol>
      <symbol id="sm-427">
         <name>DMA_CH3_ISR</name>
         <value>0xa80a</value>
         <object_component_ref idref="oc-1d4"/>
      </symbol>
      <symbol id="sm-428">
         <name>FMC_ISR</name>
         <value>0xa90e</value>
         <object_component_ref idref="oc-24c"/>
      </symbol>
      <symbol id="sm-429">
         <name>ADCC_EVT_ISR</name>
         <value>0xa79c</value>
         <object_component_ref idref="oc-2b2"/>
      </symbol>
      <symbol id="sm-42a">
         <name>DATALOG_ISR</name>
         <value>0xa7d8</value>
         <object_component_ref idref="oc-a8"/>
      </symbol>
      <symbol id="sm-42b">
         <name>XINT2_ISR</name>
         <value>0xaaf8</value>
         <object_component_ref idref="oc-120"/>
      </symbol>
      <symbol id="sm-42c">
         <name>PIE_RESERVED_ISR</name>
         <value>0xa9d6</value>
         <object_component_ref idref="oc-2e2"/>
      </symbol>
      <symbol id="sm-42d">
         <name>FLASH_CORR_ERR_ISR</name>
         <value>0xa904</value>
         <object_component_ref idref="oc-2d0"/>
      </symbol>
      <symbol id="sm-42e">
         <name>I2CB_ISR</name>
         <value>0xa97c</value>
         <object_component_ref idref="oc-1f8"/>
      </symbol>
      <symbol id="sm-42f">
         <name>CANA1_ISR</name>
         <value>0xa7ba</value>
         <object_component_ref idref="oc-216"/>
      </symbol>
      <symbol id="sm-430">
         <name>LINB_1_ISR</name>
         <value>0xa9ae</value>
         <object_component_ref idref="oc-294"/>
      </symbol>
      <symbol id="sm-431">
         <name>FSIRXA2_ISR</name>
         <value>0xa936</value>
         <object_component_ref idref="oc-276"/>
      </symbol>
      <symbol id="sm-432">
         <name>ILLEGAL_ISR</name>
         <value>0xa986</value>
         <object_component_ref idref="oc-c0"/>
      </symbol>
      <symbol id="sm-433">
         <name>EPWM3_ISR</name>
         <value>0xa88c</value>
         <object_component_ref idref="oc-168"/>
      </symbol>
      <symbol id="sm-434">
         <name>TIMER0_ISR</name>
         <value>0xaa4e</value>
         <object_component_ref idref="oc-126"/>
      </symbol>
      <symbol id="sm-435">
         <name>USER3_ISR</name>
         <value>0xaa9e</value>
         <object_component_ref idref="oc-d2"/>
      </symbol>
      <symbol id="sm-46e">
         <name>ClkCfgRegs</name>
         <value>0x5d200</value>
         <object_component_ref idref="oc-48c"/>
      </symbol>
      <symbol id="sm-46f">
         <name>PieVectTable</name>
         <value>0xd00</value>
         <object_component_ref idref="oc-3c5"/>
      </symbol>
      <symbol id="sm-470">
         <name>GpioCtrlRegs</name>
         <value>0x7c00</value>
         <object_component_ref idref="oc-43f"/>
      </symbol>
      <symbol id="sm-471">
         <name>Dcc0Regs</name>
         <value>0x5e700</value>
         <object_component_ref idref="oc-4e0"/>
      </symbol>
      <symbol id="sm-472">
         <name>CpuSysRegs</name>
         <value>0x5d300</value>
         <object_component_ref idref="oc-4ae"/>
      </symbol>
      <symbol id="sm-473">
         <name>Dcc1Regs</name>
         <value>0x5e740</value>
         <object_component_ref idref="oc-4e3"/>
      </symbol>
      <symbol id="sm-474">
         <name>CpuTimer1Regs</name>
         <value>0xc08</value>
         <object_component_ref idref="oc-446"/>
      </symbol>
      <symbol id="sm-475">
         <name>PieCtrlRegs</name>
         <value>0xce0</value>
         <object_component_ref idref="oc-39c"/>
      </symbol>
      <symbol id="sm-476">
         <name>WdRegs</name>
         <value>0x7000</value>
         <object_component_ref idref="oc-488"/>
      </symbol>
      <symbol id="sm-477">
         <name>EPwm1Regs</name>
         <value>0x4000</value>
         <object_component_ref idref="oc-44d"/>
      </symbol>
      <symbol id="sm-485">
         <name>InitPieCtrl</name>
         <value>0xa619</value>
         <object_component_ref idref="oc-3ad"/>
      </symbol>
      <symbol id="sm-499">
         <name>InitPieVectTable</name>
         <value>0xa5d4</value>
         <object_component_ref idref="oc-3b3"/>
      </symbol>
      <symbol id="sm-49a">
         <name>PieVectTableInit</name>
         <value>0xa040</value>
         <object_component_ref idref="oc-9f"/>
      </symbol>
      <symbol id="sm-518">
         <name>ComputeCntrSeedValue</name>
         <value>0xa386</value>
         <object_component_ref idref="oc-4eb"/>
      </symbol>
      <symbol id="sm-519">
         <name>IsPLLValid</name>
         <value>0xa2e6</value>
         <object_component_ref idref="oc-4a7"/>
      </symbol>
      <symbol id="sm-51a">
         <name>InitPeripheralClocks</name>
         <value>0xa49c</value>
         <object_component_ref idref="oc-437"/>
      </symbol>
      <symbol id="sm-51b">
         <name>SysIntOsc1Sel</name>
         <value>0xab20</value>
         <object_component_ref idref="oc-48f"/>
      </symbol>
      <symbol id="sm-51c">
         <name>SysXtalOscSel</name>
         <value>0xa5f9</value>
         <object_component_ref idref="oc-49b"/>
      </symbol>
      <symbol id="sm-51d">
         <name>SysXtalOscSESel</name>
         <value>0xa6d1</value>
         <object_component_ref idref="oc-4a1"/>
      </symbol>
      <symbol id="sm-51e">
         <name>InitSysCtrl</name>
         <value>0xa6fb</value>
         <object_component_ref idref="oc-3a1"/>
      </symbol>
      <symbol id="sm-51f">
         <name>DisableDog</name>
         <value>0xa70f</value>
         <object_component_ref idref="oc-42b"/>
      </symbol>
      <symbol id="sm-520">
         <name>InitSysPll</name>
         <value>0xa200</value>
         <object_component_ref idref="oc-431"/>
      </symbol>
      <symbol id="sm-521">
         <name>SysIntOsc2Sel</name>
         <value>0xab42</value>
         <object_component_ref idref="oc-495"/>
      </symbol>
      <symbol id="sm-529">
         <name>F28x_usDelay</name>
         <value>0x128</value>
         <object_component_ref idref="oc-4ff"/>
      </symbol>
      <symbol id="sm-55f">
         <name>cpu_timer1_isr</name>
         <value>0xa6e6</value>
         <object_component_ref idref="oc-2f4"/>
      </symbol>
      <symbol id="sm-560">
         <name>H2_init_ePWM</name>
         <value>0xa4e9</value>
         <object_component_ref idref="oc-3bf"/>
      </symbol>
      <symbol id="sm-561">
         <name>flag_timer1</name>
         <value>0xa022</value>
         <object_component_ref idref="oc-399"/>
      </symbol>
      <symbol id="sm-562">
         <name>main</name>
         <value>0xa68b</value>
         <object_component_ref idref="oc-40c"/>
      </symbol>
      <symbol id="sm-563">
         <name>H2_config_GPIO</name>
         <value>0xa6bc</value>
         <object_component_ref idref="oc-3a7"/>
      </symbol>
      <symbol id="sm-564">
         <name>init_system</name>
         <value>0xa51f</value>
         <object_component_ref idref="oc-2f8"/>
      </symbol>
      <symbol id="sm-565">
         <name>H2_config_timer1</name>
         <value>0xa655</value>
         <object_component_ref idref="oc-3b9"/>
      </symbol>
      <symbol id="sm-56f">
         <name>_c_int00</name>
         <value>0xa6a5</value>
         <object_component_ref idref="oc-8f"/>
      </symbol>
      <symbol id="sm-570">
         <name>__stack</name>
         <value>0x400</value>
         <object_component_ref idref="oc-300"/>
      </symbol>
      <symbol id="sm-57d">
         <name>__c28xabi_divf</name>
         <value>0xa414</value>
         <object_component_ref idref="oc-4e6"/>
      </symbol>
      <symbol id="sm-58b">
         <name>_system_pre_init</name>
         <value>0xab49</value>
         <object_component_ref idref="oc-317"/>
      </symbol>
      <symbol id="sm-59a">
         <name>__TI_auto_init_nobinit_nopinit</name>
         <value>0xa580</value>
         <object_component_ref idref="oc-3dc"/>
      </symbol>
      <symbol id="sm-5a9">
         <name>__TI_zero_init_nomemset</name>
         <value>0xa729</value>
         <object_component_ref idref="oc-30b"/>
      </symbol>
      <symbol id="sm-5b6">
         <name>__TI_decompress_none</name>
         <value>0xab32</value>
         <object_component_ref idref="oc-88"/>
      </symbol>
      <symbol id="sm-5ca">
         <name>__TI_decompress_lzss</name>
         <value>0xa550</value>
         <object_component_ref idref="oc-82"/>
      </symbol>
      <symbol id="sm-5e0">
         <name>C$$EXIT</name>
         <value>0xa5ab</value>
         <object_component_ref idref="oc-324"/>
      </symbol>
      <symbol id="sm-5e1">
         <name>abort</name>
         <value>0xa5ab</value>
         <object_component_ref idref="oc-324"/>
      </symbol>
      <symbol id="sm-5e2">
         <name>exit</name>
         <value>0xa5ad</value>
         <object_component_ref idref="oc-324"/>
      </symbol>
      <symbol id="sm-5e3">
         <name>__TI_dtors_ptr</name>
         <value>0xa01c</value>
         <object_component_ref idref="oc-414"/>
      </symbol>
      <symbol id="sm-5e4">
         <name>__TI_cleanup_ptr</name>
         <value>0xa01a</value>
         <object_component_ref idref="oc-414"/>
      </symbol>
      <symbol id="sm-5e5">
         <name>__TI_enable_exit_profile_output</name>
         <value>0xa018</value>
         <object_component_ref idref="oc-414"/>
      </symbol>
      <symbol id="sm-5fc">
         <name>_nop</name>
         <value>0xab31</value>
         <object_component_ref idref="oc-479"/>
      </symbol>
      <symbol id="sm-5fd">
         <name>_lock</name>
         <value>0xa01e</value>
         <object_component_ref idref="oc-417"/>
      </symbol>
      <symbol id="sm-5fe">
         <name>_unlock</name>
         <value>0xa020</value>
         <object_component_ref idref="oc-4cb"/>
      </symbol>
      <symbol id="sm-5ff">
         <name>_register_lock</name>
         <value>0xab2d</value>
         <object_component_ref idref="oc-479"/>
      </symbol>
      <symbol id="sm-600">
         <name>_register_unlock</name>
         <value>0xab29</value>
         <object_component_ref idref="oc-479"/>
      </symbol>
      <symbol id="sm-60f">
         <name>_args_main</name>
         <value>0xa736</value>
         <object_component_ref idref="oc-31e"/>
      </symbol>
      <symbol id="sm-623">
         <name>memcpy</name>
         <value>0xa638</value>
         <object_component_ref idref="oc-303"/>
      </symbol>
      <symbol id="sm-630">
         <name>_system_post_cinit</name>
         <value>0xab4b</value>
         <object_component_ref idref="oc-45e"/>
      </symbol>
      <symbol id="sm-632">
         <name>__c_args__</name>
         <value>0x0</value>
      </symbol>
   </symbol_table>
   <title>Link successful</title>
</link_info>
